#
# There is insufficient memory for the Java Runtime Environment to continue.
# Native memory allocation (mmap) failed to map 239075328 bytes. Error detail: G1 virtual space
# Possible reasons:
#   The system is out of physical RAM or swap space
#   This process is running with CompressedOops enabled, and the Java Heap may be blocking the growth of the native heap
# Possible solutions:
#   Reduce memory load on the system
#   Increase physical memory or swap space
#   Check if swap backing store is full
#   Decrease Java heap size (-Xmx/-Xms)
#   Decrease number of Java threads
#   Decrease Java thread stack sizes (-Xss)
#   Set larger code cache with -XX:ReservedCodeCacheSize=
#   JVM is running with Unscaled Compressed Oops mode in which the Java heap is
#     placed in the first 4GB address space. The Java Heap base address is the
#     maximum limit for the native heap growth. Please use -XX:HeapBaseMinAddress
#     to set the Java Heap base and to place the Java Heap above 4GB virtual address.
# This output file may be truncated or incomplete.
#
#  Out of Memory Error (os_windows.cpp:3714), pid=35276, tid=7268
#
# JRE version: OpenJDK Runtime Environment Temurin-21.0.10+7 (21.0.10+7) (build 21.0.10+7-LTS)
# Java VM: OpenJDK 64-Bit Server VM Temurin-21.0.10+7 (21.0.10+7-LTS, mixed mode, tiered, compressed oops, compressed class ptrs, g1 gc, windows-amd64)
# No core dump will be written. Minidumps are not enabled by default on client versions of Windows
#

---------------  S U M M A R Y ------------

Command Line: -Xms64m -Xmx2048m -Dapp.name=ltex-ls-plus -Dapp.repo=c:\Users\leost\.vscode\extensions\ltex-plus.vscode-ltex-plus-15.7.1\lib\ltex-ls-plus-18.7.0\lib -Dapp.home=c:\Users\leost\.vscode\extensions\ltex-plus.vscode-ltex-plus-15.7.1\lib\ltex-ls-plus-18.7.0 -Dbasedir=c:\Users\leost\.vscode\extensions\ltex-plus.vscode-ltex-plus-15.7.1\lib\ltex-ls-plus-18.7.0 org.bsplines.ltexls.LtexLanguageServerLauncher

Host: AMD Ryzen 7 5800HS with Radeon Graphics         , 16 cores, 15G,  Windows 11 , 64 bit Build 22621 (10.0.22621.5415)
Time: Thu Sep  3 14:45:17 2026 AUS Eastern Standard Time elapsed time: 3.543191 seconds (0d 0h 0m 3s)

---------------  T H R E A D  ---------------

Current thread (0x0000026c50f360c0):  VMThread "VM Thread"          [id=7268, stack(0x00000096cbd00000,0x00000096cbe00000) (1024K)]

Stack: [0x00000096cbd00000,0x00000096cbe00000]
Native frames: (J=compiled Java code, j=interpreted, Vv=VM code, C=native code)
V  [jvm.dll+0x6d7a39]
V  [jvm.dll+0x8b4b26]
V  [jvm.dll+0x8b70de]
V  [jvm.dll+0x8b77c3]
V  [jvm.dll+0x284346]
V  [jvm.dll+0x6d4355]
V  [jvm.dll+0x6c808a]
V  [jvm.dll+0x35edb8]
V  [jvm.dll+0x3669f6]
V  [jvm.dll+0x3b7afe]
V  [jvm.dll+0x3b7da8]
V  [jvm.dll+0x332fbc]
V  [jvm.dll+0x333047]
V  [jvm.dll+0x376e1c]
V  [jvm.dll+0x3755be]
V  [jvm.dll+0x332701]
V  [jvm.dll+0x374c2a]
V  [jvm.dll+0x8bd4b0]
V  [jvm.dll+0x8be824]
V  [jvm.dll+0x8bed50]
V  [jvm.dll+0x8beff3]
V  [jvm.dll+0x85f59d]
V  [jvm.dll+0x6d626d]
C  [ucrtbase.dll+0x29333]
C  [KERNEL32.DLL+0x1259d]
C  [ntdll.dll+0x5af78]

VM_Operation (0x00000096cb6fde00): G1CollectForAllocation, mode: safepoint, requested by thread 0x0000026c394375c0


---------------  P R O C E S S  ---------------

Threads class SMR info:
_java_thread_list=0x0000026c566da1f0, length=17, elements={
0x0000026c394375c0, 0x0000026c550882f0, 0x0000026c5508a420, 0x0000026c550a9b00,
0x0000026c550aa560, 0x0000026c550acfd0, 0x0000026c550ada30, 0x0000026c550ae7c0,
0x0000026c5509eba0, 0x0000026c551fac20, 0x0000026c553944f0, 0x0000026c5535a540,
0x0000026c55c22060, 0x0000026c554e07f0, 0x0000026c56dd8010, 0x0000026c5693bf60,
0x0000026c56be08b0
}

Java Threads: ( => current thread )
  0x0000026c394375c0 JavaThread "main"                              [_thread_blocked, id=22364, stack(0x00000096cb600000,0x00000096cb700000) (1024K)]
  0x0000026c550882f0 JavaThread "Reference Handler"          daemon [_thread_blocked, id=26760, stack(0x00000096cbe00000,0x00000096cbf00000) (1024K)]
  0x0000026c5508a420 JavaThread "Finalizer"                  daemon [_thread_blocked, id=11324, stack(0x00000096cbf00000,0x00000096cc000000) (1024K)]
  0x0000026c550a9b00 JavaThread "Signal Dispatcher"          daemon [_thread_blocked, id=9528, stack(0x00000096cc000000,0x00000096cc100000) (1024K)]
  0x0000026c550aa560 JavaThread "Attach Listener"            daemon [_thread_blocked, id=32956, stack(0x00000096cc100000,0x00000096cc200000) (1024K)]
  0x0000026c550acfd0 JavaThread "Service Thread"             daemon [_thread_blocked, id=36612, stack(0x00000096cc200000,0x00000096cc300000) (1024K)]
  0x0000026c550ada30 JavaThread "Monitor Deflation Thread"   daemon [_thread_blocked, id=40036, stack(0x00000096cc300000,0x00000096cc400000) (1024K)]
  0x0000026c550ae7c0 JavaThread "C2 CompilerThread0"         daemon [_thread_blocked, id=27128, stack(0x00000096cc400000,0x00000096cc500000) (1024K)]
  0x0000026c5509eba0 JavaThread "C1 CompilerThread0"         daemon [_thread_blocked, id=32828, stack(0x00000096cc500000,0x00000096cc600000) (1024K)]
  0x0000026c551fac20 JavaThread "C1 CompilerThread1"         daemon [_thread_blocked, id=25604, stack(0x00000096cc600000,0x00000096cc700000) (1024K)]
  0x0000026c553944f0 JavaThread "Notification Thread"        daemon [_thread_blocked, id=17308, stack(0x00000096cc700000,0x00000096cc800000) (1024K)]
  0x0000026c5535a540 JavaThread "Common-Cleaner"             daemon [_thread_blocked, id=35756, stack(0x00000096cc800000,0x00000096cc900000) (1024K)]
  0x0000026c55c22060 JavaThread "C2 CompilerThread1"         daemon [_thread_blocked, id=33504, stack(0x00000096cc900000,0x00000096cca00000) (1024K)]
  0x0000026c554e07f0 JavaThread "C2 CompilerThread2"         daemon [_thread_blocked, id=29620, stack(0x00000096cca00000,0x00000096ccb00000) (1024K)]
  0x0000026c56dd8010 JavaThread "C2 CompilerThread3"         daemon [_thread_in_native, id=23084, stack(0x00000096cd000000,0x00000096cd100000) (1024K)]
  0x0000026c5693bf60 JavaThread "C1 CompilerThread2"         daemon [_thread_blocked, id=30376, stack(0x00000096cd100000,0x00000096cd200000) (1024K)]
  0x0000026c56be08b0 JavaThread "C1 CompilerThread3"         daemon [_thread_blocked, id=12888, stack(0x00000096cda00000,0x00000096cdb00000) (1024K)]
Total: 17

Other Threads:
=>0x0000026c50f360c0 VMThread "VM Thread"                           [id=7268, stack(0x00000096cbd00000,0x00000096cbe00000) (1024K)]
  0x0000026c50eb66c0 WatcherThread "VM Periodic Task Thread"        [id=13428, stack(0x00000096cbc00000,0x00000096cbd00000) (1024K)]
  0x0000026c394913d0 WorkerThread "GC Thread#0"                     [id=24588, stack(0x00000096cb700000,0x00000096cb800000) (1024K)]
  0x0000026c5622ded0 WorkerThread "GC Thread#1"                     [id=21636, stack(0x00000096ccb00000,0x00000096ccc00000) (1024K)]
  0x0000026c5622eea0 WorkerThread "GC Thread#2"                     [id=36628, stack(0x00000096ccc00000,0x00000096ccd00000) (1024K)]
  0x0000026c5625f540 WorkerThread "GC Thread#3"                     [id=15924, stack(0x00000096ccd00000,0x00000096cce00000) (1024K)]
  0x0000026c5625f8f0 WorkerThread "GC Thread#4"                     [id=2708, stack(0x00000096cce00000,0x00000096ccf00000) (1024K)]
  0x0000026c562600a0 WorkerThread "GC Thread#5"                     [id=29312, stack(0x00000096ccf00000,0x00000096cd000000) (1024K)]
  0x0000026c566cf0e0 WorkerThread "GC Thread#6"                     [id=10408, stack(0x00000096cd200000,0x00000096cd300000) (1024K)]
  0x0000026c566d0110 WorkerThread "GC Thread#7"                     [id=36696, stack(0x00000096cd300000,0x00000096cd400000) (1024K)]
  0x0000026c56346270 WorkerThread "GC Thread#8"                     [id=36340, stack(0x00000096cd400000,0x00000096cd500000) (1024K)]
  0x0000026c56346a20 WorkerThread "GC Thread#9"                     [id=11364, stack(0x00000096cd500000,0x00000096cd600000) (1024K)]
  0x0000026c569a5000 WorkerThread "GC Thread#10"                    [id=30212, stack(0x00000096cd600000,0x00000096cd700000) (1024K)]
  0x0000026c569a6270 WorkerThread "GC Thread#11"                    [id=22652, stack(0x00000096cd700000,0x00000096cd800000) (1024K)]
  0x0000026c569a5ec0 WorkerThread "GC Thread#12"                    [id=3680, stack(0x00000096cdb00000,0x00000096cdc00000) (1024K)]
  0x0000026c394a2470 ConcurrentGCThread "G1 Main Marker"            [id=23416, stack(0x00000096cb800000,0x00000096cb900000) (1024K)]
  0x0000026c394a2e80 WorkerThread "G1 Conc#0"                       [id=26460, stack(0x00000096cb900000,0x00000096cba00000) (1024K)]
  0x0000026c569a53b0 WorkerThread "G1 Conc#1"                       [id=30956, stack(0x00000096cd800000,0x00000096cd900000) (1024K)]
  0x0000026c569a5760 WorkerThread "G1 Conc#2"                       [id=32832, stack(0x00000096cd900000,0x00000096cda00000) (1024K)]
  0x0000026c394ee460 ConcurrentGCThread "G1 Refine#0"               [id=24092, stack(0x00000096cba00000,0x00000096cbb00000) (1024K)]
  0x0000026c50d85150 ConcurrentGCThread "G1 Service"                [id=22792, stack(0x00000096cbb00000,0x00000096cbc00000) (1024K)]
Total: 21

Threads with active compile tasks:
C2 CompilerThread0  3560 3409       4       java.util.StringTokenizer::nextToken (92 bytes)
C2 CompilerThread1  3560 3451       4       org.languagetool.tokenizers.be.BelarusianWordTokenizer::tokenize (132 bytes)
C2 CompilerThread2  3560 3418 %s    4       org.languagetool.rules.spelling.SpellingCheckRule::init @ 150 (314 bytes)
C2 CompilerThread3  3560 3337       4       org.languagetool.rules.spelling.SpellingCheckRule::addIgnoreWords (173 bytes)
Total: 4

VM state: at safepoint (normal execution)

VM Mutex/Monitor currently owned by a thread:  ([mutex/lock_event])
[0x00007ffee441e560] Threads_lock - owner thread: 0x0000026c50f360c0
[0x00007ffee441e660] Heap_lock - owner thread: 0x0000026c394375c0

Heap address: 0x0000000080000000, size: 2048 MB, Compressed Oops mode: 32-bit

CDS archive(s) not mapped
Compressed class space mapped at: 0x0000000100000000-0x0000000140000000, reserved size: 1073741824
Narrow klass base: 0x0000000000000000, Narrow klass shift: 3, Narrow klass range: 0x140000000

GC Precious Log:
 CardTable entry size: 512
 Card Set container configuration: InlinePtr #cards 5 size 8 Array Of Cards #cards 12 size 40 Howl #buckets 4 coarsen threshold 1843 Howl Bitmap #cards 512 size 80 coarsen threshold 460 Card regions per heap region 1 cards per card region 2048
 CPUs: 16 total, 16 available
 Memory: 15775M
 Large Page Support: Disabled
 NUMA Support: Disabled
 Compressed Oops: Enabled (32-bit)
 Heap Region Size: 1M
 Heap Min Capacity: 64M
 Heap Initial Capacity: 64M
 Heap Max Capacity: 2G
 Pre-touch: Disabled
 Parallel Workers: 13
 Concurrent Workers: 3
 Concurrent Refinement Workers: 13
 Periodic GC: Disabled

Heap:
 garbage-first heap   total 181248K, used 118964K [0x0000000080000000, 0x0000000100000000)
  region size 1024K, 7 young (7168K), 7 survivors (7168K)
 Metaspace       used 24243K, committed 24448K, reserved 1114112K
  class space    used 2336K, committed 2432K, reserved 1048576K

Heap Regions: E=young(eden), S=young(survivor), O=old, HS=humongous(starts), HC=humongous(continues), CS=collection set, F=free, TAMS=top-at-mark-start, PB=parsable bottom
|   0|0x0000000080000000, 0x0000000080100000, 0x0000000080100000|100%| O|  |TAMS 0x0000000080000000| PB 0x0000000080000000| Untracked 
|   1|0x0000000080100000, 0x0000000080200000, 0x0000000080200000|100%| O|  |TAMS 0x0000000080100000| PB 0x0000000080100000| Untracked 
|   2|0x0000000080200000, 0x0000000080300000, 0x0000000080300000|100%| O|  |TAMS 0x0000000080200000| PB 0x0000000080200000| Untracked 
|   3|0x0000000080300000, 0x0000000080400000, 0x0000000080400000|100%| O|  |TAMS 0x0000000080300000| PB 0x0000000080300000| Untracked 
|   4|0x0000000080400000, 0x0000000080500000, 0x0000000080500000|100%| O|  |TAMS 0x0000000080400000| PB 0x0000000080400000| Untracked 
|   5|0x0000000080500000, 0x0000000080600000, 0x0000000080600000|100%| O|  |TAMS 0x0000000080500000| PB 0x0000000080500000| Untracked 
|   6|0x0000000080600000, 0x0000000080700000, 0x0000000080700000|100%| O|  |TAMS 0x0000000080600000| PB 0x0000000080600000| Untracked 
|   7|0x0000000080700000, 0x0000000080800000, 0x0000000080800000|100%| O|  |TAMS 0x0000000080700000| PB 0x0000000080700000| Untracked 
|   8|0x0000000080800000, 0x0000000080900000, 0x0000000080900000|100%|HS|  |TAMS 0x0000000080800000| PB 0x0000000080800000| Complete 
|   9|0x0000000080900000, 0x0000000080a00000, 0x0000000080a00000|100%| O|  |TAMS 0x0000000080900000| PB 0x0000000080900000| Untracked 
|  10|0x0000000080a00000, 0x0000000080b00000, 0x0000000080b00000|100%| O|  |TAMS 0x0000000080a00000| PB 0x0000000080a00000| Untracked 
|  11|0x0000000080b00000, 0x0000000080c00000, 0x0000000080c00000|100%| O|  |TAMS 0x0000000080b00000| PB 0x0000000080b00000| Untracked 
|  12|0x0000000080c00000, 0x0000000080d00000, 0x0000000080d00000|100%| O|  |TAMS 0x0000000080c00000| PB 0x0000000080c00000| Untracked 
|  13|0x0000000080d00000, 0x0000000080e00000, 0x0000000080e00000|100%| O|  |TAMS 0x0000000080d00000| PB 0x0000000080d00000| Untracked 
|  14|0x0000000080e00000, 0x0000000080f00000, 0x0000000080f00000|100%| O|  |TAMS 0x0000000080e00000| PB 0x0000000080e00000| Untracked 
|  15|0x0000000080f00000, 0x0000000081000000, 0x0000000081000000|100%| O|  |TAMS 0x0000000080f00000| PB 0x0000000080f00000| Untracked 
|  16|0x0000000081000000, 0x0000000081100000, 0x0000000081100000|100%| O|  |TAMS 0x0000000081000000| PB 0x0000000081000000| Untracked 
|  17|0x0000000081100000, 0x0000000081200000, 0x0000000081200000|100%| O|  |TAMS 0x0000000081100000| PB 0x0000000081100000| Untracked 
|  18|0x0000000081200000, 0x0000000081300000, 0x0000000081300000|100%| O|  |TAMS 0x0000000081200000| PB 0x0000000081200000| Untracked 
|  19|0x0000000081300000, 0x0000000081400000, 0x0000000081400000|100%| O|  |TAMS 0x0000000081300000| PB 0x0000000081300000| Untracked 
|  20|0x0000000081400000, 0x0000000081500000, 0x0000000081500000|100%| O|  |TAMS 0x0000000081400000| PB 0x0000000081400000| Untracked 
|  21|0x0000000081500000, 0x0000000081600000, 0x0000000081600000|100%| O|  |TAMS 0x0000000081500000| PB 0x0000000081500000| Untracked 
|  22|0x0000000081600000, 0x0000000081700000, 0x0000000081700000|100%| O|  |TAMS 0x0000000081600000| PB 0x0000000081600000| Untracked 
|  23|0x0000000081700000, 0x0000000081800000, 0x0000000081800000|100%| O|  |TAMS 0x0000000081700000| PB 0x0000000081700000| Untracked 
|  24|0x0000000081800000, 0x0000000081900000, 0x0000000081900000|100%| O|  |TAMS 0x0000000081800000| PB 0x0000000081800000| Untracked 
|  25|0x0000000081900000, 0x0000000081a00000, 0x0000000081a00000|100%|HS|  |TAMS 0x0000000081900000| PB 0x0000000081900000| Complete 
|  26|0x0000000081a00000, 0x0000000081b00000, 0x0000000081b00000|100%| O|  |TAMS 0x0000000081a00000| PB 0x0000000081a00000| Untracked 
|  27|0x0000000081b00000, 0x0000000081c00000, 0x0000000081c00000|100%| O|  |TAMS 0x0000000081b00000| PB 0x0000000081b00000| Untracked 
|  28|0x0000000081c00000, 0x0000000081d00000, 0x0000000081d00000|100%| O|  |TAMS 0x0000000081c00000| PB 0x0000000081c00000| Untracked 
|  29|0x0000000081d00000, 0x0000000081e00000, 0x0000000081e00000|100%| O|  |TAMS 0x0000000081d00000| PB 0x0000000081d00000| Untracked 
|  30|0x0000000081e00000, 0x0000000081f00000, 0x0000000081f00000|100%| O|  |TAMS 0x0000000081e00000| PB 0x0000000081e00000| Untracked 
|  31|0x0000000081f00000, 0x0000000082000000, 0x0000000082000000|100%| O|  |TAMS 0x0000000081f00000| PB 0x0000000081f00000| Untracked 
|  32|0x0000000082000000, 0x0000000082100000, 0x0000000082100000|100%| O|  |TAMS 0x0000000082000000| PB 0x0000000082000000| Untracked 
|  33|0x0000000082100000, 0x0000000082200000, 0x0000000082200000|100%| O|  |TAMS 0x0000000082100000| PB 0x0000000082100000| Untracked 
|  34|0x0000000082200000, 0x0000000082300000, 0x0000000082300000|100%| O|  |TAMS 0x0000000082200000| PB 0x0000000082200000| Untracked 
|  35|0x0000000082300000, 0x0000000082300000, 0x0000000082400000|  0%| F|  |TAMS 0x0000000082300000| PB 0x0000000082300000| Untracked 
|  36|0x0000000082400000, 0x0000000082500000, 0x0000000082500000|100%|HS|  |TAMS 0x0000000082400000| PB 0x0000000082400000| Complete 
|  37|0x0000000082500000, 0x0000000082600000, 0x0000000082600000|100%| O|  |TAMS 0x0000000082500000| PB 0x0000000082500000| Untracked 
|  38|0x0000000082600000, 0x0000000082700000, 0x0000000082700000|100%| O|  |TAMS 0x0000000082600000| PB 0x0000000082600000| Untracked 
|  39|0x0000000082700000, 0x0000000082800000, 0x0000000082800000|100%| O|  |TAMS 0x0000000082700000| PB 0x0000000082700000| Untracked 
|  40|0x0000000082800000, 0x0000000082900000, 0x0000000082900000|100%| O|  |TAMS 0x0000000082800000| PB 0x0000000082800000| Untracked 
|  41|0x0000000082900000, 0x0000000082a00000, 0x0000000082a00000|100%| O|  |TAMS 0x0000000082900000| PB 0x0000000082900000| Untracked 
|  42|0x0000000082a00000, 0x0000000082a00000, 0x0000000082b00000|  0%| F|  |TAMS 0x0000000082a00000| PB 0x0000000082a00000| Untracked 
|  43|0x0000000082b00000, 0x0000000082c00000, 0x0000000082c00000|100%| O|  |TAMS 0x0000000082b00000| PB 0x0000000082b00000| Untracked 
|  44|0x0000000082c00000, 0x0000000082d00000, 0x0000000082d00000|100%| O|  |TAMS 0x0000000082c00000| PB 0x0000000082c00000| Untracked 
|  45|0x0000000082d00000, 0x0000000082e00000, 0x0000000082e00000|100%| O|  |TAMS 0x0000000082d00000| PB 0x0000000082d00000| Untracked 
|  46|0x0000000082e00000, 0x0000000082f00000, 0x0000000082f00000|100%| O|  |TAMS 0x0000000082e00000| PB 0x0000000082e00000| Untracked 
|  47|0x0000000082f00000, 0x0000000083000000, 0x0000000083000000|100%| O|  |TAMS 0x0000000082f00000| PB 0x0000000082f00000| Untracked 
|  48|0x0000000083000000, 0x0000000083100000, 0x0000000083100000|100%| O|  |TAMS 0x0000000083000000| PB 0x0000000083000000| Untracked 
|  49|0x0000000083100000, 0x0000000083200000, 0x0000000083200000|100%| O|  |TAMS 0x0000000083100000| PB 0x0000000083100000| Untracked 
|  50|0x0000000083200000, 0x0000000083300000, 0x0000000083300000|100%| O|  |TAMS 0x0000000083200000| PB 0x0000000083200000| Untracked 
|  51|0x0000000083300000, 0x0000000083400000, 0x0000000083400000|100%| O|  |TAMS 0x0000000083300000| PB 0x0000000083300000| Untracked 
|  52|0x0000000083400000, 0x0000000083500000, 0x0000000083500000|100%| O|  |TAMS 0x0000000083400000| PB 0x0000000083400000| Untracked 
|  53|0x0000000083500000, 0x0000000083600000, 0x0000000083600000|100%| O|  |TAMS 0x0000000083500000| PB 0x0000000083500000| Untracked 
|  54|0x0000000083600000, 0x0000000083700000, 0x0000000083700000|100%| O|  |TAMS 0x0000000083600000| PB 0x0000000083600000| Untracked 
|  55|0x0000000083700000, 0x0000000083800000, 0x0000000083800000|100%| O|  |TAMS 0x0000000083700000| PB 0x0000000083700000| Untracked 
|  56|0x0000000083800000, 0x0000000083900000, 0x0000000083900000|100%| O|  |TAMS 0x0000000083800000| PB 0x0000000083800000| Untracked 
|  57|0x0000000083900000, 0x0000000083a00000, 0x0000000083a00000|100%| O|  |TAMS 0x0000000083900000| PB 0x0000000083900000| Untracked 
|  58|0x0000000083a00000, 0x0000000083b00000, 0x0000000083b00000|100%|HS|  |TAMS 0x0000000083a00000| PB 0x0000000083a00000| Complete 
|  59|0x0000000083b00000, 0x0000000083c00000, 0x0000000083c00000|100%| O|  |TAMS 0x0000000083b00000| PB 0x0000000083b00000| Untracked 
|  60|0x0000000083c00000, 0x0000000083d00000, 0x0000000083d00000|100%| O|  |TAMS 0x0000000083c00000| PB 0x0000000083c00000| Untracked 
|  61|0x0000000083d00000, 0x0000000083e00000, 0x0000000083e00000|100%|HS|  |TAMS 0x0000000083d00000| PB 0x0000000083d00000| Complete 
|  62|0x0000000083e00000, 0x0000000083f00000, 0x0000000083f00000|100%|HC|  |TAMS 0x0000000083e00000| PB 0x0000000083e00000| Complete 
|  63|0x0000000083f00000, 0x0000000084000000, 0x0000000084000000|100%|HC|  |TAMS 0x0000000083f00000| PB 0x0000000083f00000| Complete 
|  64|0x0000000084000000, 0x0000000084100000, 0x0000000084100000|100%| O|  |TAMS 0x0000000084000000| PB 0x0000000084000000| Untracked 
|  65|0x0000000084100000, 0x0000000084200000, 0x0000000084200000|100%| O|  |TAMS 0x0000000084100000| PB 0x0000000084100000| Untracked 
|  66|0x0000000084200000, 0x0000000084300000, 0x0000000084300000|100%| O|  |TAMS 0x0000000084200000| PB 0x0000000084200000| Untracked 
|  67|0x0000000084300000, 0x0000000084400000, 0x0000000084400000|100%| O|  |TAMS 0x0000000084300000| PB 0x0000000084300000| Untracked 
|  68|0x0000000084400000, 0x0000000084500000, 0x0000000084500000|100%| O|  |TAMS 0x0000000084400000| PB 0x0000000084400000| Untracked 
|  69|0x0000000084500000, 0x0000000084600000, 0x0000000084600000|100%| O|  |TAMS 0x0000000084500000| PB 0x0000000084500000| Untracked 
|  70|0x0000000084600000, 0x0000000084700000, 0x0000000084700000|100%| O|  |TAMS 0x0000000084600000| PB 0x0000000084600000| Untracked 
|  71|0x0000000084700000, 0x0000000084800000, 0x0000000084800000|100%| O|  |TAMS 0x0000000084700000| PB 0x0000000084700000| Untracked 
|  72|0x0000000084800000, 0x0000000084900000, 0x0000000084900000|100%| O|  |TAMS 0x0000000084800000| PB 0x0000000084800000| Untracked 
|  73|0x0000000084900000, 0x0000000084a00000, 0x0000000084a00000|100%| O|  |TAMS 0x0000000084900000| PB 0x0000000084900000| Untracked 
|  74|0x0000000084a00000, 0x0000000084b00000, 0x0000000084b00000|100%| O|  |TAMS 0x0000000084a00000| PB 0x0000000084a00000| Untracked 
|  75|0x0000000084b00000, 0x0000000084c00000, 0x0000000084c00000|100%| O|  |TAMS 0x0000000084b00000| PB 0x0000000084b00000| Untracked 
|  76|0x0000000084c00000, 0x0000000084d00000, 0x0000000084d00000|100%| O|  |TAMS 0x0000000084c00000| PB 0x0000000084c00000| Untracked 
|  77|0x0000000084d00000, 0x0000000084e00000, 0x0000000084e00000|100%| O|  |TAMS 0x0000000084d00000| PB 0x0000000084d00000| Untracked 
|  78|0x0000000084e00000, 0x0000000084f00000, 0x0000000084f00000|100%| O|  |TAMS 0x0000000084e00000| PB 0x0000000084e00000| Untracked 
|  79|0x0000000084f00000, 0x0000000085000000, 0x0000000085000000|100%| O|  |TAMS 0x0000000084f00000| PB 0x0000000084f00000| Untracked 
|  80|0x0000000085000000, 0x0000000085100000, 0x0000000085100000|100%| O|  |TAMS 0x0000000085000000| PB 0x0000000085000000| Untracked 
|  81|0x0000000085100000, 0x0000000085200000, 0x0000000085200000|100%| O|  |TAMS 0x0000000085100000| PB 0x0000000085100000| Untracked 
|  82|0x0000000085200000, 0x0000000085300000, 0x0000000085300000|100%| O|  |TAMS 0x0000000085200000| PB 0x0000000085200000| Untracked 
|  83|0x0000000085300000, 0x0000000085400000, 0x0000000085400000|100%| O|  |TAMS 0x0000000085300000| PB 0x0000000085300000| Untracked 
|  84|0x0000000085400000, 0x0000000085500000, 0x0000000085500000|100%| O|  |TAMS 0x0000000085400000| PB 0x0000000085400000| Untracked 
|  85|0x0000000085500000, 0x0000000085600000, 0x0000000085600000|100%| O|  |TAMS 0x0000000085500000| PB 0x0000000085500000| Untracked 
|  86|0x0000000085600000, 0x0000000085700000, 0x0000000085700000|100%| O|  |TAMS 0x0000000085600000| PB 0x0000000085600000| Untracked 
|  87|0x0000000085700000, 0x0000000085800000, 0x0000000085800000|100%| O|  |TAMS 0x0000000085700000| PB 0x0000000085700000| Untracked 
|  88|0x0000000085800000, 0x0000000085900000, 0x0000000085900000|100%| O|  |TAMS 0x0000000085800000| PB 0x0000000085800000| Untracked 
|  89|0x0000000085900000, 0x0000000085a00000, 0x0000000085a00000|100%| O|  |TAMS 0x0000000085900000| PB 0x0000000085900000| Untracked 
|  90|0x0000000085a00000, 0x0000000085b00000, 0x0000000085b00000|100%| O|  |TAMS 0x0000000085a00000| PB 0x0000000085a00000| Untracked 
|  91|0x0000000085b00000, 0x0000000085c00000, 0x0000000085c00000|100%| O|  |TAMS 0x0000000085b00000| PB 0x0000000085b00000| Untracked 
|  92|0x0000000085c00000, 0x0000000085d00000, 0x0000000085d00000|100%| O|  |TAMS 0x0000000085c00000| PB 0x0000000085c00000| Untracked 
|  93|0x0000000085d00000, 0x0000000085e00000, 0x0000000085e00000|100%| O|  |TAMS 0x0000000085d00000| PB 0x0000000085d00000| Untracked 
|  94|0x0000000085e00000, 0x0000000085f00000, 0x0000000085f00000|100%| O|  |TAMS 0x0000000085e00000| PB 0x0000000085e00000| Untracked 
|  95|0x0000000085f00000, 0x0000000086000000, 0x0000000086000000|100%| O|  |TAMS 0x0000000085f00000| PB 0x0000000085f00000| Untracked 
|  96|0x0000000086000000, 0x0000000086100000, 0x0000000086100000|100%| O|  |TAMS 0x0000000086000000| PB 0x0000000086000000| Untracked 
|  97|0x0000000086100000, 0x0000000086200000, 0x0000000086200000|100%| O|  |TAMS 0x0000000086100000| PB 0x0000000086100000| Untracked 
|  98|0x0000000086200000, 0x0000000086300000, 0x0000000086300000|100%| O|  |TAMS 0x0000000086200000| PB 0x0000000086200000| Untracked 
|  99|0x0000000086300000, 0x0000000086400000, 0x0000000086400000|100%| O|  |TAMS 0x0000000086300000| PB 0x0000000086300000| Untracked 
| 100|0x0000000086400000, 0x0000000086500000, 0x0000000086500000|100%| O|  |TAMS 0x0000000086400000| PB 0x0000000086400000| Untracked 
| 101|0x0000000086500000, 0x0000000086600000, 0x0000000086600000|100%| O|  |TAMS 0x0000000086500000| PB 0x0000000086500000| Untracked 
| 102|0x0000000086600000, 0x0000000086700000, 0x0000000086700000|100%| O|  |TAMS 0x0000000086600000| PB 0x0000000086600000| Untracked 
| 103|0x0000000086700000, 0x0000000086800000, 0x0000000086800000|100%| O|  |TAMS 0x0000000086700000| PB 0x0000000086700000| Untracked 
| 104|0x0000000086800000, 0x0000000086900000, 0x0000000086900000|100%| O|  |TAMS 0x0000000086800000| PB 0x0000000086800000| Untracked 
| 105|0x0000000086900000, 0x0000000086a00000, 0x0000000086a00000|100%| O|  |TAMS 0x0000000086900000| PB 0x0000000086900000| Untracked 
| 106|0x0000000086a00000, 0x0000000086b00000, 0x0000000086b00000|100%| O|  |TAMS 0x0000000086a00000| PB 0x0000000086a00000| Untracked 
| 107|0x0000000086b00000, 0x0000000086c00000, 0x0000000086c00000|100%| O|  |TAMS 0x0000000086b00000| PB 0x0000000086b00000| Untracked 
| 108|0x0000000086c00000, 0x0000000086d00000, 0x0000000086d00000|100%| O|  |TAMS 0x0000000086c00000| PB 0x0000000086c00000| Untracked 
| 109|0x0000000086d00000, 0x0000000086e00000, 0x0000000086e00000|100%| O|  |TAMS 0x0000000086d00000| PB 0x0000000086d00000| Untracked 
| 110|0x0000000086e00000, 0x0000000086f00000, 0x0000000086f00000|100%| O|  |TAMS 0x0000000086e00000| PB 0x0000000086e00000| Untracked 
| 111|0x0000000086f00000, 0x0000000086fd5450, 0x0000000087000000| 83%| O|  |TAMS 0x0000000086f00000| PB 0x0000000086f00000| Untracked 
| 112|0x0000000087000000, 0x0000000087000000, 0x0000000087100000|  0%| F|  |TAMS 0x0000000087000000| PB 0x0000000087000000| Untracked 
| 113|0x0000000087100000, 0x0000000087100000, 0x0000000087200000|  0%| F|  |TAMS 0x0000000087100000| PB 0x0000000087100000| Untracked 
| 114|0x0000000087200000, 0x0000000087200000, 0x0000000087300000|  0%| F|  |TAMS 0x0000000087200000| PB 0x0000000087200000| Untracked 
| 115|0x0000000087300000, 0x0000000087300000, 0x0000000087400000|  0%| F|  |TAMS 0x0000000087300000| PB 0x0000000087300000| Untracked 
| 116|0x0000000087400000, 0x0000000087400000, 0x0000000087500000|  0%| F|  |TAMS 0x0000000087400000| PB 0x0000000087400000| Untracked 
| 117|0x0000000087500000, 0x0000000087500000, 0x0000000087600000|  0%| F|  |TAMS 0x0000000087500000| PB 0x0000000087500000| Untracked 
| 118|0x0000000087600000, 0x0000000087600000, 0x0000000087700000|  0%| F|  |TAMS 0x0000000087600000| PB 0x0000000087600000| Untracked 
| 119|0x0000000087700000, 0x0000000087700000, 0x0000000087800000|  0%| F|  |TAMS 0x0000000087700000| PB 0x0000000087700000| Untracked 
| 120|0x0000000087800000, 0x0000000087857e88, 0x0000000087900000| 34%| S|CS|TAMS 0x0000000087800000| PB 0x0000000087800000| Complete 
| 121|0x0000000087900000, 0x0000000087a00000, 0x0000000087a00000|100%| S|CS|TAMS 0x0000000087900000| PB 0x0000000087900000| Complete 
| 122|0x0000000087a00000, 0x0000000087b00000, 0x0000000087b00000|100%| S|CS|TAMS 0x0000000087a00000| PB 0x0000000087a00000| Complete 
| 123|0x0000000087b00000, 0x0000000087c00000, 0x0000000087c00000|100%| S|CS|TAMS 0x0000000087b00000| PB 0x0000000087b00000| Complete 
| 124|0x0000000087c00000, 0x0000000087d00000, 0x0000000087d00000|100%| S|CS|TAMS 0x0000000087c00000| PB 0x0000000087c00000| Complete 
| 125|0x0000000087d00000, 0x0000000087d00000, 0x0000000087e00000|  0%| F|  |TAMS 0x0000000087d00000| PB 0x0000000087d00000| Untracked 
| 126|0x0000000087e00000, 0x0000000087e00000, 0x0000000087f00000|  0%| F|  |TAMS 0x0000000087e00000| PB 0x0000000087e00000| Untracked 
| 127|0x0000000087f00000, 0x0000000087f00000, 0x0000000088000000|  0%| F|  |TAMS 0x0000000087f00000| PB 0x0000000087f00000| Untracked 
| 128|0x0000000088000000, 0x0000000088000000, 0x0000000088100000|  0%| F|  |TAMS 0x0000000088000000| PB 0x0000000088000000| Untracked 
| 129|0x0000000088100000, 0x0000000088200000, 0x0000000088200000|100%| S|CS|TAMS 0x0000000088100000| PB 0x0000000088100000| Complete 
| 130|0x0000000088200000, 0x0000000088300000, 0x0000000088300000|100%| S|CS|TAMS 0x0000000088200000| PB 0x0000000088200000| Complete 
| 131|0x0000000088300000, 0x0000000088300000, 0x0000000088400000|  0%| F|  |TAMS 0x0000000088300000| PB 0x0000000088300000| Untracked 
| 132|0x0000000088400000, 0x0000000088400000, 0x0000000088500000|  0%| F|  |TAMS 0x0000000088400000| PB 0x0000000088400000| Untracked 
| 133|0x0000000088500000, 0x0000000088500000, 0x0000000088600000|  0%| F|  |TAMS 0x0000000088500000| PB 0x0000000088500000| Untracked 
| 134|0x0000000088600000, 0x0000000088600000, 0x0000000088700000|  0%| F|  |TAMS 0x0000000088600000| PB 0x0000000088600000| Untracked 
| 135|0x0000000088700000, 0x0000000088700000, 0x0000000088800000|  0%| F|  |TAMS 0x0000000088700000| PB 0x0000000088700000| Untracked 
| 136|0x0000000088800000, 0x0000000088800000, 0x0000000088900000|  0%| F|  |TAMS 0x0000000088800000| PB 0x0000000088800000| Untracked 
| 137|0x0000000088900000, 0x0000000088900000, 0x0000000088a00000|  0%| F|  |TAMS 0x0000000088900000| PB 0x0000000088900000| Untracked 
| 138|0x0000000088a00000, 0x0000000088a00000, 0x0000000088b00000|  0%| F|  |TAMS 0x0000000088a00000| PB 0x0000000088a00000| Untracked 
| 139|0x0000000088b00000, 0x0000000088b00000, 0x0000000088c00000|  0%| F|  |TAMS 0x0000000088b00000| PB 0x0000000088b00000| Untracked 
| 140|0x0000000088c00000, 0x0000000088c00000, 0x0000000088d00000|  0%| F|  |TAMS 0x0000000088c00000| PB 0x0000000088c00000| Untracked 
| 141|0x0000000088d00000, 0x0000000088d00000, 0x0000000088e00000|  0%| F|  |TAMS 0x0000000088d00000| PB 0x0000000088d00000| Untracked 
| 142|0x0000000088e00000, 0x0000000088e00000, 0x0000000088f00000|  0%| F|  |TAMS 0x0000000088e00000| PB 0x0000000088e00000| Untracked 
| 143|0x0000000088f00000, 0x0000000088f00000, 0x0000000089000000|  0%| F|  |TAMS 0x0000000088f00000| PB 0x0000000088f00000| Untracked 
| 144|0x0000000089000000, 0x0000000089000000, 0x0000000089100000|  0%| F|  |TAMS 0x0000000089000000| PB 0x0000000089000000| Untracked 
| 145|0x0000000089100000, 0x0000000089100000, 0x0000000089200000|  0%| F|  |TAMS 0x0000000089100000| PB 0x0000000089100000| Untracked 
| 146|0x0000000089200000, 0x0000000089200000, 0x0000000089300000|  0%| F|  |TAMS 0x0000000089200000| PB 0x0000000089200000| Untracked 
| 147|0x0000000089300000, 0x0000000089300000, 0x0000000089400000|  0%| F|  |TAMS 0x0000000089300000| PB 0x0000000089300000| Untracked 
| 148|0x0000000089400000, 0x0000000089400000, 0x0000000089500000|  0%| F|  |TAMS 0x0000000089400000| PB 0x0000000089400000| Untracked 
| 149|0x0000000089500000, 0x0000000089500000, 0x0000000089600000|  0%| F|  |TAMS 0x0000000089500000| PB 0x0000000089500000| Untracked 
| 150|0x0000000089600000, 0x0000000089600000, 0x0000000089700000|  0%| F|  |TAMS 0x0000000089600000| PB 0x0000000089600000| Untracked 
| 151|0x0000000089700000, 0x0000000089700000, 0x0000000089800000|  0%| F|  |TAMS 0x0000000089700000| PB 0x0000000089700000| Untracked 
| 152|0x0000000089800000, 0x0000000089800000, 0x0000000089900000|  0%| F|  |TAMS 0x0000000089800000| PB 0x0000000089800000| Untracked 
| 153|0x0000000089900000, 0x0000000089900000, 0x0000000089a00000|  0%| F|  |TAMS 0x0000000089900000| PB 0x0000000089900000| Untracked 
| 154|0x0000000089a00000, 0x0000000089a00000, 0x0000000089b00000|  0%| F|  |TAMS 0x0000000089a00000| PB 0x0000000089a00000| Untracked 
| 155|0x0000000089b00000, 0x0000000089b00000, 0x0000000089c00000|  0%| F|  |TAMS 0x0000000089b00000| PB 0x0000000089b00000| Untracked 
| 156|0x0000000089c00000, 0x0000000089c00000, 0x0000000089d00000|  0%| F|  |TAMS 0x0000000089c00000| PB 0x0000000089c00000| Untracked 
| 157|0x0000000089d00000, 0x0000000089d00000, 0x0000000089e00000|  0%| F|  |TAMS 0x0000000089d00000| PB 0x0000000089d00000| Untracked 
| 158|0x0000000089e00000, 0x0000000089e00000, 0x0000000089f00000|  0%| F|  |TAMS 0x0000000089e00000| PB 0x0000000089e00000| Untracked 
| 159|0x0000000089f00000, 0x0000000089f00000, 0x000000008a000000|  0%| F|  |TAMS 0x0000000089f00000| PB 0x0000000089f00000| Untracked 
| 160|0x000000008a000000, 0x000000008a000000, 0x000000008a100000|  0%| F|  |TAMS 0x000000008a000000| PB 0x000000008a000000| Untracked 
| 161|0x000000008a100000, 0x000000008a100000, 0x000000008a200000|  0%| F|  |TAMS 0x000000008a100000| PB 0x000000008a100000| Untracked 
| 162|0x000000008a200000, 0x000000008a200000, 0x000000008a300000|  0%| F|  |TAMS 0x000000008a200000| PB 0x000000008a200000| Untracked 
| 163|0x000000008a300000, 0x000000008a300000, 0x000000008a400000|  0%| F|  |TAMS 0x000000008a300000| PB 0x000000008a300000| Untracked 
| 164|0x000000008a400000, 0x000000008a400000, 0x000000008a500000|  0%| F|  |TAMS 0x000000008a400000| PB 0x000000008a400000| Untracked 
| 165|0x000000008a500000, 0x000000008a500000, 0x000000008a600000|  0%| F|  |TAMS 0x000000008a500000| PB 0x000000008a500000| Untracked 
| 166|0x000000008a600000, 0x000000008a600000, 0x000000008a700000|  0%| F|  |TAMS 0x000000008a600000| PB 0x000000008a600000| Untracked 
| 167|0x000000008a700000, 0x000000008a700000, 0x000000008a800000|  0%| F|  |TAMS 0x000000008a700000| PB 0x000000008a700000| Untracked 
| 168|0x000000008a800000, 0x000000008a800000, 0x000000008a900000|  0%| F|  |TAMS 0x000000008a800000| PB 0x000000008a800000| Untracked 
| 169|0x000000008a900000, 0x000000008a900000, 0x000000008aa00000|  0%| F|  |TAMS 0x000000008a900000| PB 0x000000008a900000| Untracked 
| 170|0x000000008aa00000, 0x000000008aa00000, 0x000000008ab00000|  0%| F|  |TAMS 0x000000008aa00000| PB 0x000000008aa00000| Untracked 
| 171|0x000000008ab00000, 0x000000008ab00000, 0x000000008ac00000|  0%| F|  |TAMS 0x000000008ab00000| PB 0x000000008ab00000| Untracked 
| 172|0x000000008ac00000, 0x000000008ac00000, 0x000000008ad00000|  0%| F|  |TAMS 0x000000008ac00000| PB 0x000000008ac00000| Untracked 
| 173|0x000000008ad00000, 0x000000008ad00000, 0x000000008ae00000|  0%| F|  |TAMS 0x000000008ad00000| PB 0x000000008ad00000| Untracked 
| 174|0x000000008ae00000, 0x000000008ae00000, 0x000000008af00000|  0%| F|  |TAMS 0x000000008ae00000| PB 0x000000008ae00000| Untracked 
| 175|0x000000008af00000, 0x000000008af00000, 0x000000008b000000|  0%| F|  |TAMS 0x000000008af00000| PB 0x000000008af00000| Untracked 
| 176|0x000000008b000000, 0x000000008b000000, 0x000000008b100000|  0%| F|  |TAMS 0x000000008b000000| PB 0x000000008b000000| Untracked 

Card table byte_map: [0x0000026c4baa0000,0x0000026c4bea0000] _byte_map_base: 0x0000026c4b6a0000

Marking Bits: (CMBitMap*) 0x0000026c394919e0
 Bits: [0x0000026c4bea0000, 0x0000026c4dea0000)

Polling page: 0x0000026c38bf0000

Metaspace:

Usage:
  Non-class:     21.39 MB used.
      Class:      2.28 MB used.
       Both:     23.68 MB used.

Virtual space:
  Non-class space:       64.00 MB reserved,      21.50 MB ( 34%) committed,  1 nodes.
      Class space:        1.00 GB reserved,       2.38 MB ( <1%) committed,  1 nodes.
             Both:        1.06 GB reserved,      23.88 MB (  2%) committed. 

Chunk freelists:
   Non-Class:  10.20 MB
       Class:  13.48 MB
        Both:  23.68 MB

MaxMetaspaceSize: unlimited
CompressedClassSpaceSize: 1.00 GB
Initial GC threshold: 21.00 MB
Current GC threshold: 39.81 MB
CDS: off
 - commit_granule_bytes: 65536.
 - commit_granule_words: 8192.
 - virtual_space_node_default_size: 8388608.
 - enlarge_chunks_in_place: 1.
 - use_allocation_guard: 0.


Internal statistics:

num_allocs_failed_limit: 3.
num_arena_births: 154.
num_arena_deaths: 0.
num_vsnodes_births: 2.
num_vsnodes_deaths: 0.
num_space_committed: 381.
num_space_uncommitted: 0.
num_chunks_returned_to_freelist: 3.
num_chunks_taken_from_freelist: 514.
num_chunk_merges: 3.
num_chunk_splits: 332.
num_chunks_enlarged: 239.
num_inconsistent_stats: 0.

CodeHeap 'non-profiled nmethods': size=119168Kb used=2818Kb max_used=2818Kb free=116349Kb
 bounds [0x0000026c439b0000, 0x0000026c43c80000, 0x0000026c4ae10000]
CodeHeap 'profiled nmethods': size=119104Kb used=6901Kb max_used=7405Kb free=112202Kb
 bounds [0x0000026c3be10000, 0x0000026c3c550000, 0x0000026c43260000]
CodeHeap 'non-nmethods': size=7488Kb used=3097Kb max_used=3160Kb free=4390Kb
 bounds [0x0000026c43260000, 0x0000026c43590000, 0x0000026c439b0000]
CodeCache: size=245760Kb, used=12816Kb, max_used=13383Kb, free=232941Kb
 total_blobs=3774, nmethods=3203, adapters=472, full_count=0
Compilation: enabled, stopped_count=0, restarted_count=0

Compilation events (20 events):
Event: 3.438 Thread 0x0000026c550ae7c0 nmethod 3432 0x0000026c43a0f010 code [0x0000026c43a0f220, 0x0000026c43a0fd10]
Event: 3.438 Thread 0x0000026c550ae7c0 3417       4       java.lang.StringUTF16::inflate (42 bytes)
Event: 3.442 Thread 0x0000026c550ae7c0 nmethod 3417 0x0000026c439c0910 code [0x0000026c439c0aa0, 0x0000026c439c0cf8]
Event: 3.443 Thread 0x0000026c550ae7c0 3449       4       com.google.common.collect.Interners$InternerImpl::intern (54 bytes)
Event: 3.449 Thread 0x0000026c5693bf60 3450       3       java.lang.StringUTF16::replace (172 bytes)
Event: 3.450 Thread 0x0000026c5693bf60 nmethod 3450 0x0000026c3bf07b10 code [0x0000026c3bf07d60, 0x0000026c3bf08778]
Event: 3.454 Thread 0x0000026c55c22060 nmethod 3396 0x0000026c43c6eb10 code [0x0000026c43c6f260, 0x0000026c43c736f8]
Event: 3.455 Thread 0x0000026c55c22060 3452       4       java.lang.StringLatin1::replace (198 bytes)
Event: 3.473 Thread 0x0000026c55c22060 nmethod 3452 0x0000026c439e6a90 code [0x0000026c439e6c40, 0x0000026c439e7220]
Event: 3.474 Thread 0x0000026c55c22060 3451       4       org.languagetool.tokenizers.be.BelarusianWordTokenizer::tokenize (132 bytes)
Event: 3.501 Thread 0x0000026c550ae7c0 nmethod 3449 0x0000026c43c76e90 code [0x0000026c43c77360, 0x0000026c43c79bd8]
Event: 3.501 Thread 0x0000026c550ae7c0 3444       4       java.lang.Class::cast (27 bytes)
Event: 3.502 Thread 0x0000026c550ae7c0 nmethod 3444 0x0000026c439b1e10 code [0x0000026c439b1fa0, 0x0000026c439b20b0]
Event: 3.502 Thread 0x0000026c550ae7c0 3442       4       java.util.StringTokenizer::hasMoreElements (5 bytes)
Event: 3.503 Thread 0x0000026c550ae7c0 nmethod 3442 0x0000026c439b8410 code [0x0000026c439b85a0, 0x0000026c439b8690]
Event: 3.503 Thread 0x0000026c550ae7c0 3408       4       java.util.Arrays$ArrayList::contains (14 bytes)
Event: 3.506 Thread 0x0000026c550ae7c0 nmethod 3408 0x0000026c439bfe90 code [0x0000026c439c0040, 0x0000026c439c0308]
Event: 3.506 Thread 0x0000026c550ae7c0 3410       4       org.languagetool.tokenizers.WordTokenizer::urlStartsAt (395 bytes)
Event: 3.520 Thread 0x0000026c550ae7c0 nmethod 3410 0x0000026c43a04110 code [0x0000026c43a043e0, 0x0000026c43a05158]
Event: 3.520 Thread 0x0000026c550ae7c0 3409       4       java.util.StringTokenizer::nextToken (92 bytes)

GC Heap History (20 events):
Event: 1.666 GC heap after
{Heap after GC invocations=6 (full 0):
 garbage-first heap   total 65536K, used 25503K [0x0000000080000000, 0x0000000100000000)
  region size 1024K, 3 young (3072K), 3 survivors (3072K)
 Metaspace       used 23196K, committed 23424K, reserved 1114112K
  class space    used 2225K, committed 2368K, reserved 1048576K
}
Event: 1.810 GC heap before
{Heap before GC invocations=6 (full 0):
 garbage-first heap   total 65536K, used 52127K [0x0000000080000000, 0x0000000100000000)
  region size 1024K, 26 young (26624K), 3 survivors (3072K)
 Metaspace       used 23519K, committed 23744K, reserved 1114112K
  class space    used 2264K, committed 2368K, reserved 1048576K
}
Event: 1.820 GC heap after
{Heap after GC invocations=7 (full 0):
 garbage-first heap   total 105472K, used 29763K [0x0000000080000000, 0x0000000100000000)
  region size 1024K, 3 young (3072K), 3 survivors (3072K)
 Metaspace       used 23519K, committed 23744K, reserved 1114112K
  class space    used 2264K, committed 2368K, reserved 1048576K
}
Event: 2.100 GC heap before
{Heap before GC invocations=7 (full 0):
 garbage-first heap   total 105472K, used 80963K [0x0000000080000000, 0x0000000100000000)
  region size 1024K, 53 young (54272K), 3 survivors (3072K)
 Metaspace       used 23552K, committed 23808K, reserved 1114112K
  class space    used 2265K, committed 2368K, reserved 1048576K
}
Event: 2.118 GC heap after
{Heap after GC invocations=8 (full 0):
 garbage-first heap   total 105472K, used 36135K [0x0000000080000000, 0x0000000100000000)
  region size 1024K, 7 young (7168K), 7 survivors (7168K)
 Metaspace       used 23552K, committed 23808K, reserved 1114112K
  class space    used 2265K, committed 2368K, reserved 1048576K
}
Event: 2.294 GC heap before
{Heap before GC invocations=8 (full 0):
 garbage-first heap   total 105472K, used 81191K [0x0000000080000000, 0x0000000100000000)
  region size 1024K, 51 young (52224K), 7 survivors (7168K)
 Metaspace       used 23563K, committed 23808K, reserved 1114112K
  class space    used 2268K, committed 2368K, reserved 1048576K
}
Event: 2.312 GC heap after
{Heap after GC invocations=9 (full 0):
 garbage-first heap   total 105472K, used 42348K [0x0000000080000000, 0x0000000100000000)
  region size 1024K, 6 young (6144K), 6 survivors (6144K)
 Metaspace       used 23563K, committed 23808K, reserved 1114112K
  class space    used 2268K, committed 2368K, reserved 1048576K
}
Event: 2.628 GC heap before
{Heap before GC invocations=9 (full 0):
 garbage-first heap   total 105472K, used 86380K [0x0000000080000000, 0x0000000100000000)
  region size 1024K, 48 young (49152K), 6 survivors (6144K)
 Metaspace       used 24038K, committed 24320K, reserved 1114112K
  class space    used 2319K, committed 2432K, reserved 1048576K
}
Event: 2.644 GC heap after
{Heap after GC invocations=10 (full 0):
 garbage-first heap   total 105472K, used 50176K [0x0000000080000000, 0x0000000100000000)
  region size 1024K, 6 young (6144K), 6 survivors (6144K)
 Metaspace       used 24038K, committed 24320K, reserved 1114112K
  class space    used 2319K, committed 2432K, reserved 1048576K
}
Event: 2.751 GC heap before
{Heap before GC invocations=10 (full 0):
 garbage-first heap   total 105472K, used 89088K [0x0000000080000000, 0x0000000100000000)
  region size 1024K, 43 young (44032K), 6 survivors (6144K)
 Metaspace       used 24108K, committed 24384K, reserved 1114112K
  class space    used 2327K, committed 2432K, reserved 1048576K
}
Event: 2.767 GC heap after
{Heap after GC invocations=11 (full 0):
 garbage-first heap   total 181248K, used 59392K [0x0000000080000000, 0x0000000100000000)
  region size 1024K, 6 young (6144K), 6 survivors (6144K)
 Metaspace       used 24108K, committed 24384K, reserved 1114112K
  class space    used 2327K, committed 2432K, reserved 1048576K
}
Event: 2.983 GC heap before
{Heap before GC invocations=11 (full 0):
 garbage-first heap   total 181248K, used 145408K [0x0000000080000000, 0x0000000100000000)
  region size 1024K, 88 young (90112K), 6 survivors (6144K)
 Metaspace       used 24167K, committed 24384K, reserved 1114112K
  class space    used 2331K, committed 2432K, reserved 1048576K
}
Event: 3.006 GC heap after
{Heap after GC invocations=12 (full 0):
 garbage-first heap   total 181248K, used 81408K [0x0000000080000000, 0x0000000100000000)
  region size 1024K, 11 young (11264K), 11 survivors (11264K)
 Metaspace       used 24167K, committed 24384K, reserved 1114112K
  class space    used 2331K, committed 2432K, reserved 1048576K
}
Event: 3.222 GC heap before
{Heap before GC invocations=12 (full 0):
 garbage-first heap   total 181248K, used 147968K [0x0000000080000000, 0x0000000100000000)
  region size 1024K, 72 young (73728K), 11 survivors (11264K)
 Metaspace       used 24232K, committed 24448K, reserved 1114112K
  class space    used 2335K, committed 2432K, reserved 1048576K
}
Event: 3.245 GC heap after
{Heap after GC invocations=13 (full 0):
 garbage-first heap   total 181248K, used 98816K [0x0000000080000000, 0x0000000100000000)
  region size 1024K, 9 young (9216K), 9 survivors (9216K)
 Metaspace       used 24232K, committed 24448K, reserved 1114112K
  class space    used 2335K, committed 2432K, reserved 1048576K
}
Event: 3.331 GC heap before
{Heap before GC invocations=13 (full 0):
 garbage-first heap   total 181248K, used 152064K [0x0000000080000000, 0x0000000100000000)
  region size 1024K, 61 young (62464K), 9 survivors (9216K)
 Metaspace       used 24232K, committed 24448K, reserved 1114112K
  class space    used 2335K, committed 2432K, reserved 1048576K
}
Event: 3.349 GC heap after
{Heap after GC invocations=14 (full 0):
 garbage-first heap   total 181248K, used 108032K [0x0000000080000000, 0x0000000100000000)
  region size 1024K, 8 young (8192K), 8 survivors (8192K)
 Metaspace       used 24232K, committed 24448K, reserved 1114112K
  class space    used 2335K, committed 2432K, reserved 1048576K
}
Event: 3.460 GC heap before
{Heap before GC invocations=15 (full 0):
 garbage-first heap   total 181248K, used 154112K [0x0000000080000000, 0x0000000100000000)
  region size 1024K, 56 young (57344K), 8 survivors (8192K)
 Metaspace       used 24243K, committed 24448K, reserved 1114112K
  class space    used 2336K, committed 2432K, reserved 1048576K
}
Event: 3.473 GC heap after
{Heap after GC invocations=16 (full 0):
 garbage-first heap   total 181248K, used 113664K [0x0000000080000000, 0x0000000100000000)
  region size 1024K, 7 young (7168K), 7 survivors (7168K)
 Metaspace       used 24243K, committed 24448K, reserved 1114112K
  class space    used 2336K, committed 2432K, reserved 1048576K
}
Event: 3.531 GC heap before
{Heap before GC invocations=16 (full 0):
 garbage-first heap   total 181248K, used 160768K [0x0000000080000000, 0x0000000100000000)
  region size 1024K, 53 young (54272K), 7 survivors (7168K)
 Metaspace       used 24243K, committed 24448K, reserved 1114112K
  class space    used 2336K, committed 2432K, reserved 1048576K
}

Dll operation events (9 events):
Event: 0.006 Loaded shared library c:\Users\leost\.vscode\extensions\ltex-plus.vscode-ltex-plus-15.7.1\lib\ltex-ls-plus-18.7.0\jdk-21.0.10+7\bin\java.dll
Event: 0.010 Loaded shared library c:\Users\leost\.vscode\extensions\ltex-plus.vscode-ltex-plus-15.7.1\lib\ltex-ls-plus-18.7.0\jdk-21.0.10+7\bin\zip.dll
Event: 0.060 Loaded shared library c:\Users\leost\.vscode\extensions\ltex-plus.vscode-ltex-plus-15.7.1\lib\ltex-ls-plus-18.7.0\jdk-21.0.10+7\bin\jsvml.dll
Event: 0.194 Loaded shared library C:\Users\leost\.vscode\extensions\ltex-plus.vscode-ltex-plus-15.7.1\lib\ltex-ls-plus-18.7.0\jdk-21.0.10+7\bin\net.dll
Event: 0.196 Loaded shared library C:\Users\leost\.vscode\extensions\ltex-plus.vscode-ltex-plus-15.7.1\lib\ltex-ls-plus-18.7.0\jdk-21.0.10+7\bin\nio.dll
Event: 0.202 Loaded shared library C:\Users\leost\.vscode\extensions\ltex-plus.vscode-ltex-plus-15.7.1\lib\ltex-ls-plus-18.7.0\jdk-21.0.10+7\bin\zip.dll
Event: 0.302 Loaded shared library C:\Users\leost\.vscode\extensions\ltex-plus.vscode-ltex-plus-15.7.1\lib\ltex-ls-plus-18.7.0\jdk-21.0.10+7\bin\jimage.dll
Event: 0.368 Loaded shared library C:\Users\leost\AppData\Local\Temp\jansi-2.4.3-1606ec12ecc9dbb5-jansi.dll
Event: 0.384 Loaded shared library c:\Users\leost\.vscode\extensions\ltex-plus.vscode-ltex-plus-15.7.1\lib\ltex-ls-plus-18.7.0\jdk-21.0.10+7\bin\verify.dll

Deoptimization events (20 events):
Event: 3.195 Thread 0x0000026c394375c0 DEOPT PACKING pc=0x0000026c3c51599e sp=0x00000096cb6fe100
Event: 3.195 Thread 0x0000026c394375c0 DEOPT UNPACKING pc=0x0000026c432b4b42 sp=0x00000096cb6fd540 mode 0
Event: 3.196 Thread 0x0000026c394375c0 DEOPT PACKING pc=0x0000026c3c51599e sp=0x00000096cb6fe100
Event: 3.196 Thread 0x0000026c394375c0 DEOPT UNPACKING pc=0x0000026c432b4b42 sp=0x00000096cb6fd540 mode 0
Event: 3.196 Thread 0x0000026c394375c0 DEOPT PACKING pc=0x0000026c3c51599e sp=0x00000096cb6fe100
Event: 3.196 Thread 0x0000026c394375c0 DEOPT UNPACKING pc=0x0000026c432b4b42 sp=0x00000096cb6fd540 mode 0
Event: 3.203 Thread 0x0000026c394375c0 Uncommon trap: trap_request=0xffffff45 fr.pc=0x0000026c43bc04c0 relative=0x0000000000000120
Event: 3.203 Thread 0x0000026c394375c0 Uncommon trap: reason=unstable_if action=reinterpret pc=0x0000026c43bc04c0 method=java.lang.CharacterData00.toLowerCase(I)I @ 21 c2
Event: 3.203 Thread 0x0000026c394375c0 DEOPT PACKING pc=0x0000026c43bc04c0 sp=0x00000096cb6fde90
Event: 3.203 Thread 0x0000026c394375c0 DEOPT UNPACKING pc=0x0000026c432b43a2 sp=0x00000096cb6fde00 mode 2
Event: 3.396 Thread 0x0000026c394375c0 DEOPT PACKING pc=0x0000026c3c46b48d sp=0x00000096cb6fe250
Event: 3.396 Thread 0x0000026c394375c0 DEOPT UNPACKING pc=0x0000026c432b4b42 sp=0x00000096cb6fd718 mode 0
Event: 3.412 Thread 0x0000026c394375c0 Uncommon trap: trap_request=0xffffff45 fr.pc=0x0000026c439ee0cc relative=0x000000000000050c
Event: 3.412 Thread 0x0000026c394375c0 Uncommon trap: reason=unstable_if action=reinterpret pc=0x0000026c439ee0cc method=java.lang.StringLatin1.canEncode(C)Z @ 4 c2
Event: 3.412 Thread 0x0000026c394375c0 DEOPT PACKING pc=0x0000026c439ee0cc sp=0x00000096cb6fe240
Event: 3.412 Thread 0x0000026c394375c0 DEOPT UNPACKING pc=0x0000026c432b43a2 sp=0x00000096cb6fe160 mode 2
Event: 3.419 Thread 0x0000026c394375c0 Uncommon trap: trap_request=0xffffff45 fr.pc=0x0000026c43aaee60 relative=0x0000000000001ee0
Event: 3.419 Thread 0x0000026c394375c0 Uncommon trap: reason=unstable_if action=reinterpret pc=0x0000026c43aaee60 method=com.google.common.collect.MapMakerInternalMap$Segment.drainKeyReferenceQueue(Ljava/lang/ref/ReferenceQueue;)V @ 8 c2
Event: 3.419 Thread 0x0000026c394375c0 DEOPT PACKING pc=0x0000026c43aaee60 sp=0x00000096cb6fe010
Event: 3.419 Thread 0x0000026c394375c0 DEOPT UNPACKING pc=0x0000026c432b43a2 sp=0x00000096cb6fdd20 mode 2

Classes loaded (20 events):
Event: 2.751 Loading class sun/text/resources/BreakIteratorResources_en_US
Event: 2.751 Loading class sun/text/resources/BreakIteratorResources_en_US done
Event: 2.768 Loading class sun/text/RuleBasedBreakIterator
Event: 2.769 Loading class sun/text/RuleBasedBreakIterator done
Event: 2.769 Loading class sun/text/CompactByteArray
Event: 2.769 Loading class sun/text/CompactByteArray done
Event: 2.769 Loading class sun/text/SupplementaryCharacterData
Event: 2.769 Loading class sun/text/SupplementaryCharacterData done
Event: 2.770 Loading class java/text/BreakIterator$BreakIteratorCache
Event: 2.770 Loading class java/text/BreakIterator$BreakIteratorCache done
Event: 2.770 Loading class java/text/StringCharacterIterator
Event: 2.770 Loading class java/text/CharacterIterator
Event: 2.770 Loading class java/text/CharacterIterator done
Event: 2.770 Loading class java/text/StringCharacterIterator done
Event: 3.055 Loading class java/net/URISyntaxException
Event: 3.055 Loading class java/net/URISyntaxException done
Event: 3.056 Loading class java/util/concurrent/ConcurrentLinkedQueue
Event: 3.056 Loading class java/util/concurrent/ConcurrentLinkedQueue done
Event: 3.056 Loading class java/util/concurrent/ConcurrentLinkedQueue$Node
Event: 3.056 Loading class java/util/concurrent/ConcurrentLinkedQueue$Node done

Classes unloaded (0 events):
No events

Classes redefined (0 events):
No events

Internal exceptions (20 events):
Event: 0.370 Thread 0x0000026c394375c0 Exception <a 'java/lang/NullPointerException'{0x00000000838c75f8}> (0x00000000838c75f8) 
thrown [s\src\hotspot\share\interpreter\linkResolver.cpp, line 1372]
Event: 0.371 Thread 0x0000026c394375c0 Exception <a 'java/lang/NullPointerException'{0x00000000838db950}> (0x00000000838db950) 
thrown [s\src\hotspot\share\interpreter\linkResolver.cpp, line 1372]
Event: 0.371 Thread 0x0000026c394375c0 Exception <a 'java/lang/NullPointerException'{0x00000000838dbc30}> (0x00000000838dbc30) 
thrown [s\src\hotspot\share\interpreter\linkResolver.cpp, line 1372]
Event: 0.371 Thread 0x0000026c394375c0 Exception <a 'java/lang/NullPointerException'{0x00000000838dbf10}> (0x00000000838dbf10) 
thrown [s\src\hotspot\share\interpreter\linkResolver.cpp, line 1372]
Event: 0.371 Thread 0x0000026c394375c0 Exception <a 'java/lang/NullPointerException'{0x00000000838dc1f0}> (0x00000000838dc1f0) 
thrown [s\src\hotspot\share\interpreter\linkResolver.cpp, line 1372]
Event: 0.550 Thread 0x0000026c394375c0 Exception <a 'java/lang/NoSuchMethodError'{0x0000000083056e60}: 'int java.lang.invoke.DirectMethodHandle$Holder.invokeSpecial(java.lang.Object, java.lang.Object, java.lang.Object)'> (0x0000000083056e60) 
thrown [s\src\hotspot\share\interpreter\linkResolver.cpp, line 773]
Event: 0.551 Thread 0x0000026c394375c0 Exception <a 'java/lang/NoSuchMethodError'{0x0000000083061718}: 'void java.lang.invoke.DelegatingMethodHandle$Holder.reinvoke_L(java.lang.Object, java.lang.Object, int)'> (0x0000000083061718) 
thrown [s\src\hotspot\share\interpreter\linkResolver.cpp, line 773]
Event: 0.552 Thread 0x0000026c394375c0 Exception <a 'java/lang/NoSuchMethodError'{0x00000000830680b8}: 'int java.lang.invoke.Invokers$Holder.invokeExact_MT(java.lang.Object, java.lang.Object, java.lang.Object)'> (0x00000000830680b8) 
thrown [s\src\hotspot\share\interpreter\linkResolver.cpp, line 773]
Event: 0.554 Thread 0x0000026c394375c0 Exception <a 'java/lang/NoSuchMethodError'{0x00000000830789e8}: 'void java.lang.invoke.Invokers$Holder.invokeExact_MT(java.lang.Object, java.lang.Object, java.lang.Object, java.lang.Object)'> (0x00000000830789e8) 
thrown [s\src\hotspot\share\interpreter\linkResolver.cpp, line 773]
Event: 0.597 Thread 0x0000026c394375c0 Exception <a 'java/lang/NoSuchMethodError'{0x0000000082fde130}: 'void java.lang.invoke.DirectMethodHandle$Holder.invokeVirtual(java.lang.Object, java.lang.Object)'> (0x0000000082fde130) 
thrown [s\src\hotspot\share\interpreter\linkResolver.cpp, line 773]
Event: 0.748 Thread 0x0000026c394375c0 Exception <a 'java/lang/NoSuchMethodError'{0x00000000829da028}: 'java.lang.Object java.lang.invoke.DirectMethodHandle$Holder.invokeStaticInit(java.lang.Object, java.lang.Object, java.lang.Object)'> (0x00000000829da028) 
thrown [s\src\hotspot\share\interpreter\linkResolver.cpp, line 773]
Event: 0.760 Thread 0x0000026c394375c0 Exception <a 'java/lang/NoClassDefFoundError'{0x0000000083f01268}: org/apache/logging/log4j/spi/LoggerAdapter> (0x0000000083f01268) 
thrown [s\src\hotspot\share\classfile\systemDictionary.cpp, line 301]
Event: 0.802 Thread 0x0000026c394375c0 Exception <a 'java/lang/ClassNotFoundException'{0x0000000083e362d8}: com/sun/org/apache/xerces/internal/impl/xpath/regex/spi/messageProvider> (0x0000000083e362d8) 
thrown [s\src\hotspot\share\classfile\systemDictionary.cpp, line 312]
Event: 0.966 Thread 0x0000026c394375c0 Exception <a 'java/lang/NoSuchMethodError'{0x000000008356ed88}: 'java.lang.Object java.lang.invoke.DirectMethodHandle$Holder.invokeInterface(java.lang.Object, java.lang.Object)'> (0x000000008356ed88) 
thrown [s\src\hotspot\share\interpreter\linkResolver.cpp, line 773]
Event: 0.966 Thread 0x0000026c394375c0 Exception <a 'java/lang/IncompatibleClassChangeError'{0x0000000083572360}: Found class java.lang.Object, but interface was expected> (0x0000000083572360) 
thrown [s\src\hotspot\share\interpreter\linkResolver.cpp, line 840]
Event: 1.059 Thread 0x0000026c394375c0 Exception <a 'java/lang/NoSuchMethodError'{0x0000000083f113a0}: 'java.lang.Object java.lang.invoke.Invokers$Holder.invokeExact_MT(java.lang.Object, java.lang.Object, java.lang.Object, java.lang.Object, java.lang.Object, java.lang.Object)'> (0x0000000083f113a0) 
thrown [s\src\hotspot\share\interpreter\linkResolver.cpp, line 773]
Event: 1.075 Thread 0x0000026c394375c0 Exception <a 'java/lang/NoSuchMethodError'{0x0000000083e21420}: 'int java.lang.invoke.DirectMethodHandle$Holder.invokeVirtual(java.lang.Object, java.lang.Object, java.lang.Object)'> (0x0000000083e21420) 
thrown [s\src\hotspot\share\interpreter\linkResolver.cpp, line 773]
Event: 1.092 Thread 0x0000026c394375c0 Exception <a 'java/lang/NoSuchMethodError'{0x0000000083b32700}: 'void java.lang.invoke.DirectMethodHandle$Holder.invokeInterface(java.lang.Object, java.lang.Object, java.lang.Object)'> (0x0000000083b32700) 
thrown [s\src\hotspot\share\interpreter\linkResolver.cpp, line 773]
Event: 1.110 Thread 0x0000026c394375c0 Exception <a 'java/lang/NoSuchMethodError'{0x0000000083a17e48}: 'java.lang.Object java.lang.invoke.DirectMethodHandle$Holder.invokeVirtual(java.lang.Object, java.lang.Object, java.lang.Object)'> (0x0000000083a17e48) 
thrown [s\src\hotspot\share\interpreter\linkResolver.cpp, line 773]
Event: 2.497 Thread 0x0000026c394375c0 Implicit null exception at 0x0000026c43b64c81 to 0x0000026c43b64cb4

ZGC Phase Switch (0 events):
No events

VM Operations (20 events):
Event: 2.644 Executing safepoint VM operation: G1CollectForAllocation (G1 Evacuation Pause) done
Event: 2.751 Executing safepoint VM operation: G1CollectForAllocation (G1 Evacuation Pause)
Event: 2.767 Executing safepoint VM operation: G1CollectForAllocation (G1 Evacuation Pause) done
Event: 2.983 Executing safepoint VM operation: G1CollectForAllocation (G1 Evacuation Pause)
Event: 3.006 Executing safepoint VM operation: G1CollectForAllocation (G1 Evacuation Pause) done
Event: 3.055 Executing non-safepoint VM operation: HandshakeAllThreads (Deoptimize)
Event: 3.056 Executing non-safepoint VM operation: HandshakeAllThreads (Deoptimize) done
Event: 3.222 Executing safepoint VM operation: G1CollectForAllocation (G1 Evacuation Pause)
Event: 3.245 Executing safepoint VM operation: G1CollectForAllocation (G1 Evacuation Pause) done
Event: 3.331 Executing safepoint VM operation: G1CollectForAllocation (G1 Evacuation Pause)
Event: 3.350 Executing safepoint VM operation: G1CollectForAllocation (G1 Evacuation Pause) done
Event: 3.410 Executing non-safepoint VM operation: HandshakeAllThreads (Deoptimize)
Event: 3.410 Executing non-safepoint VM operation: HandshakeAllThreads (Deoptimize) done
Event: 3.415 Executing safepoint VM operation: G1PauseRemark
Event: 3.419 Executing safepoint VM operation: G1PauseRemark done
Event: 3.439 Executing safepoint VM operation: G1PauseCleanup
Event: 3.439 Executing safepoint VM operation: G1PauseCleanup done
Event: 3.460 Executing safepoint VM operation: G1CollectForAllocation (G1 Evacuation Pause)
Event: 3.473 Executing safepoint VM operation: G1CollectForAllocation (G1 Evacuation Pause) done
Event: 3.531 Executing safepoint VM operation: G1CollectForAllocation (G1 Evacuation Pause)

Memory protections (0 events):
No events

Nmethod flushes (20 events):
Event: 3.418 Thread 0x0000026c50f360c0 flushing  nmethod 0x0000026c3bf38a10
Event: 3.418 Thread 0x0000026c50f360c0 flushing  nmethod 0x0000026c3bf80110
Event: 3.418 Thread 0x0000026c50f360c0 flushing  nmethod 0x0000026c3bf80e10
Event: 3.418 Thread 0x0000026c50f360c0 flushing  nmethod 0x0000026c3bf81190
Event: 3.418 Thread 0x0000026c50f360c0 flushing  nmethod 0x0000026c3bfa0e90
Event: 3.418 Thread 0x0000026c50f360c0 flushing  nmethod 0x0000026c3bfa1410
Event: 3.418 Thread 0x0000026c50f360c0 flushing  nmethod 0x0000026c3bfa3b90
Event: 3.418 Thread 0x0000026c50f360c0 flushing  nmethod 0x0000026c3bfc3f10
Event: 3.418 Thread 0x0000026c50f360c0 flushing  nmethod 0x0000026c3bfc6c90
Event: 3.418 Thread 0x0000026c50f360c0 flushing  nmethod 0x0000026c3bfc7410
Event: 3.418 Thread 0x0000026c50f360c0 flushing osr nmethod 0x0000026c3c002b90
Event: 3.418 Thread 0x0000026c50f360c0 flushing  nmethod 0x0000026c3c05f510
Event: 3.418 Thread 0x0000026c50f360c0 flushing  nmethod 0x0000026c3c05fe90
Event: 3.418 Thread 0x0000026c50f360c0 flushing  nmethod 0x0000026c3c060610
Event: 3.418 Thread 0x0000026c50f360c0 flushing  nmethod 0x0000026c3c061590
Event: 3.418 Thread 0x0000026c50f360c0 flushing  nmethod 0x0000026c3c0bb690
Event: 3.418 Thread 0x0000026c50f360c0 flushing  nmethod 0x0000026c3c0bc310
Event: 3.418 Thread 0x0000026c50f360c0 flushing  nmethod 0x0000026c3c0cdf90
Event: 3.418 Thread 0x0000026c50f360c0 flushing  nmethod 0x0000026c3c0d1110
Event: 3.418 Thread 0x0000026c50f360c0 flushing  nmethod 0x0000026c3c0d1e90

Events (20 events):
Event: 0.056 Thread 0x0000026c394375c0 Thread added: 0x0000026c550882f0
Event: 0.056 Thread 0x0000026c394375c0 Thread added: 0x0000026c5508a420
Event: 0.058 Thread 0x0000026c394375c0 Thread added: 0x0000026c550a9b00
Event: 0.058 Thread 0x0000026c394375c0 Thread added: 0x0000026c550aa560
Event: 0.058 Thread 0x0000026c394375c0 Thread added: 0x0000026c550acfd0
Event: 0.058 Thread 0x0000026c394375c0 Thread added: 0x0000026c550ada30
Event: 0.058 Thread 0x0000026c394375c0 Thread added: 0x0000026c550ae7c0
Event: 0.058 Thread 0x0000026c394375c0 Thread added: 0x0000026c5509eba0
Event: 0.154 Thread 0x0000026c5509eba0 Thread added: 0x0000026c551fac20
Event: 0.182 Thread 0x0000026c394375c0 Thread added: 0x0000026c553944f0
Event: 0.186 Thread 0x0000026c394375c0 Thread added: 0x0000026c5535a540
Event: 0.225 Thread 0x0000026c551fac20 Thread added: 0x0000026c553fe550
Event: 0.298 Thread 0x0000026c394375c0 Thread added: 0x0000026c55843300
Event: 0.308 Thread 0x0000026c55843300 Thread exited: 0x0000026c55843300
Event: 0.366 Thread 0x0000026c553fe550 Thread exited: 0x0000026c553fe550
Event: 0.413 Thread 0x0000026c550ae7c0 Thread added: 0x0000026c55c22060
Event: 0.413 Thread 0x0000026c550ae7c0 Thread added: 0x0000026c554e07f0
Event: 1.011 Thread 0x0000026c5509eba0 Thread added: 0x0000026c56dd8010
Event: 1.011 Thread 0x0000026c5509eba0 Thread added: 0x0000026c5693bf60
Event: 1.078 Thread 0x0000026c5693bf60 Thread added: 0x0000026c56be08b0


Dynamic libraries:
0x00007ff766e70000 - 0x00007ff766e7e000 	c:\Users\leost\.vscode\extensions\ltex-plus.vscode-ltex-plus-15.7.1\lib\ltex-ls-plus-18.7.0\jdk-21.0.10+7\bin\java.exe
0x00007fff526f0000 - 0x00007fff52908000 	C:\Windows\SYSTEM32\ntdll.dll
0x00007fff51220000 - 0x00007fff512e4000 	C:\Windows\System32\KERNEL32.DLL
0x00007fff4fa40000 - 0x00007fff4fe13000 	C:\Windows\System32\KERNELBASE.dll
0x00007fff4fe20000 - 0x00007fff4ff31000 	C:\Windows\System32\ucrtbase.dll
0x00007fff496f0000 - 0x00007fff49708000 	c:\Users\leost\.vscode\extensions\ltex-plus.vscode-ltex-plus-15.7.1\lib\ltex-ls-plus-18.7.0\jdk-21.0.10+7\bin\jli.dll
0x00007fff40c50000 - 0x00007fff40c6e000 	c:\Users\leost\.vscode\extensions\ltex-plus.vscode-ltex-plus-15.7.1\lib\ltex-ls-plus-18.7.0\jdk-21.0.10+7\bin\VCRUNTIME140.dll
0x00007fff50c20000 - 0x00007fff50dd2000 	C:\Windows\System32\USER32.dll
0x00007fff50360000 - 0x00007fff50386000 	C:\Windows\System32\win32u.dll
0x00007fff415e0000 - 0x00007fff4187c000 	C:\Windows\WinSxS\amd64_microsoft.windows.common-controls_6595b64144ccf1df_6.0.22621.6060_none_2712eda17382d24b\COMCTL32.dll
0x00007fff50de0000 - 0x00007fff50e09000 	C:\Windows\System32\GDI32.dll
0x00007fff50e10000 - 0x00007fff50eb7000 	C:\Windows\System32\msvcrt.dll
0x00007fff4f920000 - 0x00007fff4fa3b000 	C:\Windows\System32\gdi32full.dll
0x00007fff4f880000 - 0x00007fff4f91a000 	C:\Windows\System32\msvcp_win.dll
0x00007fff52060000 - 0x00007fff52091000 	C:\Windows\System32\IMM32.DLL
0x00007fff4aa10000 - 0x00007fff4aa1c000 	c:\Users\leost\.vscode\extensions\ltex-plus.vscode-ltex-plus-15.7.1\lib\ltex-ls-plus-18.7.0\jdk-21.0.10+7\bin\vcruntime140_1.dll
0x00007fff3bac0000 - 0x00007fff3bb4d000 	c:\Users\leost\.vscode\extensions\ltex-plus.vscode-ltex-plus-15.7.1\lib\ltex-ls-plus-18.7.0\jdk-21.0.10+7\bin\msvcp140.dll
0x00007ffee3760000 - 0x00007ffee4501000 	c:\Users\leost\.vscode\extensions\ltex-plus.vscode-ltex-plus-15.7.1\lib\ltex-ls-plus-18.7.0\jdk-21.0.10+7\bin\server\jvm.dll
0x00007fff50ae0000 - 0x00007fff50b91000 	C:\Windows\System32\ADVAPI32.dll
0x00007fff50390000 - 0x00007fff50438000 	C:\Windows\System32\sechost.dll
0x00007fff50080000 - 0x00007fff500a8000 	C:\Windows\System32\bcrypt.dll
0x00007fff51bc0000 - 0x00007fff51cd8000 	C:\Windows\System32\RPCRT4.dll
0x00007fff51cf0000 - 0x00007fff51d61000 	C:\Windows\System32\WS2_32.dll
0x00007fff4f6d0000 - 0x00007fff4f71d000 	C:\Windows\SYSTEM32\POWRPROF.dll
0x00007fff4cdf0000 - 0x00007fff4ce24000 	C:\Windows\SYSTEM32\WINMM.dll
0x00007fff4b670000 - 0x00007fff4b67a000 	C:\Windows\SYSTEM32\VERSION.dll
0x00007fff4f6b0000 - 0x00007fff4f6c3000 	C:\Windows\SYSTEM32\UMPDC.dll
0x00007fff4e7a0000 - 0x00007fff4e7b8000 	C:\Windows\SYSTEM32\kernel.appcore.dll
0x00007fff44720000 - 0x00007fff4472a000 	c:\Users\leost\.vscode\extensions\ltex-plus.vscode-ltex-plus-15.7.1\lib\ltex-ls-plus-18.7.0\jdk-21.0.10+7\bin\jimage.dll
0x00007fff4cba0000 - 0x00007fff4cdd3000 	C:\Windows\SYSTEM32\DBGHELP.DLL
0x00007fff505c0000 - 0x00007fff50951000 	C:\Windows\System32\combase.dll
0x00007fff504e0000 - 0x00007fff505b8000 	C:\Windows\System32\OLEAUT32.dll
0x00007fff4cb60000 - 0x00007fff4cb92000 	C:\Windows\SYSTEM32\dbgcore.DLL
0x00007fff4ff40000 - 0x00007fff4ffbb000 	C:\Windows\System32\bcryptPrimitives.dll
0x00007fff40a00000 - 0x00007fff40a20000 	c:\Users\leost\.vscode\extensions\ltex-plus.vscode-ltex-plus-15.7.1\lib\ltex-ls-plus-18.7.0\jdk-21.0.10+7\bin\java.dll
0x00007fff3d7b0000 - 0x00007fff3d7c8000 	c:\Users\leost\.vscode\extensions\ltex-plus.vscode-ltex-plus-15.7.1\lib\ltex-ls-plus-18.7.0\jdk-21.0.10+7\bin\zip.dll
0x00007fff512f0000 - 0x00007fff51b8c000 	C:\Windows\System32\SHELL32.dll
0x00007fff500b0000 - 0x00007fff501ef000 	C:\Windows\System32\wintypes.dll
0x00007fff4d6b0000 - 0x00007fff4dfca000 	C:\Windows\SYSTEM32\windows.storage.dll
0x00007fff51f50000 - 0x00007fff52054000 	C:\Windows\System32\SHCORE.dll
0x00007fff520a0000 - 0x00007fff52109000 	C:\Windows\System32\shlwapi.dll
0x00007fff4f730000 - 0x00007fff4f755000 	C:\Windows\SYSTEM32\profapi.dll
0x00007fff31040000 - 0x00007fff31117000 	c:\Users\leost\.vscode\extensions\ltex-plus.vscode-ltex-plus-15.7.1\lib\ltex-ls-plus-18.7.0\jdk-21.0.10+7\bin\jsvml.dll
0x00007fff40c40000 - 0x00007fff40c50000 	C:\Users\leost\.vscode\extensions\ltex-plus.vscode-ltex-plus-15.7.1\lib\ltex-ls-plus-18.7.0\jdk-21.0.10+7\bin\net.dll
0x00007fff4bff0000 - 0x00007fff4c11c000 	C:\Windows\SYSTEM32\WINHTTP.dll
0x00007fff4ec60000 - 0x00007fff4ecc9000 	C:\Windows\system32\mswsock.dll
0x00007fff3d790000 - 0x00007fff3d7a6000 	C:\Users\leost\.vscode\extensions\ltex-plus.vscode-ltex-plus-15.7.1\lib\ltex-ls-plus-18.7.0\jdk-21.0.10+7\bin\nio.dll
0x00007fff40600000 - 0x00007fff40624000 	C:\Users\leost\AppData\Local\Temp\jansi-2.4.3-1606ec12ecc9dbb5-jansi.dll
0x00007fff49720000 - 0x00007fff49730000 	c:\Users\leost\.vscode\extensions\ltex-plus.vscode-ltex-plus-15.7.1\lib\ltex-ls-plus-18.7.0\jdk-21.0.10+7\bin\verify.dll

JVMTI agents: none

dbghelp: loaded successfully - version: 4.0.5 - missing functions: none
symbol engine: initialized successfully - sym options: 0x614 - pdb path: .;c:\Users\leost\.vscode\extensions\ltex-plus.vscode-ltex-plus-15.7.1\lib\ltex-ls-plus-18.7.0\jdk-21.0.10+7\bin;C:\Windows\SYSTEM32;C:\Windows\WinSxS\amd64_microsoft.windows.common-controls_6595b64144ccf1df_6.0.22621.6060_none_2712eda17382d24b;c:\Users\leost\.vscode\extensions\ltex-plus.vscode-ltex-plus-15.7.1\lib\ltex-ls-plus-18.7.0\jdk-21.0.10+7\bin\server;C:\Users\leost\AppData\Local\Temp

VM Arguments:
jvm_args: -Xms64m -Xmx2048m -Dapp.name=ltex-ls-plus -Dapp.repo=c:\Users\leost\.vscode\extensions\ltex-plus.vscode-ltex-plus-15.7.1\lib\ltex-ls-plus-18.7.0\lib -Dapp.home=c:\Users\leost\.vscode\extensions\ltex-plus.vscode-ltex-plus-15.7.1\lib\ltex-ls-plus-18.7.0 -Dbasedir=c:\Users\leost\.vscode\extensions\ltex-plus.vscode-ltex-plus-15.7.1\lib\ltex-ls-plus-18.7.0 
java_command: org.bsplines.ltexls.LtexLanguageServerLauncher
java_class_path (initial): c:\Users\leost\.vscode\extensions\ltex-plus.vscode-ltex-plus-15.7.1\lib\ltex-ls-plus-18.7.0\etc;c:\Users\leost\.vscode\extensions\ltex-plus.vscode-ltex-plus-15.7.1\lib\ltex-ls-plus-18.7.0\lib\aho-corasick-double-array-trie-1.2.2.jar;c:\Users\leost\.vscode\extensions\ltex-plus.vscode-ltex-plus-15.7.1\lib\ltex-ls-plus-18.7.0\lib\angus-activation-2.0.2.jar;c:\Users\leost\.vscode\extensions\ltex-plus.vscode-ltex-plus-15.7.1\lib\ltex-ls-plus-18.7.0\lib\animal-sniffer-annotations-1.24.jar;c:\Users\leost\.vscode\extensions\ltex-plus.vscode-ltex-plus-15.7.1\lib\ltex-ls-plus-18.7.0\lib\annotations-12.0.jar;c:\Users\leost\.vscode\extensions\ltex-plus.vscode-ltex-plus-15.7.1\lib\ltex-ls-plus-18.7.0\lib\annotations-13.0.jar;c:\Users\leost\.vscode\extensions\ltex-plus.vscode-ltex-plus-15.7.1\lib\ltex-ls-plus-18.7.0\lib\annotations-4.1.1.4.jar;c:\Users\leost\.vscode\extensions\ltex-plus.vscode-ltex-plus-15.7.1\lib\ltex-ls-plus-18.7.0\lib\asturian-pos-dict-0.1.jar;c:\Users\leost\.vscode\extensions\ltex-plus.vscode-ltex-plus-15.7.1\lib\ltex-ls-plus-18.7.0\lib\catalan-pos-dict-3.3.jar;c:\Users\leost\.vscode\extensions\ltex-plus.vscode-ltex-plus-15.7.1\lib\ltex-ls-plus-18.7.0\lib\commons-digester-2.1.jar;c:\Users\leost\.vscode\extensions\ltex-plus.vscode-ltex-plus-15.7.1\lib\ltex-ls-plus-18.7.0\lib\commons-lang3-3.18.0.jar;c:\Users\leost\.vscode\extensions\ltex-plus.vscode-ltex-plus-15.7.1\lib\ltex-ls-plus-18.7.0\lib\commons-logging-1.3.4.jar;c:\Users\leost\.vscode\extensions\ltex-plus.vscode-ltex-plus-15.7.1\lib\ltex-ls-plus-18.7.0\lib\commons-pool2-2.12.0.jar;c:\Users\leost\.vscode\extensions\ltex-plus.vscode-ltex-plus-15.7.1\lib\ltex-ls-plus-18.7.0\lib\commons-text-1.12.0.jar;c:\Users\leost\.vscode\extensions\ltex-plus.vscode-ltex-plus-15.7.1\lib\ltex-ls-plus-18.7.0\lib\commons-validator-1.9.0.jar;c:\Users\leost\.vscode\extensions\ltex-plus.vscode-ltex-plus-15.7.1\lib\ltex-ls-plus-18.7.0\lib\dutch-pos-dict-0.1.jar;c:\Users\leost\.vscode\extensions\ltex-plus.vscode-ltex-plus-15.7.1\lib\ltex-ls-plus-18.7.0\lib\english-pos-dict-0.6.jar;c:\Users\leost\.vscode\extensions\ltex-plus.vscode-ltex-plus-15.7.1\lib\ltex-ls-plus-18.7.0\lib\error_prone_annotations-2.48.0.jar;c:\Users\leost\.vscode\extensions\ltex-plus.vscode-ltex-plus-15.7.1\lib\ltex-ls-plus-18.7.0\lib\failureaccess-1.0.3.jar;c:\Users\leost\.vscode\extensions\ltex-plus.vscode-ltex-plus-15.7.1\lib\ltex-ls-plus-18.7.0\lib\fastutil-core-8.5.14.jar;c:\Users\leost\.vscode\extensions\ltex-plus.vscode-ltex-plus-15.7.1\lib\ltex-ls-plus-18.7.0\lib\flexmark-0.64.8.jar;c:\Users\leost\.vscode\extensions\ltex-plus.vscode-ltex-plus-15.7.1\lib\ltex-ls-plus-18.7.0\lib\flexmark-ext-definition-0.64.8.jar;c:\Users\leost\.vscode\extensions\ltex-plus.vscode-ltex-plus-15.7.1\lib\ltex-ls-plus-18.7.0\lib\flexmark-ext-gfm-strikethrough-0.64.8.jar;c:\Users\leost\.vscode\extensions\ltex-plus.vscode-ltex-plus-15.7.1\lib\ltex-ls-plus-18.7.0\lib\flexmark-ext-gitlab-0.64.8.jar;c:\Users\leost\.vscode\extensions\ltex-plus.vscode-ltex-plus-15.7.1\lib\ltex-ls-plus-18.7.0\lib\flexmark-ext-tables-0.64.8.jar;c:\Users\leost\.vscode\extensions\ltex-plus.vscode-ltex-plus-15.7.1\lib\ltex-ls-plus-18.7.0\lib\flexmark-ext-yaml-front-matter-0.64.8.jar;c:\Users\leost\.vscode\extensions\ltex-plus.vscode-ltex-plus-15.7.1\lib\ltex-ls-plus-18.7.0\lib\flexmark-test-util-0.64.8.jar;c:\Users\leost\.vscode\extensions\ltex-plus.vscode-ltex-plus-15.7.1\lib\ltex-ls-plus-18.7.0\lib\flexmark-util-0.64.8.jar;c:\Users\leost\.vscode\extensions\ltex-plus.vscode-ltex-plus-15.7.1\lib\ltex-ls-plus-18.7.0\lib\flexmark-util-ast-0.64.8.jar;c:\Users\leost\.vscode\extensions\ltex-plus.vscode-ltex-plus-15.7.1\lib\ltex-ls-plus-18.7.0\lib\flexmark-util-builder-0.64.8.jar;c:\Users\leost\.vscode\extensions\ltex-plus.vscode-ltex-plus-15.7.1\lib\ltex-ls-plus-18.7.0\lib\flexmark-util-collection-0.64.8.jar;c:\Users\leost\.vscode\extensions\ltex-plus.vscode-ltex-plus-15.7.1\lib\ltex-ls-plus-18.7.0\lib\flexmark-util-data-0.64.8.jar;c:\Users\leost\.vscode\extensions\ltex-plus.vscode-ltex-plus-15.7.1\lib\ltex-ls-plus-18.7.0\lib\flexmark-util-dependency-0.64.8.jar;c:\Users\leost\.vscode\extensions\ltex-plus.vscode-ltex-plus-15.7.1\lib\ltex-ls-plus-18.7.0\lib\flexmark-util-format-0.64.8.jar;c:\Users\leost\.vscode\extensions\ltex-plus.vscode-ltex-plus-15.7.1\lib\ltex-ls-plus-18.7.0\lib\flexmark-util-html-0.64.8.jar;c:\Users\leost\.vscode\extensions\ltex-plus.vscode-ltex-plus-15.7.1\lib\ltex-ls-plus-18.7.0\lib\flexmark-util-misc-0.64.8.jar;c:\Users\leost\.vscode\extensions\ltex-plus.vscode-ltex-plus-15.7.1\lib\ltex-ls-plus-18.7.0\lib\flexmark-util-options-0.64.8.jar;c:\Users\leost\.vscode\extensions\ltex-plus.vscode-ltex-plus-15.7.1\lib\ltex-ls-plus-18.7.0\lib\flexmark-util-sequence-0.64.8.jar;c:\Users\leost\.vscode\extensions\ltex-plus.vscode-ltex-plus-15.7.1\lib\ltex-ls-plus-18.7.0\lib\flexmark-util-visitor-0.64.8.jar;c:\Users\leost\.vscode\extensions\ltex-plus.vscode-ltex-plus-15.7.1\lib\ltex-ls-plus-18.7.0\lib\french-pos-dict-0.7.jar;c:\Users\leost\.vscode\extensions\ltex-plus.vscode-ltex-plus-15.7.1\lib\ltex-ls-plus-18.7.0\lib\german-pos-dict-1.2.4.jar;c:\Users\leost\.vscode\extensions\ltex-plus.vscode-ltex-plus-15.7.1\lib\ltex-ls-plus-18.7.0\lib\grpc-api-1.75.0.jar;c:\Users\leost\.vscode\extensions\ltex-plus.vscode-ltex-plus-15.7.1\lib\ltex-ls-plus-18.7.0\lib\grpc-context-1.75.0.jar;c:\Users\leost\.vscode\extensions\ltex-plus.vscode-ltex-plus-15.7.1\lib\ltex-ls-plus-18.7.0\lib\grpc-core-1.75.0.jar;c:\Users\leost\.vscode\extensions\ltex-plus.vscode-ltex-plus-15.7.1\lib\ltex-ls-plus-18.7.0\lib\grpc-netty-shaded-1.75.0.jar;c:\Users\leost\.vscode\extensions\ltex-plus.vscode-ltex-plus-15.7.1\lib\ltex-ls-plus-18.7.0\lib\grpc-protobuf-1.75.0.jar;c:\Users\leost\.vscode\extensions\ltex-plus.vscode-ltex-plus-15.7.1\lib\ltex-ls-plus-18.7.0\lib\grpc-protobuf-lite-1.75.0.jar;c:\Users\leost\.vscode\extensions\ltex-plus.vscode-ltex-plus-15.7.1\lib\ltex-ls-plus-18.7.0\lib\grpc-stub-1.75.0.jar;c:\Users\leost\.vscode\extensions\ltex-plus.vscode-ltex-plus-15.7.1\lib\ltex-ls-plus-18.7.0\lib\grpc-util-1.75.0.jar;c:\Users\leost\.vscode\extensions\ltex-plus.vscode-ltex-plus-15.7.1\lib\ltex-ls-plus-18.7.0\lib\gson-2.14.0.jar;c:\Users\leost\.vscode\extensions\ltex-plus.vscode-ltex-plus-15.7.1\lib\ltex-ls-plus-18.7.0\lib\guava-33.5.0-jre.jar;c:\Users\leost\.vscode\extensions\ltex-plus.vscode-ltex-plus-15.7.1\lib\ltex-ls-plus-18.7.0\lib\hamcrest-core-1.3.jar;c:\Users\leost\.vscode\extensions\ltex-plus.vscode-ltex-plus-15.7.1\lib\ltex-ls-plus-18.7.0\lib\hanlp-portable-1.8.2.jar;c:\Users\leost\.vscode\extensions\ltex-plus.vscode-ltex-plus-15.7.1\lib\ltex-ls-plus-18.7.0\lib\HdrHistogram-2.1.12.jar;c:\Users\leost\.vscode\extensions\ltex-plus.vscode-ltex-plus-15.7.1\lib\ltex-ls-plus-18.7.0\lib\hppc-0.8.2.jar;c:\Users\leost\.vscode\extensions\ltex-plus.vscode-ltex-plus-15.7.1\lib\ltex-ls-plus-18.7.0\lib\hunspell-2.1.2.jar;c:\Users\leost\.vscode\extensions\ltex-plus.vscode-ltex-plus-15.7.1\lib\ltex-ls-plus-18.7.0\lib\icu4j-77.1.jar;c:\Users\leost\.vscode\extensions\ltex-plus.vscode-ltex-plus-15.7.1\lib\ltex-ls-plus-18.7.0\lib\indriya-1.3.jar;c:\Users\leost\.vscode\extensions\ltex-plus.vscode-ltex-plus-15.7.1\lib\ltex-ls-plus-18.7.0\lib\istack-commons-runtime-4.1.2.jar;c:\Users\leost\.vscode\extensions\ltex-plus.vscode-ltex-plus-15.7.1\lib\ltex-ls-plus-18.7.0\lib\j2objc-annotations-3.1.jar;c:\Users\leost\.vscode\extensions\ltex-plus.vscode-ltex-plus-15.7.1\lib\ltex-ls-plus-18.7.0\lib\jackson-annotations-2.18.0.jar;c:\Users\leost\.vscode\extensions\ltex-plus.vscode-ltex-plus-15.7.1\lib\ltex-ls-plus-18.7.0\lib\jackson-core-2.18.0.jar;c:\Users\leost\.vscode\extensions\ltex-plus.vscode-ltex-plus-15.7.1\lib\ltex-ls-plus-18.7.0\lib\jackson-databind-2.18.0.jar;c:\Users\leost\.vscode\extensions\ltex-plus.vscode-ltex-plus-15.7.1\lib\ltex-ls-plus-18.7.0\lib\jakarta.activation-1.2.2.jar;c:\Users\leost\.vscode\extensions\ltex-plus.vscode-ltex-plus-15.7.1\lib\ltex-ls-plus-18.7.0\lib\jakarta.activation-api-2.1.3.jar;c:\Users\leost\.vscode\extensions\ltex-plus.vscode-ltex-plus-15.7.1\lib\ltex-ls-plus-18.7.0\lib\jakarta.xml.bind-api-2.3.3.jar;c:\Users\leost\.vscode\extensions\ltex-plus.vscode-ltex-plus-15.7.1\lib\ltex-ls-plus-18.7.0\lib\jansi-2.4.3.jar;c:\Users\leost\.vscode\extensions\ltex-plus.vscode-ltex-plus-15.7.1\lib\ltex-ls-plus-18.7.0\lib\java-diff-utils-4.12.jar;c:\Users\leost\.vscode\extensions\ltex-plus.vscode-ltex-plus-15.7.1\lib\ltex-ls-plus-18.7.0\lib\javax.activation-api-1.2.0.jar;c:\Users\leost\.vscode\extensions\ltex-plus.vscode-ltex-plus-15.7.1\lib\ltex-ls-plus-18.7.0\lib\javax.annotation-api-1.3.2.jar;c:\Users\leost\.vscode\extensions\ltex-plus.vscode-ltex-plus-15.7.1\lib\ltex-ls-plus-18.7.0\lib\jaxb-api-2.3.1.jar;c:\Users\leost\.vscode\extensions\ltex-plus.vscode-ltex-plus-15.7.1\lib\ltex-ls-plus-18.7.0\lib\jaxb-core-2.3.0.1.jar;c:\Users\leost\.vscode\extensions\ltex-plus.vscode-ltex-plus-15.7.1\lib\ltex-ls-plus-18.7.0\lib\jaxb-core-4.0.5.jar;c:\Users\leost\.vscode\extensions\ltex-plus.vscode-ltex-plus-15.7.1\lib\ltex-ls-plus-18.7.0\lib\jaxb-impl-2.3.3.jar;c:\Users\leost\.vscode\extensions\ltex-plus.vscode-ltex-plus-15.7.1\lib\ltex-ls-plus-18.7.0\lib\jaxb-runtime-4.0.5.jar;c:\Users\leost\.vscode\extensions\ltex-plus.vscode-ltex-plus-15.7.1\lib\ltex-ls-plus-18.7.0\lib\jna-5.12.1.jar;c:\Users\leost\.vscode\extensions\ltex-plus.vscode-ltex-plus-15.7.1\lib\ltex-ls-plus-18.7.0\lib\jna-platform-5.12.1.jar;c:\Users\leost\.vscode\extensions\ltex-plus.vscode-ltex-plus-15.7.1\lib\ltex-ls-plus-18.7.0\lib\json-20240303.jar;c:\Users\leost\.vscode\extensions\ltex-plus.vscode-ltex-plus-15.7.1\lib\ltex-ls-plus-18.7.0\lib\jsonic-1.2.11.jar;c:\Users\leost\.vscode\extensions\ltex-plus.vscode-ltex-plus-15.7.1\lib\ltex-ls-plus-18.7.0\lib\jspecify-1.0.0.jar;c:\Users\leost\.vscode\extensions\ltex-plus.vscode-ltex-plus-15.7.1\lib\ltex-ls-plus-18.7.0\lib\jsr305-3.0.2.jar;c:\Users\leost\.vscode\extensions\ltex-plus.vscode-ltex-plus-15.7.1\lib\ltex-ls-plus-18.7.0\lib\junit-4.13.2.jar;c:\Users\leost\.vscode\extensions\ltex-plus.vscode-ltex-plus-15.7.1\lib\ltex-ls-plus-18.7.0\lib\jwordsplitter-4.7.jar;c:\Users\leost\.vscode\extensions\ltex-plus.vscode-ltex-plus-15.7.1\lib\ltex-ls-plus-18.7.0\lib\kotlin-stdlib-2.3.21.jar;c:\Users\leost\.vscode\extensions\ltex-plus.vscode-ltex-plus-15.7.1\lib\ltex-ls-plus-18.7.0\lib\language-all-6.8.jar;c:\Users\leost\.vscode\extensions\ltex-plus.vscode-ltex-plus-15.7.1\lib\ltex-ls-plus-18.7.0\lib\language-ar-6.8.jar;c:\Users\leost\.vscode\extensions\ltex-plus.vscode-ltex-plus-15.7.1\lib\ltex-ls-plus-18.7.0\lib\language-ast-6.8.jar;c:\Users\leost\.vscode\extensions\ltex-plus.vscode-ltex-plus-15.7.1\lib\ltex-ls-plus-18.7.0\lib\language-be-6.8.jar;c:\Users\leost\.vscode\extensions\ltex-plus.vscode-ltex-plus-15.7.1\lib\ltex-ls-plus-18.7.0\lib\language-br-6.8.jar;c:\Users\leost\.vscode\extensions\ltex-plus.vscode-ltex-plus-15.7.1\lib\ltex-ls-plus-18.7.0\lib\language-ca-6.8.jar;c:\Users\leost\.vscode\extensions\ltex-plus.vscode-ltex-plus-15.7.1\lib\ltex-ls-plus-18.7.0\lib\language-crh-6.8.jar;c:\Users\leost\.vscode\extensions\ltex-plus.vscode-ltex-plus-15.7.1\lib\ltex-ls-plus-18.7.0\lib\language-da-6.8.jar;c:\Users\leost\.vscode\extensions\ltex-plus.vscode-ltex-plus-15.7.1\lib\ltex-ls-plus-18.7.0\lib\language-de-6.8.jar;c:\Users\leost\.vscode\extensions\ltex-plus.vscode-ltex-plus-15.7.1\lib\ltex-ls-plus-18.7.0\lib\language-de-DE-x-simple-language-6.8.jar;c:\Users\leost\.vscode\extensions\ltex-plus.vscode-ltex-plus-15.7.1\lib\ltex-ls-plus-18.7.0\lib\language-detector-0.6.jar;c:\Users\leost\.vscode\extensions\ltex-plus.vscode-ltex-plus-15.7.1\lib\ltex-ls-plus-18.7.0\lib\language-el-6.8.jar;c:\Users\leost\.vscode\extensions\ltex-plus.vscode-ltex-plus-15.7.1\lib\ltex-ls-plus-18.7.0\lib\language-en-6.8.jar;c:\Users\leost\.vscode\extensions\ltex-plus.vscode-ltex-plus-15.7.1\lib\ltex-ls-plus-18.7.0\lib\language-eo-6.8.jar;c:\Users\leost\.vscode\extensions\ltex-plus.vscode-ltex-plus-15.7.1\lib\ltex-ls-plus-18.7.0\lib\language-es-6.8.jar;c:\Users\leost\.vscode\extensions\ltex-plus.vscode-ltex-plus-15.7.1\lib\ltex-ls-plus-18.7.0\lib\language-fa-6.8.jar;c:\Users\leost\.vscode\extensions\ltex-plus.vscode-ltex-plus-15.7.1\lib\ltex-ls-plus-18.7.0\lib\language-fr-6.8.jar;c:\Users\leost\.vscode\extensions\ltex-plus.vscode-ltex-plus-15.7.1\lib\ltex-ls-plus-18.7.0\lib\language-ga-6.8.jar;c:\Users\leost\.vscode\extensions\ltex-plus.vscode-ltex-plus-15.7.1\lib\ltex-ls-plus-18.7.0\lib\language-gl-6.8.jar;c:\Users\leost\.vscode\extensions\ltex-plus.vscode-ltex-plus-15.7.1\lib\ltex-ls-plus-18.7.0\lib\language-it-6.8.jar;c:\Users\leost\.vscode\extensions\ltex-plus.vscode-ltex-plus-15.7.1\lib\ltex-ls-plus-18.7.0\lib\language-ja-6.8.jar;c:\Users\leost\.vscode\extensions\ltex-plus.vscode-ltex-plus-15.7.1\lib\ltex-ls-plus-18.7.0\lib\language-km-6.8.jar;c:\Users\leost\.vscode\extensions\ltex-plus.vscode-ltex-plus-15.7.1\lib\ltex-ls-plus-18.7.0\lib\language-nl-6.8.jar;c:\Users\leost\.vscode\extensions\ltex-plus.vscode-ltex-plus-15.7.1\lib\ltex-ls-plus-18.7.0\lib\language-pl-6.8.jar;c:\Users\leost\.vscode\extensions\ltex-plus.vscode-ltex-plus-15.7.1\lib\ltex-ls-plus-18.7.0\lib\language-pt-6.8.jar;c:\Users\leost\.vscode\extensions\ltex-plus.vscode-ltex-plus-15.7.1\lib\ltex-ls-plus-18.7.0\lib\language-ro-6.8.jar;c:\Users\leost\.vscode\extensions\ltex-plus.vscode-ltex-plus-15.7.1\lib\ltex-ls-plus-18.7.0\lib\language-ru-6.8.jar;c:\Users\leost\.vscode\extensions\ltex-plus.vscode-ltex-plus-15.7.1\lib\ltex-ls-plus-18.7.0\lib\language-sk-6.8.jar;c:\Users\leost\.vscode\extensions\ltex-plus.vscode-ltex-plus-15.7.1\lib\ltex-ls-plus-18.7.0\lib\language-sl-6.8.jar;c:\Users\leost\.vscode\extensions\ltex-plus.vscode-ltex-plus-15.7.1\lib\ltex-ls-plus-18.7.0\lib\language-sv-6.8.jar;c:\Users\leost\.vscode\extensions\ltex-plus.vscode-ltex-plus-15.7.1\lib\ltex-ls-plus-18.7.0\lib\language-ta-6.8.jar;c:\Users\leost\.vscode\extensions\ltex-plus.vscode-ltex-plus-15.7.1\lib\ltex-ls-plus-18.7.0\lib\language-tl-6.8.jar;c:\Users\leost\.vscode\extensions\ltex-plus.vscode-ltex-plus-15.7.1\lib\ltex-ls-plus-18.7.0\lib\language-uk-6.8.jar;c:\Users\leost\.vscode\extensions\ltex-plus.vscode-ltex-plus-15.7.1\lib\ltex-ls-plus-18.7.0\lib\language-zh-6.8.jar;c:\Users\leost\.vscode\extensions\ltex-plus.vscode-ltex-plus-15.7.1\lib\ltex-ls-plus-18.7.0\lib\languagetool-core-6.8.jar;c:\Users\leost\.vscode\extensions\ltex-plus.vscode-ltex-plus-15.7.1\lib\ltex-ls-plus-18.7.0\lib\languagetool-ga-dicts-0.02.jar;c:\Users\leost\.vscode\extensions\ltex-plus.vscode-ltex-plus-15.7.1\lib\ltex-ls-plus-18.7.0\lib\LatencyUtils-2.0.3.jar;c:\Users\leost\.vscode\extensions\ltex-plus.vscode-ltex-plus-15.7.1\lib\ltex-ls-plus-18.7.0\lib\linguistics.grammardb.spell.languagetool-1.0.2.jar;c:\Users\leost\.vscode\extensions\ltex-plus.vscode-ltex-plus-15.7.1\lib\ltex-ls-plus-18.7.0\lib\listenablefuture-9999.0-empty-to-avoid-conflict-with-guava.jar;c:\Users\leost\.vscode\extensions\ltex-plus.vscode-ltex-plus-15.7.1\lib\ltex-ls-plus-18.7.0\lib\lspcli-2.3.0.jar;c:\Users\leost\.vscode\extensions\ltex-plus.vscode-ltex-plus-15.7.1\lib\ltex-ls-plus-18.7.0\lib\ltexls-plus-18.7.0.jar;c:\Users\leost\.vscode\extensions\ltex-plus.vscode-ltex-plus-15.7.1\lib\ltex-ls-plus-18.7.0\lib\lucene-backward-codecs-5.5.5.jar;c:\Users\leost\.vscode\extensions\ltex-plus.vscode-ltex-plus-15.7.1\lib\ltex-ls-plus-18.7.0\lib\lucene-core-5.5.5.jar;c:\Users\leost\.vscode\extensions\ltex-plus.vscode-ltex-plus-15.7.1\lib\ltex-ls-plus-18.7.0\lib\lucene-gosen-6.2.1-ipadic.jar;c:\Users\leost\.vscode\extensions\ltex-plus.vscode-ltex-plus-15.7.1\lib\ltex-ls-plus-18.7.0\lib\micrometer-core-1.7.12.jar;c:\Users\leost\.vscode\extensions\ltex-plus.vscode-ltex-plus-15.7.1\lib\ltex-ls-plus-18.7.0\lib\micrometer-registry-prometheus-1.7.12.jar;c:\Users\leost\.vscode\extensions\ltex-plus.vscode-ltex-plus-15.7.1\lib\ltex-ls-plus-18.7.0\lib\morfologik-crh-lt-1.0.1.jar;c:\Users\leost\.vscode\extensions\ltex-plus.vscode-ltex-plus-15.7.1\lib\ltex-ls-plus-18.7.0\lib\morfologik-fsa-2.1.9.jar;c:\Users\leost\.vscode\extensions\ltex-plus.vscode-ltex-plus-15.7.1\lib\ltex-ls-plus-18.7.0\lib\morfologik-fsa-builders-2.1.9.jar;c:\Users\leost\.vscode\extensions\ltex-plus.vscode-ltex-plus-15.7.1\lib\ltex-ls-plus-18.7.0\lib\morfologik-speller-2.1.9.jar;c:\Users\leost\.vscode\extensions\ltex-plus.vscode-ltex-plus-15.7.1\lib\ltex-ls-plus-18.7.0\lib\morfologik-stemming-2.1.9.jar;c:\Users\leost\.vscode\extensions\ltex-plus.vscode-ltex-plus-15.7.1\lib\ltex-ls-plus-18.7.0\lib\morfologik-ukrainian-lt-6.8.0.jar;c:\Users\leost\.vscode\extensions\ltex-plus.vscode-ltex-plus-15.7.1\lib\ltex-ls-plus-18.7.0\lib\morphology-el-1.0.0.jar;c:\Users\leost\.vscode\extensions\ltex-plus.vscode-ltex-plus-15.7.1\lib\ltex-ls-plus-18.7.0\lib\opennlp-chunk-models-1.5.jar;c:\Users\leost\.vscode\extensions\ltex-plus.vscode-ltex-plus-15.7.1\lib\ltex-ls-plus-18.7.0\lib\opennlp-postag-models-1.5.jar;c:\Users\leost\.vscode\extensions\ltex-plus.vscode-ltex-plus-15.7.1\lib\ltex-ls-plus-18.7.0\lib\opennlp-tokenize-models-1.5.jar;c:\Users\leost\.vscode\extensions\ltex-plus.vscode-ltex-plus-15.7.1\lib\ltex-ls-plus-18.7.0\lib\opennlp-tools-1.9.4.jar;c:\Users\leost\.vscode\extensions\ltex-plus.vscode-ltex-plus-15.7.1\lib\ltex-ls-plus-18.7.0\lib\openregex-1.1.1.jar;c:\Users\leost\.vscode\extensions\ltex-plus.vscode-ltex-plus-15.7.1\lib\ltex-ls-plus-18.7.0\lib\opentelemetry-api-1.42.1.jar;c:\Users\leost\.vscode\extensions\ltex-plus.vscode-ltex-plus-15.7.1\lib\ltex-ls-plus-18.7.0\lib\opentelemetry-context-1.42.1.jar;c:\Users\leost\.vscode\extensions\ltex-plus.vscode-ltex-plus-15.7.1\lib\ltex-ls-plus-18.7.0\lib\opentelemetry-semconv-1.30.1-alpha.jar;c:\Users\leost\.vscode\extensions\ltex-plus.vscode-ltex-plus-15.7.1\lib\ltex-ls-plus-18.7.0\lib\org.eclipse.lsp4j-0.24.0.jar;c:\Users\leost\.vscode\extensions\ltex-plus.vscode-ltex-plus-15.7.1\lib\ltex-ls-plus-18.7.0\lib\org.eclipse.lsp4j.jsonrpc-0.24.0.jar;c:\Users\leost\.vscode\extensions\ltex-plus.vscode-ltex-plus-15.7.1\lib\ltex-ls-plus-18.7.0\lib\perfmark-api-0.27.0.jar;c:\Users\leost\.vscode\extensions\ltex-plus.vscode-ltex-plus-15.7.1\lib\ltex-ls-plus-18.7.0\lib\picocli-4.7.7.jar;c:\Users\leost\.vscode\extensions\ltex-plus.vscode-ltex-plus-15.7.1\lib\ltex-ls-plus-18.7.0\lib\portuguese-pos-dict-1.2.0.jar;c:\Users\leost\.vscode\extensions\ltex-plus.vscode-ltex-plus-15.7.1\lib\ltex-ls-plus-18.7.0\lib\proto-google-common-protos-2.59.2.jar;c:\Users\leost\.vscode\extensions\ltex-plus.vscode-ltex-plus-15.7.1\lib\ltex-ls-plus-18.7.0\lib\protobuf-java-3.25.8.jar;c:\Users\leost\.vscode\extensions\ltex-plus.vscode-ltex-plus-15.7.1\lib\ltex-ls-plus-18.7.0\lib\resilience4j-circuitbreaker-1.7.1.jar;c:\Users\leost\.vscode\extensions\ltex-plus.vscode-ltex-plus-15.7.1\lib\ltex-ls-plus-18.7.0\lib\resilience4j-core-1.7.1.jar;c:\Users\leost\.vscode\extensions\ltex-plus.vscode-ltex-plus-15.7.1\lib\ltex-ls-plus-18.7.0\lib\resilience4j-micrometer-1.7.1.jar;c:\Users\leost\.vscode\extensions\ltex-plus.vscode-ltex-plus-15.7.1\lib\ltex-ls-plus-18.7.0\lib\segment-2.0.3.jar;c:\Users\leost\.vscode\extensions\ltex-plus.vscode-ltex-plus-15.7.1\lib\ltex-ls-plus-18.7.0\lib\simpleclient-0.16.0.jar;c:\Users\leost\.vscode\extensions\ltex-plus.vscode-ltex-plus-15.7.1\lib\ltex-ls-plus-18.7.0\lib\simpleclient_common-0.10.0.jar;c:\Users\leost\.vscode\extensions\ltex-plus.vscode-ltex-plus-15.7.1\lib\ltex-ls-plus-18.7.0\lib\simpleclient_guava-0.16.0.jar;c:\Users\leost\.vscode\extensions\ltex-plus.vscode-ltex-plus-15.7.1\lib\ltex-ls-plus-18.7.0\lib\simpleclient_tracer_common-0.16.0.jar;c:\Users\leost\.vscode\extensions\ltex-plus.vscode-ltex-plus-15.7.1\lib\ltex-ls-plus-18.7.0\lib\simpleclient_tracer_otel-0.16.0.jar;c:\Users\leost\.vscode\extensions\ltex-plus.vscode-ltex-plus-15.7.1\lib\ltex-ls-plus-18.7.0\lib\simpleclient_tracer_otel_agent-0.16.0.jar;c:\Users\leost\.vscode\extensions\ltex-plus.vscode-ltex-plus-15.7.1\lib\ltex-ls-plus-18.7.0\lib\slf4j-api-2.0.16.jar;c:\Users\leost\.vscode\extensions\ltex-plus.vscode-ltex-plus-15.7.1\lib\ltex-ls-plus-18.7.0\lib\slf4j-nop-2.0.18.jar;c:\Users\leost\.vscode\extensions\ltex-plus.vscode-ltex-plus-15.7.1\lib\ltex-ls-plus-18.7.0\lib\spanish-pos-dict-2.5.jar;c:\Users\leost\.vscode\extensions\ltex-plus.vscode-ltex-plus-15.7.1\lib\ltex-ls-plus-18.7.0\lib\stax2-api-4.3.0.jar;c:\Users\leost\.vscode\extensions\ltex-plus.vscode-ltex-plus-15.7.1\lib\ltex-ls-plus-18.7.0\lib\txw2-4.0.5.jar;c:\Users\leost\.vscode\extensions\ltex-plus.vscode-ltex-plus-15.7.1\lib\ltex-ls-plus-18.7.0\lib\unit-api-1.0.jar;c:\Users\leost\.vscode\extensions\ltex-plus.vscode-ltex-plus-15.7.1\lib\ltex-ls-plus-18.7.0\lib\uom-lib-common-1.1.jar;c:\Users\leost\.vscode\extensions\ltex-plus.vscode-ltex-plus-15.7.1\lib\ltex-ls-plus-18.7.0\lib\vavr-0.10.2.jar;c:\Users\leost\.vscode\extensions\ltex-plus.vscode-ltex-plus-15.7.1\lib\ltex-ls-plus-18.7.0\lib\vavr-match-0.10.2.jar;c:\Users\leost\.vscode\extensions\ltex-plus.vscode-ltex-plus-15.7.1\lib\ltex-ls-plus-18.7.0\lib\woodstox-core-7.2.0.jar
Launcher Type: SUN_STANDARD

[Global flags]
     intx CICompilerCount                          = 12                                        {product} {ergonomic}
     uint ConcGCThreads                            = 3                                         {product} {ergonomic}
     uint G1ConcRefinementThreads                  = 13                                        {product} {ergonomic}
   size_t G1HeapRegionSize                         = 1048576                                   {product} {ergonomic}
    uintx GCDrainStackTargetSize                   = 64                                        {product} {ergonomic}
   size_t InitialHeapSize                          = 67108864                                  {product} {command line}
   size_t MarkStackSize                            = 4194304                                   {product} {ergonomic}
   size_t MaxHeapSize                              = 2147483648                                {product} {command line}
   size_t MaxNewSize                               = 1287651328                                {product} {ergonomic}
   size_t MinHeapDeltaBytes                        = 1048576                                   {product} {ergonomic}
   size_t MinHeapSize                              = 67108864                                  {product} {command line}
    uintx NonNMethodCodeHeapSize                   = 7602480                                {pd product} {ergonomic}
    uintx NonProfiledCodeHeapSize                  = 122027880                              {pd product} {ergonomic}
    uintx ProfiledCodeHeapSize                     = 122027880                              {pd product} {ergonomic}
    uintx ReservedCodeCacheSize                    = 251658240                              {pd product} {ergonomic}
     bool SegmentedCodeCache                       = true                                      {product} {ergonomic}
   size_t SoftMaxHeapSize                          = 2147483648                             {manageable} {ergonomic}
     bool UseCompressedOops                        = true                           {product lp64_product} {ergonomic}
     bool UseG1GC                                  = true                                      {product} {ergonomic}
     bool UseLargePagesIndividualAllocation        = false                                  {pd product} {ergonomic}

Logging:
Log output configuration:
 #0: stdout all=warning uptime,level,tags foldmultilines=false
 #1: stderr all=off uptime,level,tags foldmultilines=false

Release file:
JAVA_VERSION="21.0.10"
MODULES="java.base java.compiler java.datatransfer java.xml java.prefs java.desktop java.instrument java.logging java.management java.security.sasl java.naming java.rmi java.management.rmi java.net.http java.scripting java.security.jgss java.transaction.xa java.sql java.sql.rowset java.xml.crypto java.se java.smartcardio jdk.accessibility jdk.charsets jdk.crypto.ec jdk.crypto.cryptoki jdk.dynalink jdk.httpserver jdk.incubator.vector jdk.internal.vm.ci jdk.internal.vm.compiler jdk.internal.vm.compiler.management jdk.jdwp.agent jdk.jfr jdk.jsobject jdk.localedata jdk.management jdk.management.agent jdk.naming.dns jdk.naming.rmi jdk.net jdk.nio.mapmode jdk.sctp jdk.security.auth jdk.security.jgss jdk.unsupported jdk.xml.dom jdk.zipfs"

Environment Variables:
JAVA_HOME=c:\Users\leost\.vscode\extensions\ltex-plus.vscode-ltex-plus-15.7.1\lib\ltex-ls-plus-18.7.0\jdk-21.0.10+7
CLASSPATH="c:\Users\leost\.vscode\extensions\ltex-plus.vscode-ltex-plus-15.7.1\lib\ltex-ls-plus-18.7.0"\etc;"c:\Users\leost\.vscode\extensions\ltex-plus.vscode-ltex-plus-15.7.1\lib\ltex-ls-plus-18.7.0\lib"\*
JAVA_OPTS=-Xms64m -Xmx2048m
PATH=C:\Windows\system32;C:\Windows;C:\Windows\System32\Wbem;C:\Windows\System32\WindowsPowerShell\v1.0\;C:\Windows\System32\OpenSSH\;C:\Program Files (x86)\NVIDIA Corporation\PhysX\Common;C:\Program Files\NVIDIA Corporation\NVIDIA NvDLISR;C:\Windows\system32;C:\Windows;C:\Windows\System32\Wbem;C:\Windows\System32\WindowsPowerShell\v1.0\;C:\Windows\System32\OpenSSH\;C:\Program Files\dotnet\;D:\Git LFS;C:\xampp\php;C:\ProgramData\ComposerSetup\bin;cancel;C:\Program Files\nodejs;cancel;C:\Program Files\nodejs;C:\Program Files\PostgreSQL\15\bin;D:\Git\cmd;D:\Git LFS\Git LFS;C:\Program Files\GitHub CLI\;D:\MSYS2\ucrt64\bin;C:\Users\leost\AppData\Local\Programs\Python\Python312\Scripts\;C:\Users\leost\AppData\Local\Programs\Python\Python312\;C:\Users\leost\AppData\Local\Programs\Python\Launcher\;C:\Users\leost\.cargo\bin;C:\Users\leost\AppData\Local\Microsoft\WindowsApps;D:\Microsoft VS Code\bin;C:\Users\leost\AppData\Roaming\Composer\vendor\bin;C:\Users\leost\AppData\Local\Muse Hub\lib;C:\Users\leost\AppData\Local\nvm;C:\nvm4w\nodejs;D:\cursor\resources\app\bin;C:\Users\leost\.local\bin;C:\Users\leost\AppData\Local\Microsoft\WinGet\Packages\astral-sh.uv_Microsoft.Winget.Source_8wekyb3d8bbwe;C:\Users\leost\.dotnet\tools
USERNAME=leost
OS=Windows_NT
PROCESSOR_IDENTIFIER=AMD64 Family 25 Model 80 Stepping 0, AuthenticAMD
TMP=C:\Users\leost\AppData\Local\Temp
TEMP=C:\Users\leost\AppData\Local\Temp




Periodic native trim disabled

---------------  S Y S T E M  ---------------

OS:
 Windows 11 , 64 bit Build 22621 (10.0.22621.5415)
OS uptime: 1 days 2:25 hours
Hyper-V role detected

CPU: total 16 (initial active 16) (16 cores per cpu, 2 threads per core) family 25 model 80 stepping 0 microcode 0x0, cx8, cmov, fxsr, ht, mmx, 3dnowpref, sse, sse2, sse3, ssse3, sse4a, sse4.1, sse4.2, popcnt, lzcnt, tsc, tscinvbit, avx, avx2, aes, erms, clmul, bmi1, bmi2, adx, sha, fma, vzeroupper, clflush, clflushopt, hv, rdtscp, rdpid, fsrm, f16c, cet_ss
Processor Information for the first 16 processors :
  Max Mhz: 3201, Current Mhz: 3201, Mhz Limit: 3201

Memory: 4k page, system-wide physical 15775M (752M free)
TotalPageFile size 30352M (AvailPageFile size 201M)
current process WorkingSet (physical memory assigned to process): 326M, peak: 328M
current process commit charge ("private bytes"): 375M, peak: 603M

vm_info: OpenJDK 64-Bit Server VM (21.0.10+7-LTS) for windows-amd64 JRE (21.0.10+7-LTS), built on 2026-01-20T00:00:00Z by "admin" with MS VC++ 17.12 (VS2022)

END.
