#
# There is insufficient memory for the Java Runtime Environment to continue.
# Native memory allocation (malloc) failed to allocate 1185728 bytes. Error detail: Chunk::new
# Possible reasons:
#   The system is out of physical RAM or swap space
#   This process is running with CompressedOops enabled, and the Java Heap may be blocking the growth of the native heap
# Possible solutions:
#   Reduce memory load on the system
#   Increase physical memory or swap space
#   Check if swap backing store is full
#   Decrease Java heap size (-Xmx/-Xms)
#   Decrease number of Java threads
#   Decrease Java thread stack sizes (-Xss)
#   Set larger code cache with -XX:ReservedCodeCacheSize=
#   JVM is running with Unscaled Compressed Oops mode in which the Java heap is
#     placed in the first 4GB address space. The Java Heap base address is the
#     maximum limit for the native heap growth. Please use -XX:HeapBaseMinAddress
#     to set the Java Heap base and to place the Java Heap above 4GB virtual address.
# This output file may be truncated or incomplete.
#
#  Out of Memory Error (arena.cpp:168), pid=27104, tid=31256
#
# JRE version: OpenJDK Runtime Environment Temurin-21.0.10+7 (21.0.10+7) (build 21.0.10+7-LTS)
# Java VM: OpenJDK 64-Bit Server VM Temurin-21.0.10+7 (21.0.10+7-LTS, mixed mode, tiered, compressed oops, compressed class ptrs, g1 gc, windows-amd64)
# No core dump will be written. Minidumps are not enabled by default on client versions of Windows
#

---------------  S U M M A R Y ------------

Command Line: -Xms64m -Xmx2048m -Dapp.name=ltex-ls-plus -Dapp.repo=c:\Users\leost\.vscode\extensions\ltex-plus.vscode-ltex-plus-15.7.1\lib\ltex-ls-plus-18.7.0\lib -Dapp.home=c:\Users\leost\.vscode\extensions\ltex-plus.vscode-ltex-plus-15.7.1\lib\ltex-ls-plus-18.7.0 -Dbasedir=c:\Users\leost\.vscode\extensions\ltex-plus.vscode-ltex-plus-15.7.1\lib\ltex-ls-plus-18.7.0 org.bsplines.ltexls.LtexLanguageServerLauncher

Host: AMD Ryzen 7 5800HS with Radeon Graphics         , 16 cores, 15G,  Windows 11 , 64 bit Build 22621 (10.0.22621.5415)
Time: Thu Sep  3 14:45:09 2026 AUS Eastern Standard Time elapsed time: 2.801396 seconds (0d 0h 0m 2s)

---------------  T H R E A D  ---------------

Current thread (0x00000217791e9d90):  JavaThread "C2 CompilerThread0" daemon [_thread_in_native, id=31256, stack(0x0000007ed3e00000,0x0000007ed3f00000) (1024K)]


Current CompileTask:
C2:2801 2786       4       java.util.TimSort::binarySort (223 bytes)

Stack: [0x0000007ed3e00000,0x0000007ed3f00000]
Native frames: (J=compiled Java code, j=interpreted, Vv=VM code, C=native code)
V  [jvm.dll+0x6d7a39]
V  [jvm.dll+0x8b4b26]
V  [jvm.dll+0x8b70de]
V  [jvm.dll+0x8b77c3]
V  [jvm.dll+0x284346]
V  [jvm.dll+0xc66ed]
V  [jvm.dll+0xc6c31]
V  [jvm.dll+0x3bec3b]
V  [jvm.dll+0x38b162]
V  [jvm.dll+0x38a5aa]
V  [jvm.dll+0x24c560]
V  [jvm.dll+0x24bb40]
V  [jvm.dll+0x1cb34e]
V  [jvm.dll+0x25b85d]
V  [jvm.dll+0x259dea]
V  [jvm.dll+0x3f857e]
V  [jvm.dll+0x85f59d]
V  [jvm.dll+0x6d626d]
C  [ucrtbase.dll+0x29333]
C  [KERNEL32.DLL+0x1259d]
C  [ntdll.dll+0x5af78]


---------------  P R O C E S S  ---------------

Threads class SMR info:
_java_thread_list=0x000002177eb404d0, length=16, elements={
0x000002176e344000, 0x00000217791cccb0, 0x00000217791ce490, 0x00000217791d3820,
0x00000217791d1590, 0x00000217791e6590, 0x00000217791e9000, 0x00000217791e9d90,
0x00000217791ea830, 0x00000217790ab160, 0x000002177944fb10, 0x0000021779460330,
0x0000021779c3fae0, 0x000002177ea7a3d0, 0x000002177f0829e0, 0x000002177f083090
}

Java Threads: ( => current thread )
  0x000002176e344000 JavaThread "main"                              [_thread_in_Java, id=36556, stack(0x0000007ed3000000,0x0000007ed3100000) (1024K)]
  0x00000217791cccb0 JavaThread "Reference Handler"          daemon [_thread_blocked, id=23576, stack(0x0000007ed3800000,0x0000007ed3900000) (1024K)]
  0x00000217791ce490 JavaThread "Finalizer"                  daemon [_thread_blocked, id=38304, stack(0x0000007ed3900000,0x0000007ed3a00000) (1024K)]
  0x00000217791d3820 JavaThread "Signal Dispatcher"          daemon [_thread_blocked, id=39692, stack(0x0000007ed3a00000,0x0000007ed3b00000) (1024K)]
  0x00000217791d1590 JavaThread "Attach Listener"            daemon [_thread_blocked, id=32372, stack(0x0000007ed3b00000,0x0000007ed3c00000) (1024K)]
  0x00000217791e6590 JavaThread "Service Thread"             daemon [_thread_blocked, id=37288, stack(0x0000007ed3c00000,0x0000007ed3d00000) (1024K)]
  0x00000217791e9000 JavaThread "Monitor Deflation Thread"   daemon [_thread_blocked, id=3744, stack(0x0000007ed3d00000,0x0000007ed3e00000) (1024K)]
=>0x00000217791e9d90 JavaThread "C2 CompilerThread0"         daemon [_thread_in_native, id=31256, stack(0x0000007ed3e00000,0x0000007ed3f00000) (1024K)]
  0x00000217791ea830 JavaThread "C1 CompilerThread0"         daemon [_thread_blocked, id=24416, stack(0x0000007ed3f00000,0x0000007ed4000000) (1024K)]
  0x00000217790ab160 JavaThread "C1 CompilerThread1"         daemon [_thread_blocked, id=22668, stack(0x0000007ed4000000,0x0000007ed4100000) (1024K)]
  0x000002177944fb10 JavaThread "Notification Thread"        daemon [_thread_blocked, id=18372, stack(0x0000007ed4100000,0x0000007ed4200000) (1024K)]
  0x0000021779460330 JavaThread "Common-Cleaner"             daemon [_thread_blocked, id=3284, stack(0x0000007ed4200000,0x0000007ed4300000) (1024K)]
  0x0000021779c3fae0 JavaThread "C2 CompilerThread1"         daemon [_thread_in_native, id=37960, stack(0x0000007ed4300000,0x0000007ed4400000) (1024K)]
  0x000002177ea7a3d0 JavaThread "C2 CompilerThread2"         daemon [_thread_in_native, id=20776, stack(0x0000007ed4900000,0x0000007ed4a00000) (1024K)]
  0x000002177f0829e0 JavaThread "C1 CompilerThread2"         daemon [_thread_blocked, id=35152, stack(0x0000007ed5200000,0x0000007ed5300000) (1024K)]
  0x000002177f083090 JavaThread "C1 CompilerThread3"         daemon [_thread_blocked, id=41568, stack(0x0000007ed5300000,0x0000007ed5400000) (1024K)]
Total: 16

Other Threads:
  0x0000021779139690 VMThread "VM Thread"                           [id=11084, stack(0x0000007ed3700000,0x0000007ed3800000) (1024K)]
  0x00000217790aa760 WatcherThread "VM Periodic Task Thread"        [id=26172, stack(0x0000007ed3600000,0x0000007ed3700000) (1024K)]
  0x0000021770692940 WorkerThread "GC Thread#0"                     [id=17716, stack(0x0000007ed3100000,0x0000007ed3200000) (1024K)]
  0x000002177e440620 WorkerThread "GC Thread#1"                     [id=42188, stack(0x0000007ed4400000,0x0000007ed4500000) (1024K)]
  0x000002177e51f5b0 WorkerThread "GC Thread#2"                     [id=22372, stack(0x0000007ed4500000,0x0000007ed4600000) (1024K)]
  0x000002177e51f960 WorkerThread "GC Thread#3"                     [id=32080, stack(0x0000007ed4600000,0x0000007ed4700000) (1024K)]
  0x000002177e51fd10 WorkerThread "GC Thread#4"                     [id=28308, stack(0x0000007ed4700000,0x0000007ed4800000) (1024K)]
  0x000002177e5200c0 WorkerThread "GC Thread#5"                     [id=42220, stack(0x0000007ed4800000,0x0000007ed4900000) (1024K)]
  0x000002177f465950 WorkerThread "GC Thread#6"                     [id=30476, stack(0x0000007ed4a00000,0x0000007ed4b00000) (1024K)]
  0x000002177efb3aa0 WorkerThread "GC Thread#7"                     [id=28984, stack(0x0000007ed4b00000,0x0000007ed4c00000) (1024K)]
  0x0000021779d3e800 WorkerThread "GC Thread#8"                     [id=5844, stack(0x0000007ed4c00000,0x0000007ed4d00000) (1024K)]
  0x000002177f28d6e0 WorkerThread "GC Thread#9"                     [id=37096, stack(0x0000007ed4d00000,0x0000007ed4e00000) (1024K)]
  0x000002177f28cbd0 WorkerThread "GC Thread#10"                    [id=25988, stack(0x0000007ed4e00000,0x0000007ed4f00000) (1024K)]
  0x000002177f28c470 WorkerThread "GC Thread#11"                    [id=39560, stack(0x0000007ed4f00000,0x0000007ed5000000) (1024K)]
  0x000002177ec91870 WorkerThread "GC Thread#12"                    [id=35100, stack(0x0000007ed5400000,0x0000007ed5500000) (1024K)]
  0x00000217706a4c40 ConcurrentGCThread "G1 Main Marker"            [id=42604, stack(0x0000007ed3200000,0x0000007ed3300000) (1024K)]
  0x00000217706a5800 WorkerThread "G1 Conc#0"                       [id=34684, stack(0x0000007ed3300000,0x0000007ed3400000) (1024K)]
  0x000002177f28bd10 WorkerThread "G1 Conc#1"                       [id=39852, stack(0x0000007ed5000000,0x0000007ed5100000) (1024K)]
  0x000002177f28c820 WorkerThread "G1 Conc#2"                       [id=34892, stack(0x0000007ed5100000,0x0000007ed5200000) (1024K)]
  0x0000021778f7afe0 ConcurrentGCThread "G1 Refine#0"               [id=25120, stack(0x0000007ed3400000,0x0000007ed3500000) (1024K)]
  0x0000021778f7b810 ConcurrentGCThread "G1 Service"                [id=21020, stack(0x0000007ed3500000,0x0000007ed3600000) (1024K)]
Total: 21

Threads with active compile tasks:
C2 CompilerThread0  2819 2786       4       java.util.TimSort::binarySort (223 bytes)
C2 CompilerThread1  2819 2633       4       org.languagetool.rules.patterns.PatternRuleHandler::endElement (2398 bytes)
C2 CompilerThread2  2819 2810       4       java.util.ArrayList$ArrayListSpliterator::forEachRemaining (127 bytes)
Total: 3

VM state: not at safepoint (normal execution)

VM Mutex/Monitor currently owned by a thread: None

Heap address: 0x0000000080000000, size: 2048 MB, Compressed Oops mode: 32-bit

CDS archive(s) not mapped
Compressed class space mapped at: 0x0000000100000000-0x0000000140000000, reserved size: 1073741824
Narrow klass base: 0x0000000000000000, Narrow klass shift: 3, Narrow klass range: 0x140000000

GC Precious Log:
 CardTable entry size: 512
 Card Set container configuration: InlinePtr #cards 5 size 8 Array Of Cards #cards 12 size 40 Howl #buckets 4 coarsen threshold 1843 Howl Bitmap #cards 512 size 80 coarsen threshold 460 Card regions per heap region 1 cards per card region 2048
 CPUs: 16 total, 16 available
 Memory: 15775M
 Large Page Support: Disabled
 NUMA Support: Disabled
 Compressed Oops: Enabled (32-bit)
 Heap Region Size: 1M
 Heap Min Capacity: 64M
 Heap Initial Capacity: 64M
 Heap Max Capacity: 2G
 Pre-touch: Disabled
 Parallel Workers: 13
 Concurrent Workers: 3
 Concurrent Refinement Workers: 13
 Periodic GC: Disabled

Heap:
 garbage-first heap   total 108544K, used 34593K [0x0000000080000000, 0x0000000100000000)
  region size 1024K, 9 young (9216K), 3 survivors (3072K)
 Metaspace       used 23538K, committed 23744K, reserved 1114112K
  class space    used 2265K, committed 2368K, reserved 1048576K

Heap Regions: E=young(eden), S=young(survivor), O=old, HS=humongous(starts), HC=humongous(continues), CS=collection set, F=free, TAMS=top-at-mark-start, PB=parsable bottom
|   0|0x0000000080000000, 0x0000000080100000, 0x0000000080100000|100%| O|  |TAMS 0x0000000080000000| PB 0x0000000080000000| Untracked 
|   1|0x0000000080100000, 0x0000000080200000, 0x0000000080200000|100%| O|  |TAMS 0x0000000080100000| PB 0x0000000080100000| Untracked 
|   2|0x0000000080200000, 0x0000000080300000, 0x0000000080300000|100%| O|  |TAMS 0x0000000080200000| PB 0x0000000080200000| Untracked 
|   3|0x0000000080300000, 0x0000000080400000, 0x0000000080400000|100%| O|  |TAMS 0x0000000080300000| PB 0x0000000080300000| Untracked 
|   4|0x0000000080400000, 0x0000000080500000, 0x0000000080500000|100%| O|  |TAMS 0x0000000080400000| PB 0x0000000080400000| Untracked 
|   5|0x0000000080500000, 0x0000000080600000, 0x0000000080600000|100%| O|  |TAMS 0x0000000080500000| PB 0x0000000080500000| Untracked 
|   6|0x0000000080600000, 0x0000000080700000, 0x0000000080700000|100%| O|  |TAMS 0x0000000080600000| PB 0x0000000080600000| Untracked 
|   7|0x0000000080700000, 0x0000000080800000, 0x0000000080800000|100%| O|  |TAMS 0x0000000080700000| PB 0x0000000080700000| Untracked 
|   8|0x0000000080800000, 0x0000000080900000, 0x0000000080900000|100%|HS|  |TAMS 0x0000000080800000| PB 0x0000000080800000| Complete 
|   9|0x0000000080900000, 0x0000000080a00000, 0x0000000080a00000|100%| O|  |TAMS 0x0000000080900000| PB 0x0000000080900000| Untracked 
|  10|0x0000000080a00000, 0x0000000080b00000, 0x0000000080b00000|100%| O|  |TAMS 0x0000000080a00000| PB 0x0000000080a00000| Untracked 
|  11|0x0000000080b00000, 0x0000000080c00000, 0x0000000080c00000|100%| O|  |TAMS 0x0000000080b00000| PB 0x0000000080b00000| Untracked 
|  12|0x0000000080c00000, 0x0000000080d00000, 0x0000000080d00000|100%| O|  |TAMS 0x0000000080c00000| PB 0x0000000080c00000| Untracked 
|  13|0x0000000080d00000, 0x0000000080e00000, 0x0000000080e00000|100%| O|  |TAMS 0x0000000080d00000| PB 0x0000000080d00000| Untracked 
|  14|0x0000000080e00000, 0x0000000080f00000, 0x0000000080f00000|100%| O|  |TAMS 0x0000000080e00000| PB 0x0000000080e00000| Untracked 
|  15|0x0000000080f00000, 0x0000000081000000, 0x0000000081000000|100%| O|  |TAMS 0x0000000080f00000| PB 0x0000000080f00000| Untracked 
|  16|0x0000000081000000, 0x0000000081100000, 0x0000000081100000|100%| O|  |TAMS 0x0000000081000000| PB 0x0000000081000000| Untracked 
|  17|0x0000000081100000, 0x0000000081200000, 0x0000000081200000|100%| O|  |TAMS 0x0000000081100000| PB 0x0000000081100000| Untracked 
|  18|0x0000000081200000, 0x0000000081300000, 0x0000000081300000|100%| O|  |TAMS 0x0000000081200000| PB 0x0000000081200000| Untracked 
|  19|0x0000000081300000, 0x0000000081400000, 0x0000000081400000|100%| O|  |TAMS 0x0000000081300000| PB 0x0000000081300000| Untracked 
|  20|0x0000000081400000, 0x0000000081500000, 0x0000000081500000|100%| O|  |TAMS 0x0000000081400000| PB 0x0000000081400000| Untracked 
|  21|0x0000000081500000, 0x0000000081600000, 0x0000000081600000|100%| O|  |TAMS 0x0000000081500000| PB 0x0000000081500000| Untracked 
|  22|0x0000000081600000, 0x0000000081600000, 0x0000000081700000|  0%| F|  |TAMS 0x0000000081600000| PB 0x0000000081600000| Untracked 
|  23|0x0000000081700000, 0x0000000081700000, 0x0000000081800000|  0%| F|  |TAMS 0x0000000081700000| PB 0x0000000081700000| Untracked 
|  24|0x0000000081800000, 0x0000000081800000, 0x0000000081900000|  0%| F|  |TAMS 0x0000000081800000| PB 0x0000000081800000| Untracked 
|  25|0x0000000081900000, 0x0000000081a00000, 0x0000000081a00000|100%|HS|  |TAMS 0x0000000081900000| PB 0x0000000081900000| Complete 
|  26|0x0000000081a00000, 0x0000000081b00000, 0x0000000081b00000|100%| O|  |TAMS 0x0000000081a00000| PB 0x0000000081a00000| Untracked 
|  27|0x0000000081b00000, 0x0000000081c00000, 0x0000000081c00000|100%| O|  |TAMS 0x0000000081b00000| PB 0x0000000081b00000| Untracked 
|  28|0x0000000081c00000, 0x0000000081cedd20, 0x0000000081d00000| 92%| O|  |TAMS 0x0000000081c00000| PB 0x0000000081c00000| Untracked 
|  29|0x0000000081d00000, 0x0000000081d00000, 0x0000000081e00000|  0%| F|  |TAMS 0x0000000081d00000| PB 0x0000000081d00000| Untracked 
|  30|0x0000000081e00000, 0x0000000081e00000, 0x0000000081f00000|  0%| F|  |TAMS 0x0000000081e00000| PB 0x0000000081e00000| Untracked 
|  31|0x0000000081f00000, 0x0000000081f00000, 0x0000000082000000|  0%| F|  |TAMS 0x0000000081f00000| PB 0x0000000081f00000| Untracked 
|  32|0x0000000082000000, 0x0000000082000000, 0x0000000082100000|  0%| F|  |TAMS 0x0000000082000000| PB 0x0000000082000000| Untracked 
|  33|0x0000000082100000, 0x0000000082100000, 0x0000000082200000|  0%| F|  |TAMS 0x0000000082100000| PB 0x0000000082100000| Untracked 
|  34|0x0000000082200000, 0x0000000082200000, 0x0000000082300000|  0%| F|  |TAMS 0x0000000082200000| PB 0x0000000082200000| Untracked 
|  35|0x0000000082300000, 0x0000000082300000, 0x0000000082400000|  0%| F|  |TAMS 0x0000000082300000| PB 0x0000000082300000| Untracked 
|  36|0x0000000082400000, 0x0000000082400000, 0x0000000082500000|  0%| F|  |TAMS 0x0000000082400000| PB 0x0000000082400000| Untracked 
|  37|0x0000000082500000, 0x0000000082500000, 0x0000000082600000|  0%| F|  |TAMS 0x0000000082500000| PB 0x0000000082500000| Untracked 
|  38|0x0000000082600000, 0x00000000826da7a8, 0x0000000082700000| 85%| S|CS|TAMS 0x0000000082600000| PB 0x0000000082600000| Complete 
|  39|0x0000000082700000, 0x0000000082800000, 0x0000000082800000|100%| S|CS|TAMS 0x0000000082700000| PB 0x0000000082700000| Complete 
|  40|0x0000000082800000, 0x0000000082900000, 0x0000000082900000|100%| S|CS|TAMS 0x0000000082800000| PB 0x0000000082800000| Complete 
|  41|0x0000000082900000, 0x0000000082900000, 0x0000000082a00000|  0%| F|  |TAMS 0x0000000082900000| PB 0x0000000082900000| Untracked 
|  42|0x0000000082a00000, 0x0000000082a00000, 0x0000000082b00000|  0%| F|  |TAMS 0x0000000082a00000| PB 0x0000000082a00000| Untracked 
|  43|0x0000000082b00000, 0x0000000082b00000, 0x0000000082c00000|  0%| F|  |TAMS 0x0000000082b00000| PB 0x0000000082b00000| Untracked 
|  44|0x0000000082c00000, 0x0000000082c00000, 0x0000000082d00000|  0%| F|  |TAMS 0x0000000082c00000| PB 0x0000000082c00000| Untracked 
|  45|0x0000000082d00000, 0x0000000082d00000, 0x0000000082e00000|  0%| F|  |TAMS 0x0000000082d00000| PB 0x0000000082d00000| Untracked 
|  46|0x0000000082e00000, 0x0000000082e00000, 0x0000000082f00000|  0%| F|  |TAMS 0x0000000082e00000| PB 0x0000000082e00000| Untracked 
|  47|0x0000000082f00000, 0x0000000082f00000, 0x0000000083000000|  0%| F|  |TAMS 0x0000000082f00000| PB 0x0000000082f00000| Untracked 
|  48|0x0000000083000000, 0x0000000083000000, 0x0000000083100000|  0%| F|  |TAMS 0x0000000083000000| PB 0x0000000083000000| Untracked 
|  49|0x0000000083100000, 0x0000000083100000, 0x0000000083200000|  0%| F|  |TAMS 0x0000000083100000| PB 0x0000000083100000| Untracked 
|  50|0x0000000083200000, 0x0000000083200000, 0x0000000083300000|  0%| F|  |TAMS 0x0000000083200000| PB 0x0000000083200000| Untracked 
|  51|0x0000000083300000, 0x0000000083300000, 0x0000000083400000|  0%| F|  |TAMS 0x0000000083300000| PB 0x0000000083300000| Untracked 
|  52|0x0000000083400000, 0x0000000083400000, 0x0000000083500000|  0%| F|  |TAMS 0x0000000083400000| PB 0x0000000083400000| Untracked 
|  53|0x0000000083500000, 0x0000000083500000, 0x0000000083600000|  0%| F|  |TAMS 0x0000000083500000| PB 0x0000000083500000| Untracked 
|  54|0x0000000083600000, 0x0000000083600000, 0x0000000083700000|  0%| F|  |TAMS 0x0000000083600000| PB 0x0000000083600000| Untracked 
|  55|0x0000000083700000, 0x0000000083700000, 0x0000000083800000|  0%| F|  |TAMS 0x0000000083700000| PB 0x0000000083700000| Untracked 
|  56|0x0000000083800000, 0x0000000083800000, 0x0000000083900000|  0%| F|  |TAMS 0x0000000083800000| PB 0x0000000083800000| Untracked 
|  57|0x0000000083900000, 0x0000000083900000, 0x0000000083a00000|  0%| F|  |TAMS 0x0000000083900000| PB 0x0000000083900000| Untracked 
|  58|0x0000000083a00000, 0x0000000083a00000, 0x0000000083b00000|  0%| F|  |TAMS 0x0000000083a00000| PB 0x0000000083a00000| Untracked 
|  59|0x0000000083b00000, 0x0000000083b00000, 0x0000000083c00000|  0%| F|  |TAMS 0x0000000083b00000| PB 0x0000000083b00000| Untracked 
|  60|0x0000000083c00000, 0x0000000083c00000, 0x0000000083d00000|  0%| F|  |TAMS 0x0000000083c00000| PB 0x0000000083c00000| Untracked 
|  61|0x0000000083d00000, 0x0000000083d00000, 0x0000000083e00000|  0%| F|  |TAMS 0x0000000083d00000| PB 0x0000000083d00000| Untracked 
|  62|0x0000000083e00000, 0x0000000083e00000, 0x0000000083f00000|  0%| F|  |TAMS 0x0000000083e00000| PB 0x0000000083e00000| Untracked 
|  63|0x0000000083f00000, 0x0000000083f00000, 0x0000000084000000|  0%| F|  |TAMS 0x0000000083f00000| PB 0x0000000083f00000| Untracked 
|  64|0x0000000084000000, 0x0000000084000000, 0x0000000084100000|  0%| F|  |TAMS 0x0000000084000000| PB 0x0000000084000000| Untracked 
|  65|0x0000000084100000, 0x0000000084100000, 0x0000000084200000|  0%| F|  |TAMS 0x0000000084100000| PB 0x0000000084100000| Untracked 
|  66|0x0000000084200000, 0x0000000084200000, 0x0000000084300000|  0%| F|  |TAMS 0x0000000084200000| PB 0x0000000084200000| Untracked 
|  67|0x0000000084300000, 0x0000000084300000, 0x0000000084400000|  0%| F|  |TAMS 0x0000000084300000| PB 0x0000000084300000| Untracked 
|  68|0x0000000084400000, 0x0000000084400000, 0x0000000084500000|  0%| F|  |TAMS 0x0000000084400000| PB 0x0000000084400000| Untracked 
|  69|0x0000000084500000, 0x0000000084500000, 0x0000000084600000|  0%| F|  |TAMS 0x0000000084500000| PB 0x0000000084500000| Untracked 
|  70|0x0000000084600000, 0x0000000084600000, 0x0000000084700000|  0%| F|  |TAMS 0x0000000084600000| PB 0x0000000084600000| Untracked 
|  71|0x0000000084700000, 0x0000000084700000, 0x0000000084800000|  0%| F|  |TAMS 0x0000000084700000| PB 0x0000000084700000| Untracked 
|  72|0x0000000084800000, 0x0000000084800000, 0x0000000084900000|  0%| F|  |TAMS 0x0000000084800000| PB 0x0000000084800000| Untracked 
|  73|0x0000000084900000, 0x0000000084900000, 0x0000000084a00000|  0%| F|  |TAMS 0x0000000084900000| PB 0x0000000084900000| Untracked 
|  74|0x0000000084a00000, 0x0000000084a00000, 0x0000000084b00000|  0%| F|  |TAMS 0x0000000084a00000| PB 0x0000000084a00000| Untracked 
|  75|0x0000000084b00000, 0x0000000084b00000, 0x0000000084c00000|  0%| F|  |TAMS 0x0000000084b00000| PB 0x0000000084b00000| Untracked 
|  76|0x0000000084c00000, 0x0000000084c00000, 0x0000000084d00000|  0%| F|  |TAMS 0x0000000084c00000| PB 0x0000000084c00000| Untracked 
|  77|0x0000000084d00000, 0x0000000084d00000, 0x0000000084e00000|  0%| F|  |TAMS 0x0000000084d00000| PB 0x0000000084d00000| Untracked 
|  78|0x0000000084e00000, 0x0000000084e00000, 0x0000000084f00000|  0%| F|  |TAMS 0x0000000084e00000| PB 0x0000000084e00000| Untracked 
|  79|0x0000000084f00000, 0x0000000084f00000, 0x0000000085000000|  0%| F|  |TAMS 0x0000000084f00000| PB 0x0000000084f00000| Untracked 
|  80|0x0000000085000000, 0x0000000085000000, 0x0000000085100000|  0%| F|  |TAMS 0x0000000085000000| PB 0x0000000085000000| Untracked 
|  81|0x0000000085100000, 0x0000000085100000, 0x0000000085200000|  0%| F|  |TAMS 0x0000000085100000| PB 0x0000000085100000| Untracked 
|  82|0x0000000085200000, 0x0000000085200000, 0x0000000085300000|  0%| F|  |TAMS 0x0000000085200000| PB 0x0000000085200000| Untracked 
|  83|0x0000000085300000, 0x0000000085300000, 0x0000000085400000|  0%| F|  |TAMS 0x0000000085300000| PB 0x0000000085300000| Untracked 
|  84|0x0000000085400000, 0x0000000085400000, 0x0000000085500000|  0%| F|  |TAMS 0x0000000085400000| PB 0x0000000085400000| Untracked 
|  85|0x0000000085500000, 0x0000000085500000, 0x0000000085600000|  0%| F|  |TAMS 0x0000000085500000| PB 0x0000000085500000| Untracked 
|  86|0x0000000085600000, 0x0000000085600000, 0x0000000085700000|  0%| F|  |TAMS 0x0000000085600000| PB 0x0000000085600000| Untracked 
|  87|0x0000000085700000, 0x0000000085700000, 0x0000000085800000|  0%| F|  |TAMS 0x0000000085700000| PB 0x0000000085700000| Untracked 
|  88|0x0000000085800000, 0x0000000085800000, 0x0000000085900000|  0%| F|  |TAMS 0x0000000085800000| PB 0x0000000085800000| Untracked 
|  89|0x0000000085900000, 0x0000000085900000, 0x0000000085a00000|  0%| F|  |TAMS 0x0000000085900000| PB 0x0000000085900000| Untracked 
|  90|0x0000000085a00000, 0x0000000085a00000, 0x0000000085b00000|  0%| F|  |TAMS 0x0000000085a00000| PB 0x0000000085a00000| Untracked 
|  91|0x0000000085b00000, 0x0000000085b00000, 0x0000000085c00000|  0%| F|  |TAMS 0x0000000085b00000| PB 0x0000000085b00000| Untracked 
|  92|0x0000000085c00000, 0x0000000085c00000, 0x0000000085d00000|  0%| F|  |TAMS 0x0000000085c00000| PB 0x0000000085c00000| Untracked 
|  93|0x0000000085d00000, 0x0000000085d00000, 0x0000000085e00000|  0%| F|  |TAMS 0x0000000085d00000| PB 0x0000000085d00000| Untracked 
|  94|0x0000000085e00000, 0x0000000085e00000, 0x0000000085f00000|  0%| F|  |TAMS 0x0000000085e00000| PB 0x0000000085e00000| Untracked 
|  95|0x0000000085f00000, 0x0000000085f00000, 0x0000000086000000|  0%| F|  |TAMS 0x0000000085f00000| PB 0x0000000085f00000| Untracked 
|  96|0x0000000086000000, 0x0000000086000000, 0x0000000086100000|  0%| F|  |TAMS 0x0000000086000000| PB 0x0000000086000000| Untracked 
|  97|0x0000000086100000, 0x0000000086100000, 0x0000000086200000|  0%| F|  |TAMS 0x0000000086100000| PB 0x0000000086100000| Untracked 
|  98|0x0000000086200000, 0x0000000086200000, 0x0000000086300000|  0%| F|  |TAMS 0x0000000086200000| PB 0x0000000086200000| Untracked 
|  99|0x0000000086300000, 0x0000000086374538, 0x0000000086400000| 45%| E|  |TAMS 0x0000000086300000| PB 0x0000000086300000| Complete 
| 100|0x0000000086400000, 0x0000000086500000, 0x0000000086500000|100%| E|CS|TAMS 0x0000000086400000| PB 0x0000000086400000| Complete 
| 101|0x0000000086500000, 0x0000000086600000, 0x0000000086600000|100%| E|CS|TAMS 0x0000000086500000| PB 0x0000000086500000| Complete 
| 102|0x0000000086600000, 0x0000000086700000, 0x0000000086700000|100%| E|CS|TAMS 0x0000000086600000| PB 0x0000000086600000| Complete 
| 103|0x0000000086700000, 0x0000000086800000, 0x0000000086800000|100%| E|CS|TAMS 0x0000000086700000| PB 0x0000000086700000| Complete 
| 104|0x0000000086800000, 0x0000000086900000, 0x0000000086900000|100%| E|CS|TAMS 0x0000000086800000| PB 0x0000000086800000| Complete 
| 105|0x0000000086900000, 0x0000000086a00000, 0x0000000086a00000|100%| E|CS|TAMS 0x0000000086900000| PB 0x0000000086900000| Complete 

Card table byte_map: [0x0000021773c90000,0x0000021774090000] _byte_map_base: 0x0000021773890000

Marking Bits: (CMBitMap*) 0x0000021770692f50
 Bits: [0x0000021774090000, 0x0000021776090000)

Polling page: 0x000002176e4b0000

Metaspace:

Usage:
  Non-class:     20.77 MB used.
      Class:      2.21 MB used.
       Both:     22.99 MB used.

Virtual space:
  Non-class space:       64.00 MB reserved,      20.88 MB ( 33%) committed,  1 nodes.
      Class space:        1.00 GB reserved,       2.31 MB ( <1%) committed,  1 nodes.
             Both:        1.06 GB reserved,      23.19 MB (  2%) committed. 

Chunk freelists:
   Non-Class:  10.58 MB
       Class:  13.55 MB
        Both:  24.12 MB

MaxMetaspaceSize: unlimited
CompressedClassSpaceSize: 1.00 GB
Initial GC threshold: 21.00 MB
Current GC threshold: 35.12 MB
CDS: off
 - commit_granule_bytes: 65536.
 - commit_granule_words: 8192.
 - virtual_space_node_default_size: 8388608.
 - enlarge_chunks_in_place: 1.
 - use_allocation_guard: 0.


Internal statistics:

num_allocs_failed_limit: 3.
num_arena_births: 156.
num_arena_deaths: 0.
num_vsnodes_births: 2.
num_vsnodes_deaths: 0.
num_space_committed: 370.
num_space_uncommitted: 0.
num_chunks_returned_to_freelist: 3.
num_chunks_taken_from_freelist: 512.
num_chunk_merges: 3.
num_chunk_splits: 323.
num_chunks_enlarged: 226.
num_inconsistent_stats: 0.

CodeHeap 'non-profiled nmethods': size=119168Kb used=1325Kb max_used=1325Kb free=117842Kb
 bounds [0x0000021707ba0000, 0x0000021707e10000, 0x000002170f000000]
CodeHeap 'profiled nmethods': size=119104Kb used=5752Kb max_used=5752Kb free=113352Kb
 bounds [0x0000021700000000, 0x00000217005a0000, 0x0000021707450000]
CodeHeap 'non-nmethods': size=7488Kb used=3100Kb max_used=3138Kb free=4387Kb
 bounds [0x0000021707450000, 0x0000021707770000, 0x0000021707ba0000]
CodeCache: size=245760Kb, used=10177Kb, max_used=10215Kb, free=235581Kb
 total_blobs=3301, nmethods=2731, adapters=471, full_count=0
Compilation: enabled, stopped_count=0, restarted_count=0

Compilation events (20 events):
Event: 2.727 Thread 0x000002177f083090 nmethod 2800 0x0000021700594590 code [0x0000021700594740, 0x0000021700594848]
Event: 2.727 Thread 0x000002177f083090 2803       2       java.lang.invoke.MethodHandleImpl::computeValueConversions (121 bytes)
Event: 2.727 Thread 0x00000217791ea830 nmethod 2798 0x0000021700594910 code [0x0000021700594b60, 0x0000021700594fb8]
Event: 2.727 Thread 0x000002177f0829e0 nmethod 2799 0x0000021700595290 code [0x00000217005954a0, 0x0000021700595928]
Event: 2.727 Thread 0x000002177f083090 nmethod 2803 0x0000021700595b10 code [0x0000021700595ce0, 0x0000021700596130]
Event: 2.727 Thread 0x00000217791ea830 2804       2       java.lang.invoke.MethodHandleImpl::countNonNull (42 bytes)
Event: 2.728 Thread 0x000002177f0829e0 2801       2       java.lang.invoke.MethodHandleImpl::makePairwiseConvert (22 bytes)
Event: 2.728 Thread 0x00000217791ea830 nmethod 2804 0x0000021700596490 code [0x0000021700596640, 0x00000217005967d8]
Event: 2.728 Thread 0x000002177f0829e0 nmethod 2801 0x0000021700596910 code [0x0000021700596ac0, 0x0000021700596bf8]
Event: 2.728 Thread 0x000002177f0829e0 2805   !   2       java.util.jar.Attributes::read (494 bytes)
Event: 2.729 Thread 0x00000217790ab160 nmethod 2802 0x0000021700596d10 code [0x0000021700597220, 0x0000021700598b30]
Event: 2.730 Thread 0x000002177f0829e0 nmethod 2805 0x000002170059a190 code [0x000002170059a700, 0x000002170059c288]
Event: 2.749 Thread 0x000002177f0829e0 2806       2       java.lang.StringUTF16::codePointIncluding (87 bytes)
Event: 2.749 Thread 0x00000217791ea830 2807       2       java.lang.StringUTF16::compareCodePointCI (36 bytes)
Event: 2.749 Thread 0x00000217791ea830 nmethod 2807 0x000002170059d510 code [0x000002170059d720, 0x000002170059d988]
Event: 2.749 Thread 0x000002177f0829e0 nmethod 2806 0x000002170059db10 code [0x000002170059dcc0, 0x000002170059df50]
Event: 2.750 Thread 0x000002177ea7a3d0 nmethod 2741 0x0000021707ce3210 code [0x0000021707ce36a0, 0x0000021707ce5c88]
Event: 2.751 Thread 0x000002177ea7a3d0 2797       4       java.util.ArrayList$ArrayListSpliterator::forEachRemaining (127 bytes)
Event: 2.787 Thread 0x000002177ea7a3d0 nmethod 2797 0x0000021707ce7510 code [0x0000021707ce77a0, 0x0000021707ce8990]
Event: 2.787 Thread 0x000002177ea7a3d0 2742       4       com.sun.org.apache.xerces.internal.util.XMLAttributesImpl::addAttribute (679 bytes)

GC Heap History (12 events):
Event: 1.309 GC heap before
{Heap before GC invocations=0 (full 0):
 garbage-first heap   total 65536K, used 23552K [0x0000000080000000, 0x0000000100000000)
  region size 1024K, 23 young (23552K), 0 survivors (0K)
 Metaspace       used 14411K, committed 14528K, reserved 1114112K
  class space    used 1289K, committed 1344K, reserved 1048576K
}
Event: 1.319 GC heap after
{Heap after GC invocations=1 (full 0):
 garbage-first heap   total 65536K, used 7480K [0x0000000080000000, 0x0000000100000000)
  region size 1024K, 3 young (3072K), 3 survivors (3072K)
 Metaspace       used 14411K, committed 14528K, reserved 1114112K
  class space    used 1289K, committed 1344K, reserved 1048576K
}
Event: 1.813 GC heap before
{Heap before GC invocations=1 (full 0):
 garbage-first heap   total 65536K, used 23864K [0x0000000080000000, 0x0000000100000000)
  region size 1024K, 20 young (20480K), 3 survivors (3072K)
 Metaspace       used 21275K, committed 21504K, reserved 1114112K
  class space    used 2048K, committed 2176K, reserved 1048576K
}
Event: 1.822 GC heap after
{Heap after GC invocations=2 (full 0):
 garbage-first heap   total 65536K, used 10393K [0x0000000080000000, 0x0000000100000000)
  region size 1024K, 3 young (3072K), 3 survivors (3072K)
 Metaspace       used 21275K, committed 21504K, reserved 1114112K
  class space    used 2048K, committed 2176K, reserved 1048576K
}
Event: 2.272 GC heap before
{Heap before GC invocations=3 (full 0):
 garbage-first heap   total 65536K, used 37017K [0x0000000080000000, 0x0000000100000000)
  region size 1024K, 29 young (29696K), 3 survivors (3072K)
 Metaspace       used 23091K, committed 23296K, reserved 1114112K
  class space    used 2223K, committed 2304K, reserved 1048576K
}
Event: 2.293 GC heap after
{Heap after GC invocations=4 (full 0):
 garbage-first heap   total 65536K, used 19288K [0x0000000080000000, 0x0000000100000000)
  region size 1024K, 4 young (4096K), 4 survivors (4096K)
 Metaspace       used 23091K, committed 23296K, reserved 1114112K
  class space    used 2223K, committed 2304K, reserved 1048576K
}
Event: 2.478 GC heap before
{Heap before GC invocations=4 (full 0):
 garbage-first heap   total 65536K, used 42840K [0x0000000080000000, 0x0000000100000000)
  region size 1024K, 27 young (27648K), 4 survivors (4096K)
 Metaspace       used 23190K, committed 23360K, reserved 1114112K
  class space    used 2227K, committed 2304K, reserved 1048576K
}
Event: 2.489 GC heap after
{Heap after GC invocations=5 (full 0):
 garbage-first heap   total 65536K, used 22815K [0x0000000080000000, 0x0000000100000000)
  region size 1024K, 4 young (4096K), 4 survivors (4096K)
 Metaspace       used 23190K, committed 23360K, reserved 1114112K
  class space    used 2227K, committed 2304K, reserved 1048576K
}
Event: 2.607 GC heap before
{Heap before GC invocations=5 (full 0):
 garbage-first heap   total 65536K, used 46367K [0x0000000080000000, 0x0000000100000000)
  region size 1024K, 27 young (27648K), 4 survivors (4096K)
 Metaspace       used 23217K, committed 23424K, reserved 1114112K
  class space    used 2228K, committed 2304K, reserved 1048576K
}
Event: 2.620 GC heap after
{Heap after GC invocations=6 (full 0):
 garbage-first heap   total 65536K, used 25472K [0x0000000080000000, 0x0000000100000000)
  region size 1024K, 3 young (3072K), 3 survivors (3072K)
 Metaspace       used 23217K, committed 23424K, reserved 1114112K
  class space    used 2228K, committed 2304K, reserved 1048576K
}
Event: 2.759 GC heap before
{Heap before GC invocations=6 (full 0):
 garbage-first heap   total 65536K, used 53120K [0x0000000080000000, 0x0000000100000000)
  region size 1024K, 26 young (26624K), 3 survivors (3072K)
 Metaspace       used 23538K, committed 23744K, reserved 1114112K
  class space    used 2265K, committed 2368K, reserved 1048576K
}
Event: 2.772 GC heap after
{Heap after GC invocations=7 (full 0):
 garbage-first heap   total 108544K, used 29473K [0x0000000080000000, 0x0000000100000000)
  region size 1024K, 3 young (3072K), 3 survivors (3072K)
 Metaspace       used 23538K, committed 23744K, reserved 1114112K
  class space    used 2265K, committed 2368K, reserved 1048576K
}

Dll operation events (8 events):
Event: 0.010 Loaded shared library c:\Users\leost\.vscode\extensions\ltex-plus.vscode-ltex-plus-15.7.1\lib\ltex-ls-plus-18.7.0\jdk-21.0.10+7\bin\java.dll
Event: 0.016 Loaded shared library c:\Users\leost\.vscode\extensions\ltex-plus.vscode-ltex-plus-15.7.1\lib\ltex-ls-plus-18.7.0\jdk-21.0.10+7\bin\zip.dll
Event: 0.078 Loaded shared library c:\Users\leost\.vscode\extensions\ltex-plus.vscode-ltex-plus-15.7.1\lib\ltex-ls-plus-18.7.0\jdk-21.0.10+7\bin\jsvml.dll
Event: 0.264 Loaded shared library C:\Users\leost\.vscode\extensions\ltex-plus.vscode-ltex-plus-15.7.1\lib\ltex-ls-plus-18.7.0\jdk-21.0.10+7\bin\net.dll
Event: 0.268 Loaded shared library C:\Users\leost\.vscode\extensions\ltex-plus.vscode-ltex-plus-15.7.1\lib\ltex-ls-plus-18.7.0\jdk-21.0.10+7\bin\nio.dll
Event: 0.277 Loaded shared library C:\Users\leost\.vscode\extensions\ltex-plus.vscode-ltex-plus-15.7.1\lib\ltex-ls-plus-18.7.0\jdk-21.0.10+7\bin\zip.dll
Event: 0.517 Loaded shared library C:\Users\leost\.vscode\extensions\ltex-plus.vscode-ltex-plus-15.7.1\lib\ltex-ls-plus-18.7.0\jdk-21.0.10+7\bin\jimage.dll
Event: 0.606 Loaded shared library c:\Users\leost\.vscode\extensions\ltex-plus.vscode-ltex-plus-15.7.1\lib\ltex-ls-plus-18.7.0\jdk-21.0.10+7\bin\verify.dll

Deoptimization events (20 events):
Event: 2.758 Thread 0x000002176e344000 Uncommon trap: trap_request=0xffffffc6 fr.pc=0x0000021707c41f58 relative=0x00000000000001f8
Event: 2.758 Thread 0x000002176e344000 Uncommon trap: reason=bimorphic_or_optimized_type_check action=maybe_recompile pc=0x0000021707c41f58 method=java.lang.Character.codePointAt(Ljava/lang/CharSequence;I)I @ 2 c2
Event: 2.758 Thread 0x000002176e344000 DEOPT PACKING pc=0x0000021707c41f58 sp=0x0000007ed30fd630
Event: 2.758 Thread 0x000002176e344000 DEOPT UNPACKING pc=0x00000217074a43a2 sp=0x0000007ed30fd5b8 mode 2
Event: 2.787 Thread 0x000002176e344000 Uncommon trap: trap_request=0xffffffbe fr.pc=0x0000021707ce845c relative=0x0000000000000cbc
Event: 2.787 Thread 0x000002176e344000 Uncommon trap: reason=profile_predicate action=maybe_recompile pc=0x0000021707ce845c method=java.util.ArrayList$ArrayListSpliterator.forEachRemaining(Ljava/util/function/Consumer;)V @ 83 c2
Event: 2.787 Thread 0x000002176e344000 DEOPT PACKING pc=0x0000021707ce845c sp=0x0000007ed30fd570
Event: 2.787 Thread 0x000002176e344000 DEOPT UNPACKING pc=0x00000217074a43a2 sp=0x0000007ed30fd520 mode 2
Event: 2.787 Thread 0x000002176e344000 Uncommon trap: trap_request=0xffffffbe fr.pc=0x0000021707ce845c relative=0x0000000000000cbc
Event: 2.787 Thread 0x000002176e344000 Uncommon trap: reason=profile_predicate action=maybe_recompile pc=0x0000021707ce845c method=java.util.ArrayList$ArrayListSpliterator.forEachRemaining(Ljava/util/function/Consumer;)V @ 83 c2
Event: 2.787 Thread 0x000002176e344000 DEOPT PACKING pc=0x0000021707ce845c sp=0x0000007ed30fd560
Event: 2.787 Thread 0x000002176e344000 DEOPT UNPACKING pc=0x00000217074a43a2 sp=0x0000007ed30fd510 mode 2
Event: 2.788 Thread 0x000002176e344000 Uncommon trap: trap_request=0xffffffbe fr.pc=0x0000021707ce845c relative=0x0000000000000cbc
Event: 2.788 Thread 0x000002176e344000 Uncommon trap: reason=profile_predicate action=maybe_recompile pc=0x0000021707ce845c method=java.util.ArrayList$ArrayListSpliterator.forEachRemaining(Ljava/util/function/Consumer;)V @ 83 c2
Event: 2.788 Thread 0x000002176e344000 DEOPT PACKING pc=0x0000021707ce845c sp=0x0000007ed30fd4a0
Event: 2.788 Thread 0x000002176e344000 DEOPT UNPACKING pc=0x00000217074a43a2 sp=0x0000007ed30fd450 mode 2
Event: 2.788 Thread 0x000002176e344000 Uncommon trap: trap_request=0xffffffbe fr.pc=0x0000021707ce845c relative=0x0000000000000cbc
Event: 2.788 Thread 0x000002176e344000 Uncommon trap: reason=profile_predicate action=maybe_recompile pc=0x0000021707ce845c method=java.util.ArrayList$ArrayListSpliterator.forEachRemaining(Ljava/util/function/Consumer;)V @ 83 c2
Event: 2.788 Thread 0x000002176e344000 DEOPT PACKING pc=0x0000021707ce845c sp=0x0000007ed30fd4a0
Event: 2.788 Thread 0x000002176e344000 DEOPT UNPACKING pc=0x00000217074a43a2 sp=0x0000007ed30fd450 mode 2

Classes loaded (20 events):
Event: 2.736 Loading class java/lang/invoke/VarHandleByteArrayAsFloats$ArrayHandle
Event: 2.736 Loading class java/lang/invoke/VarHandleByteArrayAsFloats$ByteArrayViewVarHandle
Event: 2.736 Loading class java/lang/invoke/VarHandleByteArrayAsFloats$ByteArrayViewVarHandle done
Event: 2.736 Loading class java/lang/invoke/VarHandleByteArrayAsFloats$ArrayHandle done
Event: 2.736 Loading class java/lang/invoke/VarHandleByteArrayAsDoubles$ArrayHandle
Event: 2.736 Loading class java/lang/invoke/VarHandleByteArrayAsDoubles$ByteArrayViewVarHandle
Event: 2.736 Loading class java/lang/invoke/VarHandleByteArrayAsDoubles$ByteArrayViewVarHandle done
Event: 2.736 Loading class java/lang/invoke/VarHandleByteArrayAsDoubles$ArrayHandle done
Event: 2.737 Loading class java/util/RegularEnumSet$EnumSetIterator
Event: 2.737 Loading class java/util/RegularEnumSet$EnumSetIterator done
Event: 2.742 Loading class java/util/EnumMap$EntrySet
Event: 2.742 Loading class java/util/EnumMap$EntrySet done
Event: 2.742 Loading class java/util/EnumMap$EntryIterator
Event: 2.742 Loading class java/util/EnumMap$EnumMapIterator
Event: 2.742 Loading class java/util/EnumMap$EnumMapIterator done
Event: 2.742 Loading class java/util/EnumMap$EntryIterator done
Event: 2.742 Loading class java/util/EnumMap$EntryIterator$Entry
Event: 2.742 Loading class java/util/EnumMap$EntryIterator$Entry done
Event: 2.743 Loading class java/lang/NoSuchFieldError
Event: 2.743 Loading class java/lang/NoSuchFieldError done

Classes unloaded (0 events):
No events

Classes redefined (0 events):
No events

Internal exceptions (20 events):
Event: 0.573 Thread 0x000002176e344000 Exception <a 'java/lang/NullPointerException'{0x00000000838c6ff8}> (0x00000000838c6ff8) 
thrown [s\src\hotspot\share\interpreter\linkResolver.cpp, line 1372]
Event: 0.573 Thread 0x000002176e344000 Exception <a 'java/lang/NullPointerException'{0x00000000838c72d8}> (0x00000000838c72d8) 
thrown [s\src\hotspot\share\interpreter\linkResolver.cpp, line 1372]
Event: 0.578 Thread 0x000002176e344000 Exception <a 'java/lang/UnsatisfiedLinkError'{0x00000000838e1be8}: 'int org.fusesource.jansi.internal.CLibrary.isatty(int)'> (0x00000000838e1be8) 
thrown [s\src\hotspot\share\prims\nativeLookup.cpp, line 415]
Event: 0.578 Thread 0x000002176e344000 Exception <a 'java/lang/NullPointerException'{0x00000000838e1ed0}> (0x00000000838e1ed0) 
thrown [s\src\hotspot\share\interpreter\linkResolver.cpp, line 1372]
Event: 0.578 Thread 0x000002176e344000 Exception <a 'java/lang/NullPointerException'{0x00000000838e21b0}> (0x00000000838e21b0) 
thrown [s\src\hotspot\share\interpreter\linkResolver.cpp, line 1372]
Event: 0.578 Thread 0x000002176e344000 Exception <a 'java/lang/NullPointerException'{0x00000000838e2490}> (0x00000000838e2490) 
thrown [s\src\hotspot\share\interpreter\linkResolver.cpp, line 1372]
Event: 0.965 Thread 0x000002176e344000 Exception <a 'java/lang/NoSuchMethodError'{0x0000000083056bb0}: 'int java.lang.invoke.DirectMethodHandle$Holder.invokeSpecial(java.lang.Object, java.lang.Object, java.lang.Object)'> (0x0000000083056bb0) 
thrown [s\src\hotspot\share\interpreter\linkResolver.cpp, line 773]
Event: 0.968 Thread 0x000002176e344000 Exception <a 'java/lang/NoSuchMethodError'{0x0000000083061468}: 'void java.lang.invoke.DelegatingMethodHandle$Holder.reinvoke_L(java.lang.Object, java.lang.Object, int)'> (0x0000000083061468) 
thrown [s\src\hotspot\share\interpreter\linkResolver.cpp, line 773]
Event: 0.969 Thread 0x000002176e344000 Exception <a 'java/lang/NoSuchMethodError'{0x0000000083067e08}: 'int java.lang.invoke.Invokers$Holder.invokeExact_MT(java.lang.Object, java.lang.Object, java.lang.Object)'> (0x0000000083067e08) 
thrown [s\src\hotspot\share\interpreter\linkResolver.cpp, line 773]
Event: 0.975 Thread 0x000002176e344000 Exception <a 'java/lang/NoSuchMethodError'{0x0000000083078808}: 'void java.lang.invoke.Invokers$Holder.invokeExact_MT(java.lang.Object, java.lang.Object, java.lang.Object, java.lang.Object)'> (0x0000000083078808) 
thrown [s\src\hotspot\share\interpreter\linkResolver.cpp, line 773]
Event: 1.077 Thread 0x000002176e344000 Exception <a 'java/lang/NoSuchMethodError'{0x0000000082fe4798}: 'void java.lang.invoke.DirectMethodHandle$Holder.invokeVirtual(java.lang.Object, java.lang.Object)'> (0x0000000082fe4798) 
thrown [s\src\hotspot\share\interpreter\linkResolver.cpp, line 773]
Event: 1.305 Thread 0x000002176e344000 Exception <a 'java/lang/NoSuchMethodError'{0x00000000829f20f0}: 'java.lang.Object java.lang.invoke.DirectMethodHandle$Holder.invokeStaticInit(java.lang.Object, java.lang.Object, java.lang.Object)'> (0x00000000829f20f0) 
thrown [s\src\hotspot\share\interpreter\linkResolver.cpp, line 773]
Event: 1.325 Thread 0x000002176e344000 Exception <a 'java/lang/NoClassDefFoundError'{0x0000000083f19cc0}: org/apache/logging/log4j/spi/LoggerAdapter> (0x0000000083f19cc0) 
thrown [s\src\hotspot\share\classfile\systemDictionary.cpp, line 301]
Event: 1.393 Thread 0x000002176e344000 Exception <a 'java/lang/ClassNotFoundException'{0x0000000083e61e10}: com/sun/org/apache/xerces/internal/impl/xpath/regex/spi/messageProvider> (0x0000000083e61e10) 
thrown [s\src\hotspot\share\classfile\systemDictionary.cpp, line 312]
Event: 1.692 Thread 0x000002176e344000 Exception <a 'java/lang/NoSuchMethodError'{0x000000008357c140}: 'java.lang.Object java.lang.invoke.DirectMethodHandle$Holder.invokeInterface(java.lang.Object, java.lang.Object)'> (0x000000008357c140) 
thrown [s\src\hotspot\share\interpreter\linkResolver.cpp, line 773]
Event: 1.692 Thread 0x000002176e344000 Exception <a 'java/lang/IncompatibleClassChangeError'{0x000000008357f718}: Found class java.lang.Object, but interface was expected> (0x000000008357f718) 
thrown [s\src\hotspot\share\interpreter\linkResolver.cpp, line 840]
Event: 1.838 Thread 0x000002176e344000 Exception <a 'java/lang/NoSuchMethodError'{0x0000000083f88ff0}: 'java.lang.Object java.lang.invoke.Invokers$Holder.invokeExact_MT(java.lang.Object, java.lang.Object, java.lang.Object, java.lang.Object, java.lang.Object, java.lang.Object)'> (0x0000000083f88ff0) 
thrown [s\src\hotspot\share\interpreter\linkResolver.cpp, line 773]
Event: 1.864 Thread 0x000002176e344000 Exception <a 'java/lang/NoSuchMethodError'{0x0000000083e9a170}: 'int java.lang.invoke.DirectMethodHandle$Holder.invokeVirtual(java.lang.Object, java.lang.Object, java.lang.Object)'> (0x0000000083e9a170) 
thrown [s\src\hotspot\share\interpreter\linkResolver.cpp, line 773]
Event: 1.889 Thread 0x000002176e344000 Exception <a 'java/lang/NoSuchMethodError'{0x0000000083b806d8}: 'void java.lang.invoke.DirectMethodHandle$Holder.invokeInterface(java.lang.Object, java.lang.Object, java.lang.Object)'> (0x0000000083b806d8) 
thrown [s\src\hotspot\share\interpreter\linkResolver.cpp, line 773]
Event: 1.912 Thread 0x000002176e344000 Exception <a 'java/lang/NoSuchMethodError'{0x0000000083a66770}: 'java.lang.Object java.lang.invoke.DirectMethodHandle$Holder.invokeVirtual(java.lang.Object, java.lang.Object, java.lang.Object)'> (0x0000000083a66770) 
thrown [s\src\hotspot\share\interpreter\linkResolver.cpp, line 773]

ZGC Phase Switch (0 events):
No events

VM Operations (20 events):
Event: 1.508 Executing non-safepoint VM operation: HandshakeAllThreads (Deoptimize)
Event: 1.508 Executing non-safepoint VM operation: HandshakeAllThreads (Deoptimize) done
Event: 1.721 Executing non-safepoint VM operation: HandshakeAllThreads (Deoptimize)
Event: 1.721 Executing non-safepoint VM operation: HandshakeAllThreads (Deoptimize) done
Event: 1.813 Executing safepoint VM operation: CollectForMetadataAllocation (Metadata GC Threshold)
Event: 1.822 Executing safepoint VM operation: CollectForMetadataAllocation (Metadata GC Threshold) done
Event: 1.825 Executing safepoint VM operation: G1PauseRemark
Event: 1.827 Executing safepoint VM operation: G1PauseRemark done
Event: 1.829 Executing safepoint VM operation: G1PauseCleanup
Event: 1.829 Executing safepoint VM operation: G1PauseCleanup done
Event: 2.027 Executing safepoint VM operation: ICBufferFull
Event: 2.027 Executing safepoint VM operation: ICBufferFull done
Event: 2.271 Executing safepoint VM operation: G1CollectForAllocation (G1 Evacuation Pause)
Event: 2.293 Executing safepoint VM operation: G1CollectForAllocation (G1 Evacuation Pause) done
Event: 2.478 Executing safepoint VM operation: G1CollectForAllocation (G1 Evacuation Pause)
Event: 2.489 Executing safepoint VM operation: G1CollectForAllocation (G1 Evacuation Pause) done
Event: 2.607 Executing safepoint VM operation: G1CollectForAllocation (G1 Evacuation Pause)
Event: 2.620 Executing safepoint VM operation: G1CollectForAllocation (G1 Evacuation Pause) done
Event: 2.759 Executing safepoint VM operation: G1CollectForAllocation (G1 Evacuation Pause)
Event: 2.772 Executing safepoint VM operation: G1CollectForAllocation (G1 Evacuation Pause) done

Memory protections (0 events):
No events

Nmethod flushes (0 events):
No events

Events (20 events):
Event: 0.074 Thread 0x000002176e344000 Thread added: 0x00000217791ce490
Event: 0.076 Thread 0x000002176e344000 Thread added: 0x00000217791d3820
Event: 0.076 Thread 0x000002176e344000 Thread added: 0x00000217791d1590
Event: 0.076 Thread 0x000002176e344000 Thread added: 0x00000217791e6590
Event: 0.076 Thread 0x000002176e344000 Thread added: 0x00000217791e9000
Event: 0.076 Thread 0x000002176e344000 Thread added: 0x00000217791e9d90
Event: 0.076 Thread 0x000002176e344000 Thread added: 0x00000217791ea830
Event: 0.240 Thread 0x00000217791ea830 Thread added: 0x00000217790ab160
Event: 0.246 Thread 0x000002176e344000 Thread added: 0x000002177944fb10
Event: 0.253 Thread 0x000002176e344000 Thread added: 0x0000021779460330
Event: 0.332 Thread 0x00000217790ab160 Thread added: 0x0000021779609350
Event: 0.486 Thread 0x000002176e344000 Thread added: 0x00000217799059e0
Event: 0.533 Thread 0x0000021779609350 Thread exited: 0x0000021779609350
Event: 0.550 Thread 0x00000217799059e0 Thread exited: 0x00000217799059e0
Event: 0.674 Thread 0x00000217791ea830 Thread added: 0x0000021779c3fae0
Event: 0.675 Thread 0x00000217791ea830 Thread added: 0x0000021779adea00
Event: 0.997 Thread 0x0000021779adea00 Thread exited: 0x0000021779adea00
Event: 1.747 Thread 0x00000217790ab160 Thread added: 0x000002177ea7a3d0
Event: 1.867 Thread 0x00000217791ea830 Thread added: 0x000002177f0829e0
Event: 1.867 Thread 0x00000217791ea830 Thread added: 0x000002177f083090


Dynamic libraries:
0x00007ff766e70000 - 0x00007ff766e7e000 	c:\Users\leost\.vscode\extensions\ltex-plus.vscode-ltex-plus-15.7.1\lib\ltex-ls-plus-18.7.0\jdk-21.0.10+7\bin\java.exe
0x00007fff526f0000 - 0x00007fff52908000 	C:\Windows\SYSTEM32\ntdll.dll
0x00007fff51220000 - 0x00007fff512e4000 	C:\Windows\System32\KERNEL32.DLL
0x00007fff4fa40000 - 0x00007fff4fe13000 	C:\Windows\System32\KERNELBASE.dll
0x00007fff4fe20000 - 0x00007fff4ff31000 	C:\Windows\System32\ucrtbase.dll
0x00007fff40c50000 - 0x00007fff40c6e000 	c:\Users\leost\.vscode\extensions\ltex-plus.vscode-ltex-plus-15.7.1\lib\ltex-ls-plus-18.7.0\jdk-21.0.10+7\bin\VCRUNTIME140.dll
0x00007fff496f0000 - 0x00007fff49708000 	c:\Users\leost\.vscode\extensions\ltex-plus.vscode-ltex-plus-15.7.1\lib\ltex-ls-plus-18.7.0\jdk-21.0.10+7\bin\jli.dll
0x00007fff50c20000 - 0x00007fff50dd2000 	C:\Windows\System32\USER32.dll
0x00007fff50360000 - 0x00007fff50386000 	C:\Windows\System32\win32u.dll
0x00007fff50de0000 - 0x00007fff50e09000 	C:\Windows\System32\GDI32.dll
0x00007fff4f920000 - 0x00007fff4fa3b000 	C:\Windows\System32\gdi32full.dll
0x00007fff4f880000 - 0x00007fff4f91a000 	C:\Windows\System32\msvcp_win.dll
0x00007fff415e0000 - 0x00007fff4187c000 	C:\Windows\WinSxS\amd64_microsoft.windows.common-controls_6595b64144ccf1df_6.0.22621.6060_none_2712eda17382d24b\COMCTL32.dll
0x00007fff50e10000 - 0x00007fff50eb7000 	C:\Windows\System32\msvcrt.dll
0x00007fff52060000 - 0x00007fff52091000 	C:\Windows\System32\IMM32.DLL
0x00007fff4aa10000 - 0x00007fff4aa1c000 	c:\Users\leost\.vscode\extensions\ltex-plus.vscode-ltex-plus-15.7.1\lib\ltex-ls-plus-18.7.0\jdk-21.0.10+7\bin\vcruntime140_1.dll
0x00007fff3bac0000 - 0x00007fff3bb4d000 	c:\Users\leost\.vscode\extensions\ltex-plus.vscode-ltex-plus-15.7.1\lib\ltex-ls-plus-18.7.0\jdk-21.0.10+7\bin\msvcp140.dll
0x00007ffee3760000 - 0x00007ffee4501000 	c:\Users\leost\.vscode\extensions\ltex-plus.vscode-ltex-plus-15.7.1\lib\ltex-ls-plus-18.7.0\jdk-21.0.10+7\bin\server\jvm.dll
0x00007fff50ae0000 - 0x00007fff50b91000 	C:\Windows\System32\ADVAPI32.dll
0x00007fff50390000 - 0x00007fff50438000 	C:\Windows\System32\sechost.dll
0x00007fff50080000 - 0x00007fff500a8000 	C:\Windows\System32\bcrypt.dll
0x00007fff51bc0000 - 0x00007fff51cd8000 	C:\Windows\System32\RPCRT4.dll
0x00007fff51cf0000 - 0x00007fff51d61000 	C:\Windows\System32\WS2_32.dll
0x00007fff4f6d0000 - 0x00007fff4f71d000 	C:\Windows\SYSTEM32\POWRPROF.dll
0x00007fff4cdf0000 - 0x00007fff4ce24000 	C:\Windows\SYSTEM32\WINMM.dll
0x00007fff4b670000 - 0x00007fff4b67a000 	C:\Windows\SYSTEM32\VERSION.dll
0x00007fff4f6b0000 - 0x00007fff4f6c3000 	C:\Windows\SYSTEM32\UMPDC.dll
0x00007fff4e7a0000 - 0x00007fff4e7b8000 	C:\Windows\SYSTEM32\kernel.appcore.dll
0x00007fff44720000 - 0x00007fff4472a000 	c:\Users\leost\.vscode\extensions\ltex-plus.vscode-ltex-plus-15.7.1\lib\ltex-ls-plus-18.7.0\jdk-21.0.10+7\bin\jimage.dll
0x00007fff4cba0000 - 0x00007fff4cdd3000 	C:\Windows\SYSTEM32\DBGHELP.DLL
0x00007fff505c0000 - 0x00007fff50951000 	C:\Windows\System32\combase.dll
0x00007fff504e0000 - 0x00007fff505b8000 	C:\Windows\System32\OLEAUT32.dll
0x00007fff4cb60000 - 0x00007fff4cb92000 	C:\Windows\SYSTEM32\dbgcore.DLL
0x00007fff4ff40000 - 0x00007fff4ffbb000 	C:\Windows\System32\bcryptPrimitives.dll
0x00007fff40a00000 - 0x00007fff40a20000 	c:\Users\leost\.vscode\extensions\ltex-plus.vscode-ltex-plus-15.7.1\lib\ltex-ls-plus-18.7.0\jdk-21.0.10+7\bin\java.dll
0x00007fff3d7b0000 - 0x00007fff3d7c8000 	c:\Users\leost\.vscode\extensions\ltex-plus.vscode-ltex-plus-15.7.1\lib\ltex-ls-plus-18.7.0\jdk-21.0.10+7\bin\zip.dll
0x00007fff512f0000 - 0x00007fff51b8c000 	C:\Windows\System32\SHELL32.dll
0x00007fff500b0000 - 0x00007fff501ef000 	C:\Windows\System32\wintypes.dll
0x00007fff4d6b0000 - 0x00007fff4dfca000 	C:\Windows\SYSTEM32\windows.storage.dll
0x00007fff51f50000 - 0x00007fff52054000 	C:\Windows\System32\SHCORE.dll
0x00007fff520a0000 - 0x00007fff52109000 	C:\Windows\System32\shlwapi.dll
0x00007fff4f730000 - 0x00007fff4f755000 	C:\Windows\SYSTEM32\profapi.dll
0x00007fff31040000 - 0x00007fff31117000 	c:\Users\leost\.vscode\extensions\ltex-plus.vscode-ltex-plus-15.7.1\lib\ltex-ls-plus-18.7.0\jdk-21.0.10+7\bin\jsvml.dll
0x00007fff40c40000 - 0x00007fff40c50000 	C:\Users\leost\.vscode\extensions\ltex-plus.vscode-ltex-plus-15.7.1\lib\ltex-ls-plus-18.7.0\jdk-21.0.10+7\bin\net.dll
0x00007fff4bff0000 - 0x00007fff4c11c000 	C:\Windows\SYSTEM32\WINHTTP.dll
0x00007fff4ec60000 - 0x00007fff4ecc9000 	C:\Windows\system32\mswsock.dll
0x00007fff3d790000 - 0x00007fff3d7a6000 	C:\Users\leost\.vscode\extensions\ltex-plus.vscode-ltex-plus-15.7.1\lib\ltex-ls-plus-18.7.0\jdk-21.0.10+7\bin\nio.dll
0x00007fff49720000 - 0x00007fff49730000 	c:\Users\leost\.vscode\extensions\ltex-plus.vscode-ltex-plus-15.7.1\lib\ltex-ls-plus-18.7.0\jdk-21.0.10+7\bin\verify.dll

JVMTI agents: none

dbghelp: loaded successfully - version: 4.0.5 - missing functions: none
symbol engine: initialized successfully - sym options: 0x614 - pdb path: .;c:\Users\leost\.vscode\extensions\ltex-plus.vscode-ltex-plus-15.7.1\lib\ltex-ls-plus-18.7.0\jdk-21.0.10+7\bin;C:\Windows\SYSTEM32;C:\Windows\WinSxS\amd64_microsoft.windows.common-controls_6595b64144ccf1df_6.0.22621.6060_none_2712eda17382d24b;c:\Users\leost\.vscode\extensions\ltex-plus.vscode-ltex-plus-15.7.1\lib\ltex-ls-plus-18.7.0\jdk-21.0.10+7\bin\server

VM Arguments:
jvm_args: -Xms64m -Xmx2048m -Dapp.name=ltex-ls-plus -Dapp.repo=c:\Users\leost\.vscode\extensions\ltex-plus.vscode-ltex-plus-15.7.1\lib\ltex-ls-plus-18.7.0\lib -Dapp.home=c:\Users\leost\.vscode\extensions\ltex-plus.vscode-ltex-plus-15.7.1\lib\ltex-ls-plus-18.7.0 -Dbasedir=c:\Users\leost\.vscode\extensions\ltex-plus.vscode-ltex-plus-15.7.1\lib\ltex-ls-plus-18.7.0 
java_command: org.bsplines.ltexls.LtexLanguageServerLauncher
java_class_path (initial): c:\Users\leost\.vscode\extensions\ltex-plus.vscode-ltex-plus-15.7.1\lib\ltex-ls-plus-18.7.0\etc;c:\Users\leost\.vscode\extensions\ltex-plus.vscode-ltex-plus-15.7.1\lib\ltex-ls-plus-18.7.0\lib\aho-corasick-double-array-trie-1.2.2.jar;c:\Users\leost\.vscode\extensions\ltex-plus.vscode-ltex-plus-15.7.1\lib\ltex-ls-plus-18.7.0\lib\angus-activation-2.0.2.jar;c:\Users\leost\.vscode\extensions\ltex-plus.vscode-ltex-plus-15.7.1\lib\ltex-ls-plus-18.7.0\lib\animal-sniffer-annotations-1.24.jar;c:\Users\leost\.vscode\extensions\ltex-plus.vscode-ltex-plus-15.7.1\lib\ltex-ls-plus-18.7.0\lib\annotations-12.0.jar;c:\Users\leost\.vscode\extensions\ltex-plus.vscode-ltex-plus-15.7.1\lib\ltex-ls-plus-18.7.0\lib\annotations-13.0.jar;c:\Users\leost\.vscode\extensions\ltex-plus.vscode-ltex-plus-15.7.1\lib\ltex-ls-plus-18.7.0\lib\annotations-4.1.1.4.jar;c:\Users\leost\.vscode\extensions\ltex-plus.vscode-ltex-plus-15.7.1\lib\ltex-ls-plus-18.7.0\lib\asturian-pos-dict-0.1.jar;c:\Users\leost\.vscode\extensions\ltex-plus.vscode-ltex-plus-15.7.1\lib\ltex-ls-plus-18.7.0\lib\catalan-pos-dict-3.3.jar;c:\Users\leost\.vscode\extensions\ltex-plus.vscode-ltex-plus-15.7.1\lib\ltex-ls-plus-18.7.0\lib\commons-digester-2.1.jar;c:\Users\leost\.vscode\extensions\ltex-plus.vscode-ltex-plus-15.7.1\lib\ltex-ls-plus-18.7.0\lib\commons-lang3-3.18.0.jar;c:\Users\leost\.vscode\extensions\ltex-plus.vscode-ltex-plus-15.7.1\lib\ltex-ls-plus-18.7.0\lib\commons-logging-1.3.4.jar;c:\Users\leost\.vscode\extensions\ltex-plus.vscode-ltex-plus-15.7.1\lib\ltex-ls-plus-18.7.0\lib\commons-pool2-2.12.0.jar;c:\Users\leost\.vscode\extensions\ltex-plus.vscode-ltex-plus-15.7.1\lib\ltex-ls-plus-18.7.0\lib\commons-text-1.12.0.jar;c:\Users\leost\.vscode\extensions\ltex-plus.vscode-ltex-plus-15.7.1\lib\ltex-ls-plus-18.7.0\lib\commons-validator-1.9.0.jar;c:\Users\leost\.vscode\extensions\ltex-plus.vscode-ltex-plus-15.7.1\lib\ltex-ls-plus-18.7.0\lib\dutch-pos-dict-0.1.jar;c:\Users\leost\.vscode\extensions\ltex-plus.vscode-ltex-plus-15.7.1\lib\ltex-ls-plus-18.7.0\lib\english-pos-dict-0.6.jar;c:\Users\leost\.vscode\extensions\ltex-plus.vscode-ltex-plus-15.7.1\lib\ltex-ls-plus-18.7.0\lib\error_prone_annotations-2.48.0.jar;c:\Users\leost\.vscode\extensions\ltex-plus.vscode-ltex-plus-15.7.1\lib\ltex-ls-plus-18.7.0\lib\failureaccess-1.0.3.jar;c:\Users\leost\.vscode\extensions\ltex-plus.vscode-ltex-plus-15.7.1\lib\ltex-ls-plus-18.7.0\lib\fastutil-core-8.5.14.jar;c:\Users\leost\.vscode\extensions\ltex-plus.vscode-ltex-plus-15.7.1\lib\ltex-ls-plus-18.7.0\lib\flexmark-0.64.8.jar;c:\Users\leost\.vscode\extensions\ltex-plus.vscode-ltex-plus-15.7.1\lib\ltex-ls-plus-18.7.0\lib\flexmark-ext-definition-0.64.8.jar;c:\Users\leost\.vscode\extensions\ltex-plus.vscode-ltex-plus-15.7.1\lib\ltex-ls-plus-18.7.0\lib\flexmark-ext-gfm-strikethrough-0.64.8.jar;c:\Users\leost\.vscode\extensions\ltex-plus.vscode-ltex-plus-15.7.1\lib\ltex-ls-plus-18.7.0\lib\flexmark-ext-gitlab-0.64.8.jar;c:\Users\leost\.vscode\extensions\ltex-plus.vscode-ltex-plus-15.7.1\lib\ltex-ls-plus-18.7.0\lib\flexmark-ext-tables-0.64.8.jar;c:\Users\leost\.vscode\extensions\ltex-plus.vscode-ltex-plus-15.7.1\lib\ltex-ls-plus-18.7.0\lib\flexmark-ext-yaml-front-matter-0.64.8.jar;c:\Users\leost\.vscode\extensions\ltex-plus.vscode-ltex-plus-15.7.1\lib\ltex-ls-plus-18.7.0\lib\flexmark-test-util-0.64.8.jar;c:\Users\leost\.vscode\extensions\ltex-plus.vscode-ltex-plus-15.7.1\lib\ltex-ls-plus-18.7.0\lib\flexmark-util-0.64.8.jar;c:\Users\leost\.vscode\extensions\ltex-plus.vscode-ltex-plus-15.7.1\lib\ltex-ls-plus-18.7.0\lib\flexmark-util-ast-0.64.8.jar;c:\Users\leost\.vscode\extensions\ltex-plus.vscode-ltex-plus-15.7.1\lib\ltex-ls-plus-18.7.0\lib\flexmark-util-builder-0.64.8.jar;c:\Users\leost\.vscode\extensions\ltex-plus.vscode-ltex-plus-15.7.1\lib\ltex-ls-plus-18.7.0\lib\flexmark-util-collection-0.64.8.jar;c:\Users\leost\.vscode\extensions\ltex-plus.vscode-ltex-plus-15.7.1\lib\ltex-ls-plus-18.7.0\lib\flexmark-util-data-0.64.8.jar;c:\Users\leost\.vscode\extensions\ltex-plus.vscode-ltex-plus-15.7.1\lib\ltex-ls-plus-18.7.0\lib\flexmark-util-dependency-0.64.8.jar;c:\Users\leost\.vscode\extensions\ltex-plus.vscode-ltex-plus-15.7.1\lib\ltex-ls-plus-18.7.0\lib\flexmark-util-format-0.64.8.jar;c:\Users\leost\.vscode\extensions\ltex-plus.vscode-ltex-plus-15.7.1\lib\ltex-ls-plus-18.7.0\lib\flexmark-util-html-0.64.8.jar;c:\Users\leost\.vscode\extensions\ltex-plus.vscode-ltex-plus-15.7.1\lib\ltex-ls-plus-18.7.0\lib\flexmark-util-misc-0.64.8.jar;c:\Users\leost\.vscode\extensions\ltex-plus.vscode-ltex-plus-15.7.1\lib\ltex-ls-plus-18.7.0\lib\flexmark-util-options-0.64.8.jar;c:\Users\leost\.vscode\extensions\ltex-plus.vscode-ltex-plus-15.7.1\lib\ltex-ls-plus-18.7.0\lib\flexmark-util-sequence-0.64.8.jar;c:\Users\leost\.vscode\extensions\ltex-plus.vscode-ltex-plus-15.7.1\lib\ltex-ls-plus-18.7.0\lib\flexmark-util-visitor-0.64.8.jar;c:\Users\leost\.vscode\extensions\ltex-plus.vscode-ltex-plus-15.7.1\lib\ltex-ls-plus-18.7.0\lib\french-pos-dict-0.7.jar;c:\Users\leost\.vscode\extensions\ltex-plus.vscode-ltex-plus-15.7.1\lib\ltex-ls-plus-18.7.0\lib\german-pos-dict-1.2.4.jar;c:\Users\leost\.vscode\extensions\ltex-plus.vscode-ltex-plus-15.7.1\lib\ltex-ls-plus-18.7.0\lib\grpc-api-1.75.0.jar;c:\Users\leost\.vscode\extensions\ltex-plus.vscode-ltex-plus-15.7.1\lib\ltex-ls-plus-18.7.0\lib\grpc-context-1.75.0.jar;c:\Users\leost\.vscode\extensions\ltex-plus.vscode-ltex-plus-15.7.1\lib\ltex-ls-plus-18.7.0\lib\grpc-core-1.75.0.jar;c:\Users\leost\.vscode\extensions\ltex-plus.vscode-ltex-plus-15.7.1\lib\ltex-ls-plus-18.7.0\lib\grpc-netty-shaded-1.75.0.jar;c:\Users\leost\.vscode\extensions\ltex-plus.vscode-ltex-plus-15.7.1\lib\ltex-ls-plus-18.7.0\lib\grpc-protobuf-1.75.0.jar;c:\Users\leost\.vscode\extensions\ltex-plus.vscode-ltex-plus-15.7.1\lib\ltex-ls-plus-18.7.0\lib\grpc-protobuf-lite-1.75.0.jar;c:\Users\leost\.vscode\extensions\ltex-plus.vscode-ltex-plus-15.7.1\lib\ltex-ls-plus-18.7.0\lib\grpc-stub-1.75.0.jar;c:\Users\leost\.vscode\extensions\ltex-plus.vscode-ltex-plus-15.7.1\lib\ltex-ls-plus-18.7.0\lib\grpc-util-1.75.0.jar;c:\Users\leost\.vscode\extensions\ltex-plus.vscode-ltex-plus-15.7.1\lib\ltex-ls-plus-18.7.0\lib\gson-2.14.0.jar;c:\Users\leost\.vscode\extensions\ltex-plus.vscode-ltex-plus-15.7.1\lib\ltex-ls-plus-18.7.0\lib\guava-33.5.0-jre.jar;c:\Users\leost\.vscode\extensions\ltex-plus.vscode-ltex-plus-15.7.1\lib\ltex-ls-plus-18.7.0\lib\hamcrest-core-1.3.jar;c:\Users\leost\.vscode\extensions\ltex-plus.vscode-ltex-plus-15.7.1\lib\ltex-ls-plus-18.7.0\lib\hanlp-portable-1.8.2.jar;c:\Users\leost\.vscode\extensions\ltex-plus.vscode-ltex-plus-15.7.1\lib\ltex-ls-plus-18.7.0\lib\HdrHistogram-2.1.12.jar;c:\Users\leost\.vscode\extensions\ltex-plus.vscode-ltex-plus-15.7.1\lib\ltex-ls-plus-18.7.0\lib\hppc-0.8.2.jar;c:\Users\leost\.vscode\extensions\ltex-plus.vscode-ltex-plus-15.7.1\lib\ltex-ls-plus-18.7.0\lib\hunspell-2.1.2.jar;c:\Users\leost\.vscode\extensions\ltex-plus.vscode-ltex-plus-15.7.1\lib\ltex-ls-plus-18.7.0\lib\icu4j-77.1.jar;c:\Users\leost\.vscode\extensions\ltex-plus.vscode-ltex-plus-15.7.1\lib\ltex-ls-plus-18.7.0\lib\indriya-1.3.jar;c:\Users\leost\.vscode\extensions\ltex-plus.vscode-ltex-plus-15.7.1\lib\ltex-ls-plus-18.7.0\lib\istack-commons-runtime-4.1.2.jar;c:\Users\leost\.vscode\extensions\ltex-plus.vscode-ltex-plus-15.7.1\lib\ltex-ls-plus-18.7.0\lib\j2objc-annotations-3.1.jar;c:\Users\leost\.vscode\extensions\ltex-plus.vscode-ltex-plus-15.7.1\lib\ltex-ls-plus-18.7.0\lib\jackson-annotations-2.18.0.jar;c:\Users\leost\.vscode\extensions\ltex-plus.vscode-ltex-plus-15.7.1\lib\ltex-ls-plus-18.7.0\lib\jackson-core-2.18.0.jar;c:\Users\leost\.vscode\extensions\ltex-plus.vscode-ltex-plus-15.7.1\lib\ltex-ls-plus-18.7.0\lib\jackson-databind-2.18.0.jar;c:\Users\leost\.vscode\extensions\ltex-plus.vscode-ltex-plus-15.7.1\lib\ltex-ls-plus-18.7.0\lib\jakarta.activation-1.2.2.jar;c:\Users\leost\.vscode\extensions\ltex-plus.vscode-ltex-plus-15.7.1\lib\ltex-ls-plus-18.7.0\lib\jakarta.activation-api-2.1.3.jar;c:\Users\leost\.vscode\extensions\ltex-plus.vscode-ltex-plus-15.7.1\lib\ltex-ls-plus-18.7.0\lib\jakarta.xml.bind-api-2.3.3.jar;c:\Users\leost\.vscode\extensions\ltex-plus.vscode-ltex-plus-15.7.1\lib\ltex-ls-plus-18.7.0\lib\jansi-2.4.3.jar;c:\Users\leost\.vscode\extensions\ltex-plus.vscode-ltex-plus-15.7.1\lib\ltex-ls-plus-18.7.0\lib\java-diff-utils-4.12.jar;c:\Users\leost\.vscode\extensions\ltex-plus.vscode-ltex-plus-15.7.1\lib\ltex-ls-plus-18.7.0\lib\javax.activation-api-1.2.0.jar;c:\Users\leost\.vscode\extensions\ltex-plus.vscode-ltex-plus-15.7.1\lib\ltex-ls-plus-18.7.0\lib\javax.annotation-api-1.3.2.jar;c:\Users\leost\.vscode\extensions\ltex-plus.vscode-ltex-plus-15.7.1\lib\ltex-ls-plus-18.7.0\lib\jaxb-api-2.3.1.jar;c:\Users\leost\.vscode\extensions\ltex-plus.vscode-ltex-plus-15.7.1\lib\ltex-ls-plus-18.7.0\lib\jaxb-core-2.3.0.1.jar;c:\Users\leost\.vscode\extensions\ltex-plus.vscode-ltex-plus-15.7.1\lib\ltex-ls-plus-18.7.0\lib\jaxb-core-4.0.5.jar;c:\Users\leost\.vscode\extensions\ltex-plus.vscode-ltex-plus-15.7.1\lib\ltex-ls-plus-18.7.0\lib\jaxb-impl-2.3.3.jar;c:\Users\leost\.vscode\extensions\ltex-plus.vscode-ltex-plus-15.7.1\lib\ltex-ls-plus-18.7.0\lib\jaxb-runtime-4.0.5.jar;c:\Users\leost\.vscode\extensions\ltex-plus.vscode-ltex-plus-15.7.1\lib\ltex-ls-plus-18.7.0\lib\jna-5.12.1.jar;c:\Users\leost\.vscode\extensions\ltex-plus.vscode-ltex-plus-15.7.1\lib\ltex-ls-plus-18.7.0\lib\jna-platform-5.12.1.jar;c:\Users\leost\.vscode\extensions\ltex-plus.vscode-ltex-plus-15.7.1\lib\ltex-ls-plus-18.7.0\lib\json-20240303.jar;c:\Users\leost\.vscode\extensions\ltex-plus.vscode-ltex-plus-15.7.1\lib\ltex-ls-plus-18.7.0\lib\jsonic-1.2.11.jar;c:\Users\leost\.vscode\extensions\ltex-plus.vscode-ltex-plus-15.7.1\lib\ltex-ls-plus-18.7.0\lib\jspecify-1.0.0.jar;c:\Users\leost\.vscode\extensions\ltex-plus.vscode-ltex-plus-15.7.1\lib\ltex-ls-plus-18.7.0\lib\jsr305-3.0.2.jar;c:\Users\leost\.vscode\extensions\ltex-plus.vscode-ltex-plus-15.7.1\lib\ltex-ls-plus-18.7.0\lib\junit-4.13.2.jar;c:\Users\leost\.vscode\extensions\ltex-plus.vscode-ltex-plus-15.7.1\lib\ltex-ls-plus-18.7.0\lib\jwordsplitter-4.7.jar;c:\Users\leost\.vscode\extensions\ltex-plus.vscode-ltex-plus-15.7.1\lib\ltex-ls-plus-18.7.0\lib\kotlin-stdlib-2.3.21.jar;c:\Users\leost\.vscode\extensions\ltex-plus.vscode-ltex-plus-15.7.1\lib\ltex-ls-plus-18.7.0\lib\language-all-6.8.jar;c:\Users\leost\.vscode\extensions\ltex-plus.vscode-ltex-plus-15.7.1\lib\ltex-ls-plus-18.7.0\lib\language-ar-6.8.jar;c:\Users\leost\.vscode\extensions\ltex-plus.vscode-ltex-plus-15.7.1\lib\ltex-ls-plus-18.7.0\lib\language-ast-6.8.jar;c:\Users\leost\.vscode\extensions\ltex-plus.vscode-ltex-plus-15.7.1\lib\ltex-ls-plus-18.7.0\lib\language-be-6.8.jar;c:\Users\leost\.vscode\extensions\ltex-plus.vscode-ltex-plus-15.7.1\lib\ltex-ls-plus-18.7.0\lib\language-br-6.8.jar;c:\Users\leost\.vscode\extensions\ltex-plus.vscode-ltex-plus-15.7.1\lib\ltex-ls-plus-18.7.0\lib\language-ca-6.8.jar;c:\Users\leost\.vscode\extensions\ltex-plus.vscode-ltex-plus-15.7.1\lib\ltex-ls-plus-18.7.0\lib\language-crh-6.8.jar;c:\Users\leost\.vscode\extensions\ltex-plus.vscode-ltex-plus-15.7.1\lib\ltex-ls-plus-18.7.0\lib\language-da-6.8.jar;c:\Users\leost\.vscode\extensions\ltex-plus.vscode-ltex-plus-15.7.1\lib\ltex-ls-plus-18.7.0\lib\language-de-6.8.jar;c:\Users\leost\.vscode\extensions\ltex-plus.vscode-ltex-plus-15.7.1\lib\ltex-ls-plus-18.7.0\lib\language-de-DE-x-simple-language-6.8.jar;c:\Users\leost\.vscode\extensions\ltex-plus.vscode-ltex-plus-15.7.1\lib\ltex-ls-plus-18.7.0\lib\language-detector-0.6.jar;c:\Users\leost\.vscode\extensions\ltex-plus.vscode-ltex-plus-15.7.1\lib\ltex-ls-plus-18.7.0\lib\language-el-6.8.jar;c:\Users\leost\.vscode\extensions\ltex-plus.vscode-ltex-plus-15.7.1\lib\ltex-ls-plus-18.7.0\lib\language-en-6.8.jar;c:\Users\leost\.vscode\extensions\ltex-plus.vscode-ltex-plus-15.7.1\lib\ltex-ls-plus-18.7.0\lib\language-eo-6.8.jar;c:\Users\leost\.vscode\extensions\ltex-plus.vscode-ltex-plus-15.7.1\lib\ltex-ls-plus-18.7.0\lib\language-es-6.8.jar;c:\Users\leost\.vscode\extensions\ltex-plus.vscode-ltex-plus-15.7.1\lib\ltex-ls-plus-18.7.0\lib\language-fa-6.8.jar;c:\Users\leost\.vscode\extensions\ltex-plus.vscode-ltex-plus-15.7.1\lib\ltex-ls-plus-18.7.0\lib\language-fr-6.8.jar;c:\Users\leost\.vscode\extensions\ltex-plus.vscode-ltex-plus-15.7.1\lib\ltex-ls-plus-18.7.0\lib\language-ga-6.8.jar;c:\Users\leost\.vscode\extensions\ltex-plus.vscode-ltex-plus-15.7.1\lib\ltex-ls-plus-18.7.0\lib\language-gl-6.8.jar;c:\Users\leost\.vscode\extensions\ltex-plus.vscode-ltex-plus-15.7.1\lib\ltex-ls-plus-18.7.0\lib\language-it-6.8.jar;c:\Users\leost\.vscode\extensions\ltex-plus.vscode-ltex-plus-15.7.1\lib\ltex-ls-plus-18.7.0\lib\language-ja-6.8.jar;c:\Users\leost\.vscode\extensions\ltex-plus.vscode-ltex-plus-15.7.1\lib\ltex-ls-plus-18.7.0\lib\language-km-6.8.jar;c:\Users\leost\.vscode\extensions\ltex-plus.vscode-ltex-plus-15.7.1\lib\ltex-ls-plus-18.7.0\lib\language-nl-6.8.jar;c:\Users\leost\.vscode\extensions\ltex-plus.vscode-ltex-plus-15.7.1\lib\ltex-ls-plus-18.7.0\lib\language-pl-6.8.jar;c:\Users\leost\.vscode\extensions\ltex-plus.vscode-ltex-plus-15.7.1\lib\ltex-ls-plus-18.7.0\lib\language-pt-6.8.jar;c:\Users\leost\.vscode\extensions\ltex-plus.vscode-ltex-plus-15.7.1\lib\ltex-ls-plus-18.7.0\lib\language-ro-6.8.jar;c:\Users\leost\.vscode\extensions\ltex-plus.vscode-ltex-plus-15.7.1\lib\ltex-ls-plus-18.7.0\lib\language-ru-6.8.jar;c:\Users\leost\.vscode\extensions\ltex-plus.vscode-ltex-plus-15.7.1\lib\ltex-ls-plus-18.7.0\lib\language-sk-6.8.jar;c:\Users\leost\.vscode\extensions\ltex-plus.vscode-ltex-plus-15.7.1\lib\ltex-ls-plus-18.7.0\lib\language-sl-6.8.jar;c:\Users\leost\.vscode\extensions\ltex-plus.vscode-ltex-plus-15.7.1\lib\ltex-ls-plus-18.7.0\lib\language-sv-6.8.jar;c:\Users\leost\.vscode\extensions\ltex-plus.vscode-ltex-plus-15.7.1\lib\ltex-ls-plus-18.7.0\lib\language-ta-6.8.jar;c:\Users\leost\.vscode\extensions\ltex-plus.vscode-ltex-plus-15.7.1\lib\ltex-ls-plus-18.7.0\lib\language-tl-6.8.jar;c:\Users\leost\.vscode\extensions\ltex-plus.vscode-ltex-plus-15.7.1\lib\ltex-ls-plus-18.7.0\lib\language-uk-6.8.jar;c:\Users\leost\.vscode\extensions\ltex-plus.vscode-ltex-plus-15.7.1\lib\ltex-ls-plus-18.7.0\lib\language-zh-6.8.jar;c:\Users\leost\.vscode\extensions\ltex-plus.vscode-ltex-plus-15.7.1\lib\ltex-ls-plus-18.7.0\lib\languagetool-core-6.8.jar;c:\Users\leost\.vscode\extensions\ltex-plus.vscode-ltex-plus-15.7.1\lib\ltex-ls-plus-18.7.0\lib\languagetool-ga-dicts-0.02.jar;c:\Users\leost\.vscode\extensions\ltex-plus.vscode-ltex-plus-15.7.1\lib\ltex-ls-plus-18.7.0\lib\LatencyUtils-2.0.3.jar;c:\Users\leost\.vscode\extensions\ltex-plus.vscode-ltex-plus-15.7.1\lib\ltex-ls-plus-18.7.0\lib\linguistics.grammardb.spell.languagetool-1.0.2.jar;c:\Users\leost\.vscode\extensions\ltex-plus.vscode-ltex-plus-15.7.1\lib\ltex-ls-plus-18.7.0\lib\listenablefuture-9999.0-empty-to-avoid-conflict-with-guava.jar;c:\Users\leost\.vscode\extensions\ltex-plus.vscode-ltex-plus-15.7.1\lib\ltex-ls-plus-18.7.0\lib\lspcli-2.3.0.jar;c:\Users\leost\.vscode\extensions\ltex-plus.vscode-ltex-plus-15.7.1\lib\ltex-ls-plus-18.7.0\lib\ltexls-plus-18.7.0.jar;c:\Users\leost\.vscode\extensions\ltex-plus.vscode-ltex-plus-15.7.1\lib\ltex-ls-plus-18.7.0\lib\lucene-backward-codecs-5.5.5.jar;c:\Users\leost\.vscode\extensions\ltex-plus.vscode-ltex-plus-15.7.1\lib\ltex-ls-plus-18.7.0\lib\lucene-core-5.5.5.jar;c:\Users\leost\.vscode\extensions\ltex-plus.vscode-ltex-plus-15.7.1\lib\ltex-ls-plus-18.7.0\lib\lucene-gosen-6.2.1-ipadic.jar;c:\Users\leost\.vscode\extensions\ltex-plus.vscode-ltex-plus-15.7.1\lib\ltex-ls-plus-18.7.0\lib\micrometer-core-1.7.12.jar;c:\Users\leost\.vscode\extensions\ltex-plus.vscode-ltex-plus-15.7.1\lib\ltex-ls-plus-18.7.0\lib\micrometer-registry-prometheus-1.7.12.jar;c:\Users\leost\.vscode\extensions\ltex-plus.vscode-ltex-plus-15.7.1\lib\ltex-ls-plus-18.7.0\lib\morfologik-crh-lt-1.0.1.jar;c:\Users\leost\.vscode\extensions\ltex-plus.vscode-ltex-plus-15.7.1\lib\ltex-ls-plus-18.7.0\lib\morfologik-fsa-2.1.9.jar;c:\Users\leost\.vscode\extensions\ltex-plus.vscode-ltex-plus-15.7.1\lib\ltex-ls-plus-18.7.0\lib\morfologik-fsa-builders-2.1.9.jar;c:\Users\leost\.vscode\extensions\ltex-plus.vscode-ltex-plus-15.7.1\lib\ltex-ls-plus-18.7.0\lib\morfologik-speller-2.1.9.jar;c:\Users\leost\.vscode\extensions\ltex-plus.vscode-ltex-plus-15.7.1\lib\ltex-ls-plus-18.7.0\lib\morfologik-stemming-2.1.9.jar;c:\Users\leost\.vscode\extensions\ltex-plus.vscode-ltex-plus-15.7.1\lib\ltex-ls-plus-18.7.0\lib\morfologik-ukrainian-lt-6.8.0.jar;c:\Users\leost\.vscode\extensions\ltex-plus.vscode-ltex-plus-15.7.1\lib\ltex-ls-plus-18.7.0\lib\morphology-el-1.0.0.jar;c:\Users\leost\.vscode\extensions\ltex-plus.vscode-ltex-plus-15.7.1\lib\ltex-ls-plus-18.7.0\lib\opennlp-chunk-models-1.5.jar;c:\Users\leost\.vscode\extensions\ltex-plus.vscode-ltex-plus-15.7.1\lib\ltex-ls-plus-18.7.0\lib\opennlp-postag-models-1.5.jar;c:\Users\leost\.vscode\extensions\ltex-plus.vscode-ltex-plus-15.7.1\lib\ltex-ls-plus-18.7.0\lib\opennlp-tokenize-models-1.5.jar;c:\Users\leost\.vscode\extensions\ltex-plus.vscode-ltex-plus-15.7.1\lib\ltex-ls-plus-18.7.0\lib\opennlp-tools-1.9.4.jar;c:\Users\leost\.vscode\extensions\ltex-plus.vscode-ltex-plus-15.7.1\lib\ltex-ls-plus-18.7.0\lib\openregex-1.1.1.jar;c:\Users\leost\.vscode\extensions\ltex-plus.vscode-ltex-plus-15.7.1\lib\ltex-ls-plus-18.7.0\lib\opentelemetry-api-1.42.1.jar;c:\Users\leost\.vscode\extensions\ltex-plus.vscode-ltex-plus-15.7.1\lib\ltex-ls-plus-18.7.0\lib\opentelemetry-context-1.42.1.jar;c:\Users\leost\.vscode\extensions\ltex-plus.vscode-ltex-plus-15.7.1\lib\ltex-ls-plus-18.7.0\lib\opentelemetry-semconv-1.30.1-alpha.jar;c:\Users\leost\.vscode\extensions\ltex-plus.vscode-ltex-plus-15.7.1\lib\ltex-ls-plus-18.7.0\lib\org.eclipse.lsp4j-0.24.0.jar;c:\Users\leost\.vscode\extensions\ltex-plus.vscode-ltex-plus-15.7.1\lib\ltex-ls-plus-18.7.0\lib\org.eclipse.lsp4j.jsonrpc-0.24.0.jar;c:\Users\leost\.vscode\extensions\ltex-plus.vscode-ltex-plus-15.7.1\lib\ltex-ls-plus-18.7.0\lib\perfmark-api-0.27.0.jar;c:\Users\leost\.vscode\extensions\ltex-plus.vscode-ltex-plus-15.7.1\lib\ltex-ls-plus-18.7.0\lib\picocli-4.7.7.jar;c:\Users\leost\.vscode\extensions\ltex-plus.vscode-ltex-plus-15.7.1\lib\ltex-ls-plus-18.7.0\lib\portuguese-pos-dict-1.2.0.jar;c:\Users\leost\.vscode\extensions\ltex-plus.vscode-ltex-plus-15.7.1\lib\ltex-ls-plus-18.7.0\lib\proto-google-common-protos-2.59.2.jar;c:\Users\leost\.vscode\extensions\ltex-plus.vscode-ltex-plus-15.7.1\lib\ltex-ls-plus-18.7.0\lib\protobuf-java-3.25.8.jar;c:\Users\leost\.vscode\extensions\ltex-plus.vscode-ltex-plus-15.7.1\lib\ltex-ls-plus-18.7.0\lib\resilience4j-circuitbreaker-1.7.1.jar;c:\Users\leost\.vscode\extensions\ltex-plus.vscode-ltex-plus-15.7.1\lib\ltex-ls-plus-18.7.0\lib\resilience4j-core-1.7.1.jar;c:\Users\leost\.vscode\extensions\ltex-plus.vscode-ltex-plus-15.7.1\lib\ltex-ls-plus-18.7.0\lib\resilience4j-micrometer-1.7.1.jar;c:\Users\leost\.vscode\extensions\ltex-plus.vscode-ltex-plus-15.7.1\lib\ltex-ls-plus-18.7.0\lib\segment-2.0.3.jar;c:\Users\leost\.vscode\extensions\ltex-plus.vscode-ltex-plus-15.7.1\lib\ltex-ls-plus-18.7.0\lib\simpleclient-0.16.0.jar;c:\Users\leost\.vscode\extensions\ltex-plus.vscode-ltex-plus-15.7.1\lib\ltex-ls-plus-18.7.0\lib\simpleclient_common-0.10.0.jar;c:\Users\leost\.vscode\extensions\ltex-plus.vscode-ltex-plus-15.7.1\lib\ltex-ls-plus-18.7.0\lib\simpleclient_guava-0.16.0.jar;c:\Users\leost\.vscode\extensions\ltex-plus.vscode-ltex-plus-15.7.1\lib\ltex-ls-plus-18.7.0\lib\simpleclient_tracer_common-0.16.0.jar;c:\Users\leost\.vscode\extensions\ltex-plus.vscode-ltex-plus-15.7.1\lib\ltex-ls-plus-18.7.0\lib\simpleclient_tracer_otel-0.16.0.jar;c:\Users\leost\.vscode\extensions\ltex-plus.vscode-ltex-plus-15.7.1\lib\ltex-ls-plus-18.7.0\lib\simpleclient_tracer_otel_agent-0.16.0.jar;c:\Users\leost\.vscode\extensions\ltex-plus.vscode-ltex-plus-15.7.1\lib\ltex-ls-plus-18.7.0\lib\slf4j-api-2.0.16.jar;c:\Users\leost\.vscode\extensions\ltex-plus.vscode-ltex-plus-15.7.1\lib\ltex-ls-plus-18.7.0\lib\slf4j-nop-2.0.18.jar;c:\Users\leost\.vscode\extensions\ltex-plus.vscode-ltex-plus-15.7.1\lib\ltex-ls-plus-18.7.0\lib\spanish-pos-dict-2.5.jar;c:\Users\leost\.vscode\extensions\ltex-plus.vscode-ltex-plus-15.7.1\lib\ltex-ls-plus-18.7.0\lib\stax2-api-4.3.0.jar;c:\Users\leost\.vscode\extensions\ltex-plus.vscode-ltex-plus-15.7.1\lib\ltex-ls-plus-18.7.0\lib\txw2-4.0.5.jar;c:\Users\leost\.vscode\extensions\ltex-plus.vscode-ltex-plus-15.7.1\lib\ltex-ls-plus-18.7.0\lib\unit-api-1.0.jar;c:\Users\leost\.vscode\extensions\ltex-plus.vscode-ltex-plus-15.7.1\lib\ltex-ls-plus-18.7.0\lib\uom-lib-common-1.1.jar;c:\Users\leost\.vscode\extensions\ltex-plus.vscode-ltex-plus-15.7.1\lib\ltex-ls-plus-18.7.0\lib\vavr-0.10.2.jar;c:\Users\leost\.vscode\extensions\ltex-plus.vscode-ltex-plus-15.7.1\lib\ltex-ls-plus-18.7.0\lib\vavr-match-0.10.2.jar;c:\Users\leost\.vscode\extensions\ltex-plus.vscode-ltex-plus-15.7.1\lib\ltex-ls-plus-18.7.0\lib\woodstox-core-7.2.0.jar
Launcher Type: SUN_STANDARD

[Global flags]
     intx CICompilerCount                          = 12                                        {product} {ergonomic}
     uint ConcGCThreads                            = 3                                         {product} {ergonomic}
     uint G1ConcRefinementThreads                  = 13                                        {product} {ergonomic}
   size_t G1HeapRegionSize                         = 1048576                                   {product} {ergonomic}
    uintx GCDrainStackTargetSize                   = 64                                        {product} {ergonomic}
   size_t InitialHeapSize                          = 67108864                                  {product} {command line}
   size_t MarkStackSize                            = 4194304                                   {product} {ergonomic}
   size_t MaxHeapSize                              = 2147483648                                {product} {command line}
   size_t MaxNewSize                               = 1287651328                                {product} {ergonomic}
   size_t MinHeapDeltaBytes                        = 1048576                                   {product} {ergonomic}
   size_t MinHeapSize                              = 67108864                                  {product} {command line}
    uintx NonNMethodCodeHeapSize                   = 7602480                                {pd product} {ergonomic}
    uintx NonProfiledCodeHeapSize                  = 122027880                              {pd product} {ergonomic}
     bool PerfDisableSharedMem                     = true                                      {product} {ergonomic}
    uintx ProfiledCodeHeapSize                     = 122027880                              {pd product} {ergonomic}
    uintx ReservedCodeCacheSize                    = 251658240                              {pd product} {ergonomic}
     bool SegmentedCodeCache                       = true                                      {product} {ergonomic}
   size_t SoftMaxHeapSize                          = 2147483648                             {manageable} {ergonomic}
     bool UseCompressedOops                        = true                           {product lp64_product} {ergonomic}
     bool UseG1GC                                  = true                                      {product} {ergonomic}
     bool UseLargePagesIndividualAllocation        = false                                  {pd product} {ergonomic}

Logging:
Log output configuration:
 #0: stdout all=warning uptime,level,tags foldmultilines=false
 #1: stderr all=off uptime,level,tags foldmultilines=false

Release file:
JAVA_VERSION="21.0.10"
MODULES="java.base java.compiler java.datatransfer java.xml java.prefs java.desktop java.instrument java.logging java.management java.security.sasl java.naming java.rmi java.management.rmi java.net.http java.scripting java.security.jgss java.transaction.xa java.sql java.sql.rowset java.xml.crypto java.se java.smartcardio jdk.accessibility jdk.charsets jdk.crypto.ec jdk.crypto.cryptoki jdk.dynalink jdk.httpserver jdk.incubator.vector jdk.internal.vm.ci jdk.internal.vm.compiler jdk.internal.vm.compiler.management jdk.jdwp.agent jdk.jfr jdk.jsobject jdk.localedata jdk.management jdk.management.agent jdk.naming.dns jdk.naming.rmi jdk.net jdk.nio.mapmode jdk.sctp jdk.security.auth jdk.security.jgss jdk.unsupported jdk.xml.dom jdk.zipfs"

Environment Variables:
JAVA_HOME=c:\Users\leost\.vscode\extensions\ltex-plus.vscode-ltex-plus-15.7.1\lib\ltex-ls-plus-18.7.0\jdk-21.0.10+7
CLASSPATH="c:\Users\leost\.vscode\extensions\ltex-plus.vscode-ltex-plus-15.7.1\lib\ltex-ls-plus-18.7.0"\etc;"c:\Users\leost\.vscode\extensions\ltex-plus.vscode-ltex-plus-15.7.1\lib\ltex-ls-plus-18.7.0\lib"\*
JAVA_OPTS=-Xms64m -Xmx2048m
PATH=C:\Windows\system32;C:\Windows;C:\Windows\System32\Wbem;C:\Windows\System32\WindowsPowerShell\v1.0\;C:\Windows\System32\OpenSSH\;C:\Program Files (x86)\NVIDIA Corporation\PhysX\Common;C:\Program Files\NVIDIA Corporation\NVIDIA NvDLISR;C:\Windows\system32;C:\Windows;C:\Windows\System32\Wbem;C:\Windows\System32\WindowsPowerShell\v1.0\;C:\Windows\System32\OpenSSH\;C:\Program Files\dotnet\;D:\Git LFS;C:\xampp\php;C:\ProgramData\ComposerSetup\bin;cancel;C:\Program Files\nodejs;cancel;C:\Program Files\nodejs;C:\Program Files\PostgreSQL\15\bin;D:\Git\cmd;D:\Git LFS\Git LFS;C:\Program Files\GitHub CLI\;D:\MSYS2\ucrt64\bin;C:\Users\leost\AppData\Local\Programs\Python\Python312\Scripts\;C:\Users\leost\AppData\Local\Programs\Python\Python312\;C:\Users\leost\AppData\Local\Programs\Python\Launcher\;C:\Users\leost\.cargo\bin;C:\Users\leost\AppData\Local\Microsoft\WindowsApps;D:\Microsoft VS Code\bin;C:\Users\leost\AppData\Roaming\Composer\vendor\bin;C:\Users\leost\AppData\Local\Muse Hub\lib;C:\Users\leost\AppData\Local\nvm;C:\nvm4w\nodejs;D:\cursor\resources\app\bin;C:\Users\leost\.local\bin;C:\Users\leost\AppData\Local\Microsoft\WinGet\Packages\astral-sh.uv_Microsoft.Winget.Source_8wekyb3d8bbwe;C:\Users\leost\.dotnet\tools
USERNAME=leost
OS=Windows_NT
PROCESSOR_IDENTIFIER=AMD64 Family 25 Model 80 Stepping 0, AuthenticAMD
TMP=C:\Users\leost\AppData\Local\Temp
TEMP=C:\Users\leost\AppData\Local\Temp




Periodic native trim disabled

---------------  S Y S T E M  ---------------

OS:
 Windows 11 , 64 bit Build 22621 (10.0.22621.5415)
OS uptime: 1 days 2:24 hours
Hyper-V role detected

CPU: total 16 (initial active 16) (16 cores per cpu, 2 threads per core) family 25 model 80 stepping 0 microcode 0x0, cx8, cmov, fxsr, ht, mmx, 3dnowpref, sse, sse2, sse3, ssse3, sse4a, sse4.1, sse4.2, popcnt, lzcnt, tsc, tscinvbit, avx, avx2, aes, erms, clmul, bmi1, bmi2, adx, sha, fma, vzeroupper, clflush, clflushopt, hv, rdtscp, rdpid, fsrm, f16c, cet_ss
Processor Information for the first 16 processors :
  Max Mhz: 3201, Current Mhz: 3201, Mhz Limit: 3201

Memory: 4k page, system-wide physical 15775M (492M free)
TotalPageFile size 30352M (AvailPageFile size 3M)
current process WorkingSet (physical memory assigned to process): 188M, peak: 188M
current process commit charge ("private bytes"): 277M, peak: 280M

vm_info: OpenJDK 64-Bit Server VM (21.0.10+7-LTS) for windows-amd64 JRE (21.0.10+7-LTS), built on 2026-01-20T00:00:00Z by "admin" with MS VC++ 17.12 (VS2022)

END.
